    1CFEMAST
    1Ugenerated by FEMaster
    2C                            24                                     1
 -1         1-5.00000E+01-2.50000E+01-1.00000E+01
 -1         2 5.00000E+01-2.50000E+01-1.00000E+01
 -1         3-5.00000E+01 0.00000E+00-1.00000E+01
 -1         4 5.00000E+01 0.00000E+00-1.00000E+01
 -1         5-5.00000E+01 2.50000E+01-1.00000E+01
 -1         6 5.00000E+01 2.50000E+01-1.00000E+01
 -1         7-5.00000E+01-2.50000E+01 1.00000E+01
 -1         8 5.00000E+01-2.50000E+01 1.00000E+01
 -1         9-5.00000E+01 0.00000E+00 1.00000E+01
 -1        10 5.00000E+01 0.00000E+00 1.00000E+01
 -1        11-5.00000E+01 2.50000E+01 1.00000E+01
 -1        12 5.00000E+01 2.50000E+01 1.00000E+01
 -1        13 0.00000E+00-2.50000E+01-1.00000E+01
 -1        14 0.00000E+00-2.50000E+01-1.00000E+01
 -1        15 0.00000E+00 0.00000E+00-1.00000E+01
 -1        16 0.00000E+00 0.00000E+00-1.00000E+01
 -1        17 0.00000E+00-2.50000E+01 1.00000E+01
 -1        18 0.00000E+00-2.50000E+01 1.00000E+01
 -1        19 0.00000E+00 0.00000E+00 1.00000E+01
 -1        20 0.00000E+00 0.00000E+00 1.00000E+01
 -1        21 0.00000E+00 2.50000E+01-1.00000E+01
 -1        22 0.00000E+00 2.50000E+01-1.00000E+01
 -1        23 0.00000E+00 2.50000E+01 1.00000E+01
 -1        24 0.00000E+00 2.50000E+01 1.00000E+01
 -3
    3C                             4                                     1
 -1         1    1    0    0
 -2        14         2         4        16        18         8        10        20
 -1         2    1    0    0
 -2         1        13        15         3         7        17        19         9
 -1         3    1    0    0
 -2         3        15        21         5         9        19        23        11
 -1         4    1    0    0
 -2        16         4         6        22        20        10        12        24
 -3
    1PSTEP                         1           1           1
  100CL  101 1.00000E+00          24                     0    1           1
 -4  DISP        7    1
 -5  D1          1    2    1    0
 -5  D2          1    2    2    0
 -5  D3          1    2    3    0
 -5  D4          1    1    4    0
 -5  D5          1    1    5    0
 -5  D6          1    1    6    0
 -5  ALL         1    2    0    0    1ALL
 -1         1 5.58975E-30-1.12317E-30-1.10870E-30 0.00000E+00 0.00000E+00 0.00000E+00
 -2           5.80827E-30
 -1         2 1.00000E+00 2.48240E-15 1.17347E-15 0.00000E+00 0.00000E+00 0.00000E+00
 -2           1.00000E+00
 -1         3 1.29906E-30 5.54834E-30-1.86424E-30 0.00000E+00 0.00000E+00 0.00000E+00
 -2           5.99559E-30
 -1         4 1.00000E+00 2.44179E-15-4.23385E-16 0.00000E+00 0.00000E+00 0.00000E+00
 -2           1.00000E+00
 -1         5-9.16910E-30 1.76061E-30 2.44654E-30 0.00000E+00 0.00000E+00 0.00000E+00
 -2           9.65182E-30
 -1         6 1.00000E+00 2.40867E-15-2.61565E-15 0.00000E+00 0.00000E+00 0.00000E+00
 -2           1.00000E+00
 -1         7-3.71515E-30-2.07089E-30-3.48476E-30 0.00000E+00 0.00000E+00 0.00000E+00
 -2           5.49859E-30
 -1         8 1.00000E+00 4.08734E-15 1.15337E-15 0.00000E+00 0.00000E+00 0.00000E+00
 -2           1.00000E+00
 -1         9 1.75318E-15-2.06687E-30-2.34121E-30 0.00000E+00 0.00000E+00 0.00000E+00
 -2           1.75318E-15
 -1        10 1.00000E+00 3.96637E-15-5.00070E-16 0.00000E+00 0.00000E+00 0.00000E+00
 -2           1.00000E+00
 -1        11 2.80145E-30-3.81983E-30 4.91905E-30 0.00000E+00 0.00000E+00 0.00000E+00
 -2           6.82907E-30
 -1        12 1.00000E+00 4.05238E-15-2.58688E-15 0.00000E+00 0.00000E+00 0.00000E+00
 -2           1.00000E+00
 -1        13 1.28539E-15 1.25640E-15-8.58852E-16 0.00000E+00 0.00000E+00 0.00000E+00
 -2           1.99208E-15
 -1        14 1.00000E+00 1.16529E-15 5.62377E-16 0.00000E+00 0.00000E+00 0.00000E+00
 -2           1.00000E+00
 -1        15 4.74335E-16 1.13816E-15-1.30751E-15 0.00000E+00 0.00000E+00 0.00000E+00
 -2           1.79722E-15
 -1        16 1.00000E+00 1.14536E-15-1.25156E-15 0.00000E+00 0.00000E+00 0.00000E+00
 -2           1.00000E+00
 -1        17 1.69275E-15 1.89455E-15-1.20803E-15 0.00000E+00 0.00000E+00 0.00000E+00
 -2           2.81320E-15
 -1        18 1.00000E+00 1.84191E-15 5.38491E-16 0.00000E+00 0.00000E+00 0.00000E+00
 -2           1.00000E+00
 -1        19 4.84745E-16 1.79933E-15-1.15632E-15 0.00000E+00 0.00000E+00 0.00000E+00
 -2           2.19309E-15
 -1        20 1.00000E+00 2.07963E-15-1.39875E-15 0.00000E+00 0.00000E+00 0.00000E+00
 -2           1.00000E+00
 -1        21-7.94258E-16 1.37733E-15-2.20917E-15 0.00000E+00 0.00000E+00 0.00000E+00
 -2           2.72182E-15
 -1        22 1.00000E+00 1.03752E-15-2.13446E-15 0.00000E+00 0.00000E+00 0.00000E+00
 -2           1.00000E+00
 -1        23-4.51490E-17 2.12771E-15-2.14611E-15 0.00000E+00 0.00000E+00 0.00000E+00
 -2           3.02242E-15
 -1        24 1.00000E+00 1.94437E-15-2.14611E-15 0.00000E+00 0.00000E+00 0.00000E+00
 -2           1.00000E+00
 -3
    1PSTEP                         2           1           1
  100CL  101 1.00000E+00          24                     0    1           1
 -4  TOSTRAIN    6    1
 -5  EXX         1    4    1    1
 -5  EYY         1    4    2    2
 -5  EZZ         1    4    3    3
 -5  EYZ         1    4    2    3
 -5  EZX         1    4    3    1
 -5  EXY         1    4    1    2
 -1         1 2.57078E-17 2.66861E-31-1.18803E-31-7.76075E-32-1.71770E-17 2.51279E-17
 -1         2 3.46945E-18-1.62447E-18-1.00485E-18 1.63732E-17-1.38778E-17 0.00000E+00
 -1         3 9.48671E-18 5.76756E-32-2.38489E-32-3.09656E-31 6.15088E-17 2.27633E-17
 -1         4 1.38778E-17-1.47464E-18-3.83424E-18 4.46657E-19 0.00000E+00-7.85238E-18
 -1         5-1.58852E-17-1.51509E-31 1.23625E-31-1.06591E-31-4.41834E-17 2.75467E-17
 -1         6 0.00000E+00-1.32481E-18 1.43851E-18-5.50481E-18-1.38778E-17-1.42105E-17
 -1         7 3.38551E-17 1.60794E-34-1.18803E-31-1.64430E-33-2.41606E-17 1.08018E-16
 -1         8-6.93889E-18-4.83905E-18-1.00485E-18 1.41097E-17-1.16271E-17 2.77556E-17
 -1         9-2.53687E-17-3.49787E-32-2.38489E-32-2.12685E-31 6.45326E-17 3.59865E-17
 -1        10 0.00000E+00-6.99183E-19-3.83424E-18 1.42400E-18-2.95278E-18 1.19285E-17
 -1        11-9.02981E-19-7.01182E-32 1.23625E-31 1.13886E-32-4.29223E-17-2.75730E-17
 -1        12-3.46945E-18 3.44069E-18 1.43851E-18-1.28661E-18-8.81536E-18 1.44048E-17
 -1        13 2.57078E-17-4.72937E-18-1.74589E-17 1.39614E-17 3.19108E-18-7.31432E-18
 -1        14 3.46945E-18-7.97235E-19-1.19428E-18-3.87263E-17 6.93889E-18-2.08167E-17
 -1        15 9.48671E-18 2.41873E-18 7.55959E-18 6.05175E-18-2.56297E-17-1.88297E-17
 -1        16 1.38778E-17-2.55531E-18-7.35960E-18-7.22302E-18 2.77556E-17-4.51468E-18
 -1        17 3.38551E-17-3.80909E-18-1.74589E-17 3.39762E-17-3.79247E-18-1.04293E-17
 -1        18-6.93889E-18 9.50878E-18-1.19428E-18-4.36585E-17 1.22975E-17 1.38778E-17
 -1        19-2.53687E-17 4.66317E-18 7.55959E-18 1.42964E-17-2.26059E-17 1.22843E-18
 -1        20 0.00000E+00 2.04908E-18-7.35960E-18-6.97841E-18 2.64438E-17 6.95927E-18
 -1        21-1.58852E-17 9.56683E-18 3.15287E-18 1.45248E-18-6.72799E-18-2.31970E-17
 -1        22 0.00000E+00-4.31338E-18-5.82753E-19 1.00262E-17 0.00000E+00 1.39440E-17
 -1        23-9.02981E-19 1.31354E-17 3.15287E-18-2.07290E-18-5.46684E-18 2.13585E-17
 -1        24-3.46945E-18-5.41062E-18-5.82753E-19 1.54476E-17 8.22780E-18 2.35627E-17
 -3
    1PSTEP                         3           1           1
  100CL  101 1.00000E+00          24                     0    1           1
 -4  STRESS      6    1
 -5  SXX         1    4    1    1
 -5  SYY         1    4    2    2
 -5  SZZ         1    4    3    3
 -5  SYZ         1    4    2    3
 -5  SZX         1    4    3    1
 -5  SXY         1    4    1    2
 -1         1 7.26741E-12 3.11460E-12 3.11460E-12-6.26830E-27-1.38738E-12 2.02956E-12
 -1         2 6.62234E-13-1.60629E-13-6.05367E-14 1.32245E-12-1.12090E-12 0.00000E+00
 -1         3 2.68182E-12 1.14935E-12 1.14935E-12-2.50107E-26 4.96802E-12 1.83857E-12
 -1         4 3.27995E-12 7.99946E-13 4.18780E-13 3.60761E-14 0.00000E+00-6.34231E-13
 -1         5-4.49061E-12-1.92455E-12-1.92455E-12-8.60926E-27-3.56866E-12 2.22492E-12
 -1         6 1.37749E-14-2.00233E-13 2.46149E-13-4.44619E-13-1.12090E-12-1.14777E-12
 -1         7 9.57057E-12 4.10167E-12 4.10167E-12-1.32809E-28-1.95143E-12 8.72455E-12
 -1         8-2.66958E-12-2.33038E-12-1.71101E-12 1.13963E-12-9.39112E-13 2.24180E-12
 -1         9-7.17154E-12-3.07352E-12-3.07352E-12-1.71784E-26 5.21225E-12 2.90660E-12
 -1        10-5.49241E-13-6.62186E-13-1.16862E-12 1.15015E-13-2.38493E-13 9.63453E-13
 -1        11-2.55266E-13-1.09400E-13-1.09400E-13 9.19848E-28-3.46680E-12-2.22705E-12
 -1        12-3.89653E-13 7.26599E-13 4.03170E-13-1.03919E-13-7.12010E-13 1.16346E-12
 -1        13 4.57922E-12-3.37561E-13-2.39386E-12 1.12765E-12 2.57741E-13-5.90772E-13
 -1        14 7.39506E-13 5.02732E-14-1.38647E-14-3.12789E-12 5.60449E-13-1.68135E-12
 -1        15 3.89073E-12 2.74898E-12 3.57943E-12 4.88795E-13-2.07009E-12-1.52086E-12
 -1        16 2.72191E-12 6.73376E-14-7.08739E-13-5.83398E-13 2.24180E-12-3.64647E-13
 -1        17 6.99388E-12 9.09666E-13-1.29530E-12 2.74423E-12-3.06315E-13-8.42369E-13
 -1        18-9.54238E-13 1.70269E-12-2.62622E-14-3.52627E-12 9.93263E-13 1.12090E-12
 -1        19-5.69070E-12-8.39400E-13-3.71516E-13 1.15471E-12-1.82586E-12 9.92197E-14
 -1        20-6.43390E-13-3.12385E-13-1.83225E-12-5.63641E-13 2.13584E-12 5.62095E-13
 -1        21-2.94957E-12 1.16191E-12 1.25803E-13 1.17316E-13-5.43415E-13-1.87361E-12
 -1        22-5.93186E-13-1.28996E-12-6.87323E-13 8.09806E-13 0.00000E+00 1.12625E-12
 -1        23 1.71812E-12 3.98587E-12 2.37330E-12-1.67427E-13-4.41553E-13 1.72511E-12
 -1        24-1.70691E-12-2.02048E-12-1.24059E-12 1.24769E-12 6.64553E-13 1.90314E-12
 -3
    1PSTEP                         4           1           1
  100CL  101 1.00000E+00          24                     0    1           1
 -4  STRPOS      6    1
 -5  SXX         1    4    1    1
 -5  SYY         1    4    2    2
 -5  SZZ         1    4    3    3
 -5  SYZ         1    4    2    3
 -5  SZX         1    4    3    1
 -5  SXY         1    4    1    2
 -1         1 7.26741E-12 3.11460E-12 3.11460E-12-6.26830E-27-1.38738E-12 2.02956E-12
 -1         2 6.62234E-13-1.60629E-13-6.05367E-14 1.32245E-12-1.12090E-12 0.00000E+00
 -1         3 2.68182E-12 1.14935E-12 1.14935E-12-2.50107E-26 4.96802E-12 1.83857E-12
 -1         4 3.27995E-12 7.99946E-13 4.18780E-13 3.60761E-14 0.00000E+00-6.34231E-13
 -1         5-4.49061E-12-1.92455E-12-1.92455E-12-8.60926E-27-3.56866E-12 2.22492E-12
 -1         6 1.37749E-14-2.00233E-13 2.46149E-13-4.44619E-13-1.12090E-12-1.14777E-12
 -1         7 9.57057E-12 4.10167E-12 4.10167E-12-1.32809E-28-1.95143E-12 8.72455E-12
 -1         8-2.66958E-12-2.33038E-12-1.71101E-12 1.13963E-12-9.39112E-13 2.24180E-12
 -1         9-7.17154E-12-3.07352E-12-3.07352E-12-1.71784E-26 5.21225E-12 2.90660E-12
 -1        10-5.49241E-13-6.62186E-13-1.16862E-12 1.15015E-13-2.38493E-13 9.63453E-13
 -1        11-2.55266E-13-1.09400E-13-1.09400E-13 9.19848E-28-3.46680E-12-2.22705E-12
 -1        12-3.89653E-13 7.26599E-13 4.03170E-13-1.03919E-13-7.12010E-13 1.16346E-12
 -1        13 4.57922E-12-3.37561E-13-2.39386E-12 1.12765E-12 2.57741E-13-5.90772E-13
 -1        14 7.39506E-13 5.02732E-14-1.38647E-14-3.12789E-12 5.60449E-13-1.68135E-12
 -1        15 3.89073E-12 2.74898E-12 3.57943E-12 4.88795E-13-2.07009E-12-1.52086E-12
 -1        16 2.72191E-12 6.73376E-14-7.08739E-13-5.83398E-13 2.24180E-12-3.64647E-13
 -1        17 6.99388E-12 9.09666E-13-1.29530E-12 2.74423E-12-3.06315E-13-8.42369E-13
 -1        18-9.54238E-13 1.70269E-12-2.62622E-14-3.52627E-12 9.93263E-13 1.12090E-12
 -1        19-5.69070E-12-8.39400E-13-3.71516E-13 1.15471E-12-1.82586E-12 9.92197E-14
 -1        20-6.43390E-13-3.12385E-13-1.83225E-12-5.63641E-13 2.13584E-12 5.62095E-13
 -1        21-2.94957E-12 1.16191E-12 1.25803E-13 1.17316E-13-5.43415E-13-1.87361E-12
 -1        22-5.93186E-13-1.28996E-12-6.87323E-13 8.09806E-13 0.00000E+00 1.12625E-12
 -1        23 1.71812E-12 3.98587E-12 2.37330E-12-1.67427E-13-4.41553E-13 1.72511E-12
 -1        24-1.70691E-12-2.02048E-12-1.24059E-12 1.24769E-12 6.64553E-13 1.90314E-12
 -3
    1PSTEP                         5           1           1
  100CL  101 1.00000E+00          24                     0    1           1
 -4  STRNEG      6    1
 -5  SXX         1    4    1    1
 -5  SYY         1    4    2    2
 -5  SZZ         1    4    3    3
 -5  SYZ         1    4    2    3
 -5  SZX         1    4    3    1
 -5  SXY         1    4    1    2
 -1         1 7.26741E-12 3.11460E-12 3.11460E-12-6.26830E-27-1.38738E-12 2.02956E-12
 -1         2 6.62234E-13-1.60629E-13-6.05367E-14 1.32245E-12-1.12090E-12 0.00000E+00
 -1         3 2.68182E-12 1.14935E-12 1.14935E-12-2.50107E-26 4.96802E-12 1.83857E-12
 -1         4 3.27995E-12 7.99946E-13 4.18780E-13 3.60761E-14 0.00000E+00-6.34231E-13
 -1         5-4.49061E-12-1.92455E-12-1.92455E-12-8.60926E-27-3.56866E-12 2.22492E-12
 -1         6 1.37749E-14-2.00233E-13 2.46149E-13-4.44619E-13-1.12090E-12-1.14777E-12
 -1         7 9.57057E-12 4.10167E-12 4.10167E-12-1.32809E-28-1.95143E-12 8.72455E-12
 -1         8-2.66958E-12-2.33038E-12-1.71101E-12 1.13963E-12-9.39112E-13 2.24180E-12
 -1         9-7.17154E-12-3.07352E-12-3.07352E-12-1.71784E-26 5.21225E-12 2.90660E-12
 -1        10-5.49241E-13-6.62186E-13-1.16862E-12 1.15015E-13-2.38493E-13 9.63453E-13
 -1        11-2.55266E-13-1.09400E-13-1.09400E-13 9.19848E-28-3.46680E-12-2.22705E-12
 -1        12-3.89653E-13 7.26599E-13 4.03170E-13-1.03919E-13-7.12010E-13 1.16346E-12
 -1        13 4.57922E-12-3.37561E-13-2.39386E-12 1.12765E-12 2.57741E-13-5.90772E-13
 -1        14 7.39506E-13 5.02732E-14-1.38647E-14-3.12789E-12 5.60449E-13-1.68135E-12
 -1        15 3.89073E-12 2.74898E-12 3.57943E-12 4.88795E-13-2.07009E-12-1.52086E-12
 -1        16 2.72191E-12 6.73376E-14-7.08739E-13-5.83398E-13 2.24180E-12-3.64647E-13
 -1        17 6.99388E-12 9.09666E-13-1.29530E-12 2.74423E-12-3.06315E-13-8.42369E-13
 -1        18-9.54238E-13 1.70269E-12-2.62622E-14-3.52627E-12 9.93263E-13 1.12090E-12
 -1        19-5.69070E-12-8.39400E-13-3.71516E-13 1.15471E-12-1.82586E-12 9.92197E-14
 -1        20-6.43390E-13-3.12385E-13-1.83225E-12-5.63641E-13 2.13584E-12 5.62095E-13
 -1        21-2.94957E-12 1.16191E-12 1.25803E-13 1.17316E-13-5.43415E-13-1.87361E-12
 -1        22-5.93186E-13-1.28996E-12-6.87323E-13 8.09806E-13 0.00000E+00 1.12625E-12
 -1        23 1.71812E-12 3.98587E-12 2.37330E-12-1.67427E-13-4.41553E-13 1.72511E-12
 -1        24-1.70691E-12-2.02048E-12-1.24059E-12 1.24769E-12 6.64553E-13 1.90314E-12
 -3
    1PSTEP                         6           1           1
  100CL  101 1.00000E+00          24                     0    1           1
 -4  SHR         8    1
 -5  NXX         1    2    1    0
 -5  NYY         1    2    2    0
 -5  NXY         1    2    3    0
 -5  MXX         1    2    4    0
 -5  MYY         1    2    5    0
 -5  MXY         1    2    6    0
 -5  QX          1    2    7    0
 -5  QY          1    2    8    0
 -1         1 0.00000E+00 0.00000E+00 0.00000E+00 0.00000E+00 0.00000E+00 0.00000E+00
 -2           0.00000E+00 0.00000E+00
 -1         2 0.00000E+00 0.00000E+00 0.00000E+00 0.00000E+00 0.00000E+00 0.00000E+00
 -2           0.00000E+00 0.00000E+00
 -1         3 0.00000E+00 0.00000E+00 0.00000E+00 0.00000E+00 0.00000E+00 0.00000E+00
 -2           0.00000E+00 0.00000E+00
 -1         4 0.00000E+00 0.00000E+00 0.00000E+00 0.00000E+00 0.00000E+00 0.00000E+00
 -2           0.00000E+00 0.00000E+00
 -1         5 0.00000E+00 0.00000E+00 0.00000E+00 0.00000E+00 0.00000E+00 0.00000E+00
 -2           0.00000E+00 0.00000E+00
 -1         6 0.00000E+00 0.00000E+00 0.00000E+00 0.00000E+00 0.00000E+00 0.00000E+00
 -2           0.00000E+00 0.00000E+00
 -1         7 0.00000E+00 0.00000E+00 0.00000E+00 0.00000E+00 0.00000E+00 0.00000E+00
 -2           0.00000E+00 0.00000E+00
 -1         8 0.00000E+00 0.00000E+00 0.00000E+00 0.00000E+00 0.00000E+00 0.00000E+00
 -2           0.00000E+00 0.00000E+00
 -1         9 0.00000E+00 0.00000E+00 0.00000E+00 0.00000E+00 0.00000E+00 0.00000E+00
 -2           0.00000E+00 0.00000E+00
 -1        10 0.00000E+00 0.00000E+00 0.00000E+00 0.00000E+00 0.00000E+00 0.00000E+00
 -2           0.00000E+00 0.00000E+00
 -1        11 0.00000E+00 0.00000E+00 0.00000E+00 0.00000E+00 0.00000E+00 0.00000E+00
 -2           0.00000E+00 0.00000E+00
 -1        12 0.00000E+00 0.00000E+00 0.00000E+00 0.00000E+00 0.00000E+00 0.00000E+00
 -2           0.00000E+00 0.00000E+00
 -1        13 0.00000E+00 0.00000E+00 0.00000E+00 0.00000E+00 0.00000E+00 0.00000E+00
 -2           0.00000E+00 0.00000E+00
 -1        14 0.00000E+00 0.00000E+00 0.00000E+00 0.00000E+00 0.00000E+00 0.00000E+00
 -2           0.00000E+00 0.00000E+00
 -1        15 0.00000E+00 0.00000E+00 0.00000E+00 0.00000E+00 0.00000E+00 0.00000E+00
 -2           0.00000E+00 0.00000E+00
 -1        16 0.00000E+00 0.00000E+00 0.00000E+00 0.00000E+00 0.00000E+00 0.00000E+00
 -2           0.00000E+00 0.00000E+00
 -1        17 0.00000E+00 0.00000E+00 0.00000E+00 0.00000E+00 0.00000E+00 0.00000E+00
 -2           0.00000E+00 0.00000E+00
 -1        18 0.00000E+00 0.00000E+00 0.00000E+00 0.00000E+00 0.00000E+00 0.00000E+00
 -2           0.00000E+00 0.00000E+00
 -1        19 0.00000E+00 0.00000E+00 0.00000E+00 0.00000E+00 0.00000E+00 0.00000E+00
 -2           0.00000E+00 0.00000E+00
 -1        20 0.00000E+00 0.00000E+00 0.00000E+00 0.00000E+00 0.00000E+00 0.00000E+00
 -2           0.00000E+00 0.00000E+00
 -1        21 0.00000E+00 0.00000E+00 0.00000E+00 0.00000E+00 0.00000E+00 0.00000E+00
 -2           0.00000E+00 0.00000E+00
 -1        22 0.00000E+00 0.00000E+00 0.00000E+00 0.00000E+00 0.00000E+00 0.00000E+00
 -2           0.00000E+00 0.00000E+00
 -1        23 0.00000E+00 0.00000E+00 0.00000E+00 0.00000E+00 0.00000E+00 0.00000E+00
 -2           0.00000E+00 0.00000E+00
 -1        24 0.00000E+00 0.00000E+00 0.00000E+00 0.00000E+00 0.00000E+00 0.00000E+00
 -2           0.00000E+00 0.00000E+00
 -3
    1PSTEP                         7           1           1
  100CL  101 1.00000E+00          24                     0    1           1
 -4  EXTFORC     7    1
 -5  F1          1    2    1    0
 -5  F2          1    2    2    0
 -5  F3          1    2    3    0
 -5  F4          1    1    4    0
 -5  F5          1    1    5    0
 -5  F6          1    1    6    0
 -5  ALL         1    2    0    0    1ALL
 -1         1 0.00000E+00 0.00000E+00 0.00000E+00 0.00000E+00 0.00000E+00 0.00000E+00
 -2           0.00000E+00
 -1         2 0.00000E+00 0.00000E+00 0.00000E+00 0.00000E+00 0.00000E+00 0.00000E+00
 -2           0.00000E+00
 -1         3 0.00000E+00 0.00000E+00 0.00000E+00 0.00000E+00 0.00000E+00 0.00000E+00
 -2           0.00000E+00
 -1         4 0.00000E+00 0.00000E+00 0.00000E+00 0.00000E+00 0.00000E+00 0.00000E+00
 -2           0.00000E+00
 -1         5 0.00000E+00 0.00000E+00 0.00000E+00 0.00000E+00 0.00000E+00 0.00000E+00
 -2           0.00000E+00
 -1         6 0.00000E+00 0.00000E+00 0.00000E+00 0.00000E+00 0.00000E+00 0.00000E+00
 -2           0.00000E+00
 -1         7 0.00000E+00 0.00000E+00 0.00000E+00 0.00000E+00 0.00000E+00 0.00000E+00
 -2           0.00000E+00
 -1         8 0.00000E+00 0.00000E+00 0.00000E+00 0.00000E+00 0.00000E+00 0.00000E+00
 -2           0.00000E+00
 -1         9 0.00000E+00 0.00000E+00 0.00000E+00 0.00000E+00 0.00000E+00 0.00000E+00
 -2           0.00000E+00
 -1        10 0.00000E+00 0.00000E+00 0.00000E+00 0.00000E+00 0.00000E+00 0.00000E+00
 -2           0.00000E+00
 -1        11 0.00000E+00 0.00000E+00 0.00000E+00 0.00000E+00 0.00000E+00 0.00000E+00
 -2           0.00000E+00
 -1        12 0.00000E+00 0.00000E+00 0.00000E+00 0.00000E+00 0.00000E+00 0.00000E+00
 -2           0.00000E+00
 -1        13 0.00000E+00 0.00000E+00 0.00000E+00 0.00000E+00 0.00000E+00 0.00000E+00
 -2           0.00000E+00
 -1        14 0.00000E+00 0.00000E+00 0.00000E+00 0.00000E+00 0.00000E+00 0.00000E+00
 -2           0.00000E+00
 -1        15 0.00000E+00 0.00000E+00 0.00000E+00 0.00000E+00 0.00000E+00 0.00000E+00
 -2           0.00000E+00
 -1        16 0.00000E+00 0.00000E+00 0.00000E+00 0.00000E+00 0.00000E+00 0.00000E+00
 -2           0.00000E+00
 -1        17 0.00000E+00 0.00000E+00 0.00000E+00 0.00000E+00 0.00000E+00 0.00000E+00
 -2           0.00000E+00
 -1        18 0.00000E+00 0.00000E+00 0.00000E+00 0.00000E+00 0.00000E+00 0.00000E+00
 -2           0.00000E+00
 -1        19 0.00000E+00 0.00000E+00 0.00000E+00 0.00000E+00 0.00000E+00 0.00000E+00
 -2           0.00000E+00
 -1        20 0.00000E+00 0.00000E+00 0.00000E+00 0.00000E+00 0.00000E+00 0.00000E+00
 -2           0.00000E+00
 -1        21 0.00000E+00 0.00000E+00 0.00000E+00 0.00000E+00 0.00000E+00 0.00000E+00
 -2           0.00000E+00
 -1        22 0.00000E+00 0.00000E+00 0.00000E+00 0.00000E+00 0.00000E+00 0.00000E+00
 -2           0.00000E+00
 -1        23 0.00000E+00 0.00000E+00 0.00000E+00 0.00000E+00 0.00000E+00 0.00000E+00
 -2           0.00000E+00
 -1        24 0.00000E+00 0.00000E+00 0.00000E+00 0.00000E+00 0.00000E+00 0.00000E+00
 -2           0.00000E+00
 -3
    1PSTEP                         8           1           1
  100CL  101 1.00000E+00          24                     0    1           1
 -4  PTFORC      4    1
 -5  F1          1    2    1    0
 -5  F2          1    2    2    0
 -5  F3          1    2    3    0
 -5  ALL         1    2    0    0    1ALL
 -1         1 0.00000E+00 0.00000E+00 0.00000E+00 0.00000E+00
 -1         2 0.00000E+00 0.00000E+00 0.00000E+00 0.00000E+00
 -1         3 0.00000E+00 0.00000E+00 0.00000E+00 0.00000E+00
 -1         4 0.00000E+00 0.00000E+00 0.00000E+00 0.00000E+00
 -1         5 0.00000E+00 0.00000E+00 0.00000E+00 0.00000E+00
 -1         6 0.00000E+00 0.00000E+00 0.00000E+00 0.00000E+00
 -1         7 0.00000E+00 0.00000E+00 0.00000E+00 0.00000E+00
 -1         8 0.00000E+00 0.00000E+00 0.00000E+00 0.00000E+00
 -1         9 0.00000E+00 0.00000E+00 0.00000E+00 0.00000E+00
 -1        10 0.00000E+00 0.00000E+00 0.00000E+00 0.00000E+00
 -1        11 0.00000E+00 0.00000E+00 0.00000E+00 0.00000E+00
 -1        12 0.00000E+00 0.00000E+00 0.00000E+00 0.00000E+00
 -1        13 0.00000E+00 0.00000E+00 0.00000E+00 0.00000E+00
 -1        14 0.00000E+00 0.00000E+00 0.00000E+00 0.00000E+00
 -1        15 0.00000E+00 0.00000E+00 0.00000E+00 0.00000E+00
 -1        16 0.00000E+00 0.00000E+00 0.00000E+00 0.00000E+00
 -1        17 0.00000E+00 0.00000E+00 0.00000E+00 0.00000E+00
 -1        18 0.00000E+00 0.00000E+00 0.00000E+00 0.00000E+00
 -1        19 0.00000E+00 0.00000E+00 0.00000E+00 0.00000E+00
 -1        20 0.00000E+00 0.00000E+00 0.00000E+00 0.00000E+00
 -1        21 0.00000E+00 0.00000E+00 0.00000E+00 0.00000E+00
 -1        22 0.00000E+00 0.00000E+00 0.00000E+00 0.00000E+00
 -1        23 0.00000E+00 0.00000E+00 0.00000E+00 0.00000E+00
 -1        24 0.00000E+00 0.00000E+00 0.00000E+00 0.00000E+00
 -3
    1PSTEP                         9           1           1
  100CL  101 1.00000E+00          24                     0    1           1
 -4  PTGAP       1    1
 -5  GAP         1    1    1    0
 -1         1 0.00000E+00
 -1         2 0.00000E+00
 -1         3 0.00000E+00
 -1         4 0.00000E+00
 -1         5 0.00000E+00
 -1         6 0.00000E+00
 -1         7 0.00000E+00
 -1         8 0.00000E+00
 -1         9 0.00000E+00
 -1        10 0.00000E+00
 -1        11 0.00000E+00
 -1        12 0.00000E+00
 -1        13 1.00000E+00
 -1        14 0.00000E+00
 -1        15 1.00000E+00
 -1        16 0.00000E+00
 -1        17 1.00000E+00
 -1        18 0.00000E+00
 -1        19 1.00000E+00
 -1        20 0.00000E+00
 -1        21 1.00000E+00
 -1        22 0.00000E+00
 -1        23 1.00000E+00
 -1        24 0.00000E+00
 -3
    1PSTEP                        10           1           1
  100CL  101 1.00000E+00          24                     0    1           1
 -4  FORC        7    1
 -5  F1          1    2    1    0
 -5  F2          1    2    2    0
 -5  F3          1    2    3    0
 -5  F4          1    1    4    0
 -5  F5          1    1    5    0
 -5  F6          1    1    6    0
 -5  ALL         1    2    0    0    1ALL
 -1         1-1.22590E-09-6.65617E-10-4.72837E-10 0.00000E+00 0.00000E+00 0.00000E+00
 -2           1.47290E-09
 -1         2 0.00000E+00 0.00000E+00 0.00000E+00 0.00000E+00 0.00000E+00 0.00000E+00
 -2           0.00000E+00
 -1         3-3.40821E-10-2.23983E-10-9.83554E-11 0.00000E+00 0.00000E+00 0.00000E+00
 -2           4.19525E-10
 -1         4 0.00000E+00 0.00000E+00 0.00000E+00 0.00000E+00 0.00000E+00 0.00000E+00
 -2           0.00000E+00
 -1         5 4.15184E-10 1.39290E-10 1.24331E-10 0.00000E+00 0.00000E+00 0.00000E+00
 -2           4.55234E-10
 -1         6 0.00000E+00 0.00000E+00 0.00000E+00 0.00000E+00 0.00000E+00 0.00000E+00
 -2           0.00000E+00
 -1         7-1.41726E-09-2.62999E-10 1.52656E-10 0.00000E+00 0.00000E+00 0.00000E+00
 -2           1.44951E-09
 -1         8 0.00000E+00 0.00000E+00 0.00000E+00 0.00000E+00 0.00000E+00 0.00000E+00
 -2           0.00000E+00
 -1         9 2.15475E-09-3.18071E-11 1.76925E-10 0.00000E+00 0.00000E+00 0.00000E+00
 -2           2.16223E-09
 -1        10 0.00000E+00 0.00000E+00 0.00000E+00 0.00000E+00 0.00000E+00 0.00000E+00
 -2           0.00000E+00
 -1        11-2.01853E-10 5.65287E-11 4.47301E-11 0.00000E+00 0.00000E+00 0.00000E+00
 -2           2.14338E-10
 -1        12 0.00000E+00 0.00000E+00 0.00000E+00 0.00000E+00 0.00000E+00 0.00000E+00
 -2           0.00000E+00
 -1        13 0.00000E+00 0.00000E+00 0.00000E+00 0.00000E+00 0.00000E+00 0.00000E+00
 -2           0.00000E+00
 -1        14 0.00000E+00 0.00000E+00 0.00000E+00 0.00000E+00 0.00000E+00 0.00000E+00
 -2           0.00000E+00
 -1        15 0.00000E+00 0.00000E+00 0.00000E+00 0.00000E+00 0.00000E+00 0.00000E+00
 -2           0.00000E+00
 -1        16 0.00000E+00 0.00000E+00 0.00000E+00 0.00000E+00 0.00000E+00 0.00000E+00
 -2           0.00000E+00
 -1        17 0.00000E+00 0.00000E+00 0.00000E+00 0.00000E+00 0.00000E+00 0.00000E+00
 -2           0.00000E+00
 -1        18 0.00000E+00 0.00000E+00 0.00000E+00 0.00000E+00 0.00000E+00 0.00000E+00
 -2           0.00000E+00
 -1        19 0.00000E+00 0.00000E+00 0.00000E+00 0.00000E+00 0.00000E+00 0.00000E+00
 -2           0.00000E+00
 -1        20 0.00000E+00 0.00000E+00 0.00000E+00 0.00000E+00 0.00000E+00 0.00000E+00
 -2           0.00000E+00
 -1        21 0.00000E+00 0.00000E+00 0.00000E+00 0.00000E+00 0.00000E+00 0.00000E+00
 -2           0.00000E+00
 -1        22 0.00000E+00 0.00000E+00 0.00000E+00 0.00000E+00 0.00000E+00 0.00000E+00
 -2           0.00000E+00
 -1        23 0.00000E+00 0.00000E+00 0.00000E+00 0.00000E+00 0.00000E+00 0.00000E+00
 -2           0.00000E+00
 -1        24 0.00000E+00 0.00000E+00 0.00000E+00 0.00000E+00 0.00000E+00 0.00000E+00
 -2           0.00000E+00
 -3
    1PSTEP                        11           1           2
  100CL  102 1.00000E+00          24                     0    2           1
 -4  DISP        7    1
 -5  D1          1    2    1    0
 -5  D2          1    2    2    0
 -5  D3          1    2    3    0
 -5  D4          1    1    4    0
 -5  D5          1    1    5    0
 -5  D6          1    1    6    0
 -5  ALL         1    2    0    0    1ALL
 -1         1 5.58975E-30-1.12317E-30-1.10870E-30 0.00000E+00 0.00000E+00 0.00000E+00
 -2           5.80827E-30
 -1         2 1.00000E+00 2.48240E-15 1.17347E-15 0.00000E+00 0.00000E+00 0.00000E+00
 -2           1.00000E+00
 -1         3 1.29906E-30 5.54834E-30-1.86424E-30 0.00000E+00 0.00000E+00 0.00000E+00
 -2           5.99559E-30
 -1         4 1.00000E+00 2.44179E-15-4.23385E-16 0.00000E+00 0.00000E+00 0.00000E+00
 -2           1.00000E+00
 -1         5-9.16910E-30 1.76061E-30 2.44654E-30 0.00000E+00 0.00000E+00 0.00000E+00
 -2           9.65182E-30
 -1         6 1.00000E+00 2.40867E-15-2.61565E-15 0.00000E+00 0.00000E+00 0.00000E+00
 -2           1.00000E+00
 -1         7-3.71515E-30-2.07089E-30-3.48476E-30 0.00000E+00 0.00000E+00 0.00000E+00
 -2           5.49859E-30
 -1         8 1.00000E+00 4.08734E-15 1.15337E-15 0.00000E+00 0.00000E+00 0.00000E+00
 -2           1.00000E+00
 -1         9 1.75318E-15-2.06687E-30-2.34121E-30 0.00000E+00 0.00000E+00 0.00000E+00
 -2           1.75318E-15
 -1        10 1.00000E+00 3.96637E-15-5.00070E-16 0.00000E+00 0.00000E+00 0.00000E+00
 -2           1.00000E+00
 -1        11 2.80145E-30-3.81983E-30 4.91905E-30 0.00000E+00 0.00000E+00 0.00000E+00
 -2           6.82907E-30
 -1        12 1.00000E+00 4.05238E-15-2.58688E-15 0.00000E+00 0.00000E+00 0.00000E+00
 -2           1.00000E+00
 -1        13 1.28539E-15 1.25640E-15-8.58852E-16 0.00000E+00 0.00000E+00 0.00000E+00
 -2           1.99208E-15
 -1        14 1.00000E+00 1.16529E-15 5.62377E-16 0.00000E+00 0.00000E+00 0.00000E+00
 -2           1.00000E+00
 -1        15 4.74335E-16 1.13816E-15-1.30751E-15 0.00000E+00 0.00000E+00 0.00000E+00
 -2           1.79722E-15
 -1        16 1.00000E+00 1.14536E-15-1.25156E-15 0.00000E+00 0.00000E+00 0.00000E+00
 -2           1.00000E+00
 -1        17 1.69275E-15 1.89455E-15-1.20803E-15 0.00000E+00 0.00000E+00 0.00000E+00
 -2           2.81320E-15
 -1        18 1.00000E+00 1.84191E-15 5.38491E-16 0.00000E+00 0.00000E+00 0.00000E+00
 -2           1.00000E+00
 -1        19 4.84745E-16 1.79933E-15-1.15632E-15 0.00000E+00 0.00000E+00 0.00000E+00
 -2           2.19309E-15
 -1        20 1.00000E+00 2.07963E-15-1.39875E-15 0.00000E+00 0.00000E+00 0.00000E+00
 -2           1.00000E+00
 -1        21-7.94258E-16 1.37733E-15-2.20917E-15 0.00000E+00 0.00000E+00 0.00000E+00
 -2           2.72182E-15
 -1        22 1.00000E+00 1.03752E-15-2.13446E-15 0.00000E+00 0.00000E+00 0.00000E+00
 -2           1.00000E+00
 -1        23-4.51490E-17 2.12771E-15-2.14611E-15 0.00000E+00 0.00000E+00 0.00000E+00
 -2           3.02242E-15
 -1        24 1.00000E+00 1.94437E-15-2.14611E-15 0.00000E+00 0.00000E+00 0.00000E+00
 -2           1.00000E+00
 -3
    1PSTEP                        12           1           2
  100CL  102 1.00000E+00          24                     0    2           1
 -4  TOSTRAIN    6    1
 -5  EXX         1    4    1    1
 -5  EYY         1    4    2    2
 -5  EZZ         1    4    3    3
 -5  EYZ         1    4    2    3
 -5  EZX         1    4    3    1
 -5  EXY         1    4    1    2
 -1         1 2.57078E-17 2.66861E-31-1.18803E-31-7.76075E-32-1.71770E-17 2.51279E-17
 -1         2 3.46945E-18-1.62447E-18-1.00485E-18 1.63732E-17-1.38778E-17 0.00000E+00
 -1         3 9.48671E-18 5.76756E-32-2.38489E-32-3.09656E-31 6.15088E-17 2.27633E-17
 -1         4 1.38778E-17-1.47464E-18-3.83424E-18 4.46657E-19 0.00000E+00-7.85238E-18
 -1         5-1.58852E-17-1.51509E-31 1.23625E-31-1.06591E-31-4.41834E-17 2.75467E-17
 -1         6 0.00000E+00-1.32481E-18 1.43851E-18-5.50481E-18-1.38778E-17-1.42105E-17
 -1         7 3.38551E-17 1.60794E-34-1.18803E-31-1.64430E-33-2.41606E-17 1.08018E-16
 -1         8-6.93889E-18-4.83905E-18-1.00485E-18 1.41097E-17-1.16271E-17 2.77556E-17
 -1         9-2.53687E-17-3.49787E-32-2.38489E-32-2.12685E-31 6.45326E-17 3.59865E-17
 -1        10 0.00000E+00-6.99183E-19-3.83424E-18 1.42400E-18-2.95278E-18 1.19285E-17
 -1        11-9.02981E-19-7.01182E-32 1.23625E-31 1.13886E-32-4.29223E-17-2.75730E-17
 -1        12-3.46945E-18 3.44069E-18 1.43851E-18-1.28661E-18-8.81536E-18 1.44048E-17
 -1        13 2.57078E-17-4.72937E-18-1.74589E-17 1.39614E-17 3.19108E-18-7.31432E-18
 -1        14 3.46945E-18-7.97235E-19-1.19428E-18-3.87263E-17 6.93889E-18-2.08167E-17
 -1        15 9.48671E-18 2.41873E-18 7.55959E-18 6.05175E-18-2.56297E-17-1.88297E-17
 -1        16 1.38778E-17-2.55531E-18-7.35960E-18-7.22302E-18 2.77556E-17-4.51468E-18
 -1        17 3.38551E-17-3.80909E-18-1.74589E-17 3.39762E-17-3.79247E-18-1.04293E-17
 -1        18-6.93889E-18 9.50878E-18-1.19428E-18-4.36585E-17 1.22975E-17 1.38778E-17
 -1        19-2.53687E-17 4.66317E-18 7.55959E-18 1.42964E-17-2.26059E-17 1.22843E-18
 -1        20 0.00000E+00 2.04908E-18-7.35960E-18-6.97841E-18 2.64438E-17 6.95927E-18
 -1        21-1.58852E-17 9.56683E-18 3.15287E-18 1.45248E-18-6.72799E-18-2.31970E-17
 -1        22 0.00000E+00-4.31338E-18-5.82753E-19 1.00262E-17 0.00000E+00 1.39440E-17
 -1        23-9.02981E-19 1.31354E-17 3.15287E-18-2.07290E-18-5.46684E-18 2.13585E-17
 -1        24-3.46945E-18-5.41062E-18-5.82753E-19 1.54476E-17 8.22780E-18 2.35627E-17
 -3
    1PSTEP                        13           1           2
  100CL  102 1.00000E+00          24                     0    2           1
 -4  STRESS      6    1
 -5  SXX         1    4    1    1
 -5  SYY         1    4    2    2
 -5  SZZ         1    4    3    3
 -5  SYZ         1    4    2    3
 -5  SZX         1    4    3    1
 -5  SXY         1    4    1    2
 -1         1 7.26741E-12 3.11460E-12 3.11460E-12-6.26830E-27-1.38738E-12 2.02956E-12
 -1         2 6.62234E-13-1.60629E-13-6.05367E-14 1.32245E-12-1.12090E-12 0.00000E+00
 -1         3 2.68182E-12 1.14935E-12 1.14935E-12-2.50107E-26 4.96802E-12 1.83857E-12
 -1         4 3.27995E-12 7.99946E-13 4.18780E-13 3.60761E-14 0.00000E+00-6.34231E-13
 -1         5-4.49061E-12-1.92455E-12-1.92455E-12-8.60926E-27-3.56866E-12 2.22492E-12
 -1         6 1.37749E-14-2.00233E-13 2.46149E-13-4.44619E-13-1.12090E-12-1.14777E-12
 -1         7 9.57057E-12 4.10167E-12 4.10167E-12-1.32809E-28-1.95143E-12 8.72455E-12
 -1         8-2.66958E-12-2.33038E-12-1.71101E-12 1.13963E-12-9.39112E-13 2.24180E-12
 -1         9-7.17154E-12-3.07352E-12-3.07352E-12-1.71784E-26 5.21225E-12 2.90660E-12
 -1        10-5.49241E-13-6.62186E-13-1.16862E-12 1.15015E-13-2.38493E-13 9.63453E-13
 -1        11-2.55266E-13-1.09400E-13-1.09400E-13 9.19848E-28-3.46680E-12-2.22705E-12
 -1        12-3.89653E-13 7.26599E-13 4.03170E-13-1.03919E-13-7.12010E-13 1.16346E-12
 -1        13 4.57922E-12-3.37561E-13-2.39386E-12 1.12765E-12 2.57741E-13-5.90772E-13
 -1        14 7.39506E-13 5.02732E-14-1.38647E-14-3.12789E-12 5.60449E-13-1.68135E-12
 -1        15 3.89073E-12 2.74898E-12 3.57943E-12 4.88795E-13-2.07009E-12-1.52086E-12
 -1        16 2.72191E-12 6.73376E-14-7.08739E-13-5.83398E-13 2.24180E-12-3.64647E-13
 -1        17 6.99388E-12 9.09666E-13-1.29530E-12 2.74423E-12-3.06315E-13-8.42369E-13
 -1        18-9.54238E-13 1.70269E-12-2.62622E-14-3.52627E-12 9.93263E-13 1.12090E-12
 -1        19-5.69070E-12-8.39400E-13-3.71516E-13 1.15471E-12-1.82586E-12 9.92197E-14
 -1        20-6.43390E-13-3.12385E-13-1.83225E-12-5.63641E-13 2.13584E-12 5.62095E-13
 -1        21-2.94957E-12 1.16191E-12 1.25803E-13 1.17316E-13-5.43415E-13-1.87361E-12
 -1        22-5.93186E-13-1.28996E-12-6.87323E-13 8.09806E-13 0.00000E+00 1.12625E-12
 -1        23 1.71812E-12 3.98587E-12 2.37330E-12-1.67427E-13-4.41553E-13 1.72511E-12
 -1        24-1.70691E-12-2.02048E-12-1.24059E-12 1.24769E-12 6.64553E-13 1.90314E-12
 -3
    1PSTEP                        14           1           2
  100CL  102 1.00000E+00          24                     0    2           1
 -4  STRPOS      6    1
 -5  SXX         1    4    1    1
 -5  SYY         1    4    2    2
 -5  SZZ         1    4    3    3
 -5  SYZ         1    4    2    3
 -5  SZX         1    4    3    1
 -5  SXY         1    4    1    2
 -1         1 7.26741E-12 3.11460E-12 3.11460E-12-6.26830E-27-1.38738E-12 2.02956E-12
 -1         2 6.62234E-13-1.60629E-13-6.05367E-14 1.32245E-12-1.12090E-12 0.00000E+00
 -1         3 2.68182E-12 1.14935E-12 1.14935E-12-2.50107E-26 4.96802E-12 1.83857E-12
 -1         4 3.27995E-12 7.99946E-13 4.18780E-13 3.60761E-14 0.00000E+00-6.34231E-13
 -1         5-4.49061E-12-1.92455E-12-1.92455E-12-8.60926E-27-3.56866E-12 2.22492E-12
 -1         6 1.37749E-14-2.00233E-13 2.46149E-13-4.44619E-13-1.12090E-12-1.14777E-12
 -1         7 9.57057E-12 4.10167E-12 4.10167E-12-1.32809E-28-1.95143E-12 8.72455E-12
 -1         8-2.66958E-12-2.33038E-12-1.71101E-12 1.13963E-12-9.39112E-13 2.24180E-12
 -1         9-7.17154E-12-3.07352E-12-3.07352E-12-1.71784E-26 5.21225E-12 2.90660E-12
 -1        10-5.49241E-13-6.62186E-13-1.16862E-12 1.15015E-13-2.38493E-13 9.63453E-13
 -1        11-2.55266E-13-1.09400E-13-1.09400E-13 9.19848E-28-3.46680E-12-2.22705E-12
 -1        12-3.89653E-13 7.26599E-13 4.03170E-13-1.03919E-13-7.12010E-13 1.16346E-12
 -1        13 4.57922E-12-3.37561E-13-2.39386E-12 1.12765E-12 2.57741E-13-5.90772E-13
 -1        14 7.39506E-13 5.02732E-14-1.38647E-14-3.12789E-12 5.60449E-13-1.68135E-12
 -1        15 3.89073E-12 2.74898E-12 3.57943E-12 4.88795E-13-2.07009E-12-1.52086E-12
 -1        16 2.72191E-12 6.73376E-14-7.08739E-13-5.83398E-13 2.24180E-12-3.64647E-13
 -1        17 6.99388E-12 9.09666E-13-1.29530E-12 2.74423E-12-3.06315E-13-8.42369E-13
 -1        18-9.54238E-13 1.70269E-12-2.62622E-14-3.52627E-12 9.93263E-13 1.12090E-12
 -1        19-5.69070E-12-8.39400E-13-3.71516E-13 1.15471E-12-1.82586E-12 9.92197E-14
 -1        20-6.43390E-13-3.12385E-13-1.83225E-12-5.63641E-13 2.13584E-12 5.62095E-13
 -1        21-2.94957E-12 1.16191E-12 1.25803E-13 1.17316E-13-5.43415E-13-1.87361E-12
 -1        22-5.93186E-13-1.28996E-12-6.87323E-13 8.09806E-13 0.00000E+00 1.12625E-12
 -1        23 1.71812E-12 3.98587E-12 2.37330E-12-1.67427E-13-4.41553E-13 1.72511E-12
 -1        24-1.70691E-12-2.02048E-12-1.24059E-12 1.24769E-12 6.64553E-13 1.90314E-12
 -3
    1PSTEP                        15           1           2
  100CL  102 1.00000E+00          24                     0    2           1
 -4  STRNEG      6    1
 -5  SXX         1    4    1    1
 -5  SYY         1    4    2    2
 -5  SZZ         1    4    3    3
 -5  SYZ         1    4    2    3
 -5  SZX         1    4    3    1
 -5  SXY         1    4    1    2
 -1         1 7.26741E-12 3.11460E-12 3.11460E-12-6.26830E-27-1.38738E-12 2.02956E-12
 -1         2 6.62234E-13-1.60629E-13-6.05367E-14 1.32245E-12-1.12090E-12 0.00000E+00
 -1         3 2.68182E-12 1.14935E-12 1.14935E-12-2.50107E-26 4.96802E-12 1.83857E-12
 -1         4 3.27995E-12 7.99946E-13 4.18780E-13 3.60761E-14 0.00000E+00-6.34231E-13
 -1         5-4.49061E-12-1.92455E-12-1.92455E-12-8.60926E-27-3.56866E-12 2.22492E-12
 -1         6 1.37749E-14-2.00233E-13 2.46149E-13-4.44619E-13-1.12090E-12-1.14777E-12
 -1         7 9.57057E-12 4.10167E-12 4.10167E-12-1.32809E-28-1.95143E-12 8.72455E-12
 -1         8-2.66958E-12-2.33038E-12-1.71101E-12 1.13963E-12-9.39112E-13 2.24180E-12
 -1         9-7.17154E-12-3.07352E-12-3.07352E-12-1.71784E-26 5.21225E-12 2.90660E-12
 -1        10-5.49241E-13-6.62186E-13-1.16862E-12 1.15015E-13-2.38493E-13 9.63453E-13
 -1        11-2.55266E-13-1.09400E-13-1.09400E-13 9.19848E-28-3.46680E-12-2.22705E-12
 -1        12-3.89653E-13 7.26599E-13 4.03170E-13-1.03919E-13-7.12010E-13 1.16346E-12
 -1        13 4.57922E-12-3.37561E-13-2.39386E-12 1.12765E-12 2.57741E-13-5.90772E-13
 -1        14 7.39506E-13 5.02732E-14-1.38647E-14-3.12789E-12 5.60449E-13-1.68135E-12
 -1        15 3.89073E-12 2.74898E-12 3.57943E-12 4.88795E-13-2.07009E-12-1.52086E-12
 -1        16 2.72191E-12 6.73376E-14-7.08739E-13-5.83398E-13 2.24180E-12-3.64647E-13
 -1        17 6.99388E-12 9.09666E-13-1.29530E-12 2.74423E-12-3.06315E-13-8.42369E-13
 -1        18-9.54238E-13 1.70269E-12-2.62622E-14-3.52627E-12 9.93263E-13 1.12090E-12
 -1        19-5.69070E-12-8.39400E-13-3.71516E-13 1.15471E-12-1.82586E-12 9.92197E-14
 -1        20-6.43390E-13-3.12385E-13-1.83225E-12-5.63641E-13 2.13584E-12 5.62095E-13
 -1        21-2.94957E-12 1.16191E-12 1.25803E-13 1.17316E-13-5.43415E-13-1.87361E-12
 -1        22-5.93186E-13-1.28996E-12-6.87323E-13 8.09806E-13 0.00000E+00 1.12625E-12
 -1        23 1.71812E-12 3.98587E-12 2.37330E-12-1.67427E-13-4.41553E-13 1.72511E-12
 -1        24-1.70691E-12-2.02048E-12-1.24059E-12 1.24769E-12 6.64553E-13 1.90314E-12
 -3
    1PSTEP                        16           1           2
  100CL  102 1.00000E+00          24                     0    2           1
 -4  SHR         8    1
 -5  NXX         1    2    1    0
 -5  NYY         1    2    2    0
 -5  NXY         1    2    3    0
 -5  MXX         1    2    4    0
 -5  MYY         1    2    5    0
 -5  MXY         1    2    6    0
 -5  QX          1    2    7    0
 -5  QY          1    2    8    0
 -1         1 0.00000E+00 0.00000E+00 0.00000E+00 0.00000E+00 0.00000E+00 0.00000E+00
 -2           0.00000E+00 0.00000E+00
 -1         2 0.00000E+00 0.00000E+00 0.00000E+00 0.00000E+00 0.00000E+00 0.00000E+00
 -2           0.00000E+00 0.00000E+00
 -1         3 0.00000E+00 0.00000E+00 0.00000E+00 0.00000E+00 0.00000E+00 0.00000E+00
 -2           0.00000E+00 0.00000E+00
 -1         4 0.00000E+00 0.00000E+00 0.00000E+00 0.00000E+00 0.00000E+00 0.00000E+00
 -2           0.00000E+00 0.00000E+00
 -1         5 0.00000E+00 0.00000E+00 0.00000E+00 0.00000E+00 0.00000E+00 0.00000E+00
 -2           0.00000E+00 0.00000E+00
 -1         6 0.00000E+00 0.00000E+00 0.00000E+00 0.00000E+00 0.00000E+00 0.00000E+00
 -2           0.00000E+00 0.00000E+00
 -1         7 0.00000E+00 0.00000E+00 0.00000E+00 0.00000E+00 0.00000E+00 0.00000E+00
 -2           0.00000E+00 0.00000E+00
 -1         8 0.00000E+00 0.00000E+00 0.00000E+00 0.00000E+00 0.00000E+00 0.00000E+00
 -2           0.00000E+00 0.00000E+00
 -1         9 0.00000E+00 0.00000E+00 0.00000E+00 0.00000E+00 0.00000E+00 0.00000E+00
 -2           0.00000E+00 0.00000E+00
 -1        10 0.00000E+00 0.00000E+00 0.00000E+00 0.00000E+00 0.00000E+00 0.00000E+00
 -2           0.00000E+00 0.00000E+00
 -1        11 0.00000E+00 0.00000E+00 0.00000E+00 0.00000E+00 0.00000E+00 0.00000E+00
 -2           0.00000E+00 0.00000E+00
 -1        12 0.00000E+00 0.00000E+00 0.00000E+00 0.00000E+00 0.00000E+00 0.00000E+00
 -2           0.00000E+00 0.00000E+00
 -1        13 0.00000E+00 0.00000E+00 0.00000E+00 0.00000E+00 0.00000E+00 0.00000E+00
 -2           0.00000E+00 0.00000E+00
 -1        14 0.00000E+00 0.00000E+00 0.00000E+00 0.00000E+00 0.00000E+00 0.00000E+00
 -2           0.00000E+00 0.00000E+00
 -1        15 0.00000E+00 0.00000E+00 0.00000E+00 0.00000E+00 0.00000E+00 0.00000E+00
 -2           0.00000E+00 0.00000E+00
 -1        16 0.00000E+00 0.00000E+00 0.00000E+00 0.00000E+00 0.00000E+00 0.00000E+00
 -2           0.00000E+00 0.00000E+00
 -1        17 0.00000E+00 0.00000E+00 0.00000E+00 0.00000E+00 0.00000E+00 0.00000E+00
 -2           0.00000E+00 0.00000E+00
 -1        18 0.00000E+00 0.00000E+00 0.00000E+00 0.00000E+00 0.00000E+00 0.00000E+00
 -2           0.00000E+00 0.00000E+00
 -1        19 0.00000E+00 0.00000E+00 0.00000E+00 0.00000E+00 0.00000E+00 0.00000E+00
 -2           0.00000E+00 0.00000E+00
 -1        20 0.00000E+00 0.00000E+00 0.00000E+00 0.00000E+00 0.00000E+00 0.00000E+00
 -2           0.00000E+00 0.00000E+00
 -1        21 0.00000E+00 0.00000E+00 0.00000E+00 0.00000E+00 0.00000E+00 0.00000E+00
 -2           0.00000E+00 0.00000E+00
 -1        22 0.00000E+00 0.00000E+00 0.00000E+00 0.00000E+00 0.00000E+00 0.00000E+00
 -2           0.00000E+00 0.00000E+00
 -1        23 0.00000E+00 0.00000E+00 0.00000E+00 0.00000E+00 0.00000E+00 0.00000E+00
 -2           0.00000E+00 0.00000E+00
 -1        24 0.00000E+00 0.00000E+00 0.00000E+00 0.00000E+00 0.00000E+00 0.00000E+00
 -2           0.00000E+00 0.00000E+00
 -3
    1PSTEP                        17           1           2
  100CL  102 1.00000E+00          24                     0    2           1
 -4  EXTFORC     7    1
 -5  F1          1    2    1    0
 -5  F2          1    2    2    0
 -5  F3          1    2    3    0
 -5  F4          1    1    4    0
 -5  F5          1    1    5    0
 -5  F6          1    1    6    0
 -5  ALL         1    2    0    0    1ALL
 -1         1 0.00000E+00 0.00000E+00 0.00000E+00 0.00000E+00 0.00000E+00 0.00000E+00
 -2           0.00000E+00
 -1         2 0.00000E+00 0.00000E+00 0.00000E+00 0.00000E+00 0.00000E+00 0.00000E+00
 -2           0.00000E+00
 -1         3 0.00000E+00 0.00000E+00 0.00000E+00 0.00000E+00 0.00000E+00 0.00000E+00
 -2           0.00000E+00
 -1         4 0.00000E+00 0.00000E+00 0.00000E+00 0.00000E+00 0.00000E+00 0.00000E+00
 -2           0.00000E+00
 -1         5 0.00000E+00 0.00000E+00 0.00000E+00 0.00000E+00 0.00000E+00 0.00000E+00
 -2           0.00000E+00
 -1         6 0.00000E+00 0.00000E+00 0.00000E+00 0.00000E+00 0.00000E+00 0.00000E+00
 -2           0.00000E+00
 -1         7 0.00000E+00 0.00000E+00 0.00000E+00 0.00000E+00 0.00000E+00 0.00000E+00
 -2           0.00000E+00
 -1         8 0.00000E+00 0.00000E+00 0.00000E+00 0.00000E+00 0.00000E+00 0.00000E+00
 -2           0.00000E+00
 -1         9 0.00000E+00 0.00000E+00 0.00000E+00 0.00000E+00 0.00000E+00 0.00000E+00
 -2           0.00000E+00
 -1        10 0.00000E+00 0.00000E+00 0.00000E+00 0.00000E+00 0.00000E+00 0.00000E+00
 -2           0.00000E+00
 -1        11 0.00000E+00 0.00000E+00 0.00000E+00 0.00000E+00 0.00000E+00 0.00000E+00
 -2           0.00000E+00
 -1        12 0.00000E+00 0.00000E+00 0.00000E+00 0.00000E+00 0.00000E+00 0.00000E+00
 -2           0.00000E+00
 -1        13 0.00000E+00 0.00000E+00 0.00000E+00 0.00000E+00 0.00000E+00 0.00000E+00
 -2           0.00000E+00
 -1        14 0.00000E+00 0.00000E+00 0.00000E+00 0.00000E+00 0.00000E+00 0.00000E+00
 -2           0.00000E+00
 -1        15 0.00000E+00 0.00000E+00 0.00000E+00 0.00000E+00 0.00000E+00 0.00000E+00
 -2           0.00000E+00
 -1        16 0.00000E+00 0.00000E+00 0.00000E+00 0.00000E+00 0.00000E+00 0.00000E+00
 -2           0.00000E+00
 -1        17 0.00000E+00 0.00000E+00 0.00000E+00 0.00000E+00 0.00000E+00 0.00000E+00
 -2           0.00000E+00
 -1        18 0.00000E+00 0.00000E+00 0.00000E+00 0.00000E+00 0.00000E+00 0.00000E+00
 -2           0.00000E+00
 -1        19 0.00000E+00 0.00000E+00 0.00000E+00 0.00000E+00 0.00000E+00 0.00000E+00
 -2           0.00000E+00
 -1        20 0.00000E+00 0.00000E+00 0.00000E+00 0.00000E+00 0.00000E+00 0.00000E+00
 -2           0.00000E+00
 -1        21 0.00000E+00 0.00000E+00 0.00000E+00 0.00000E+00 0.00000E+00 0.00000E+00
 -2           0.00000E+00
 -1        22 0.00000E+00 0.00000E+00 0.00000E+00 0.00000E+00 0.00000E+00 0.00000E+00
 -2           0.00000E+00
 -1        23 0.00000E+00 0.00000E+00 0.00000E+00 0.00000E+00 0.00000E+00 0.00000E+00
 -2           0.00000E+00
 -1        24 0.00000E+00 0.00000E+00 0.00000E+00 0.00000E+00 0.00000E+00 0.00000E+00
 -2           0.00000E+00
 -3
    1PSTEP                        18           1           2
  100CL  102 1.00000E+00          24                     0    2           1
 -4  PTFORC      4    1
 -5  F1          1    2    1    0
 -5  F2          1    2    2    0
 -5  F3          1    2    3    0
 -5  ALL         1    2    0    0    1ALL
 -1         1 0.00000E+00 0.00000E+00 0.00000E+00 0.00000E+00
 -1         2 0.00000E+00 0.00000E+00 0.00000E+00 0.00000E+00
 -1         3 0.00000E+00 0.00000E+00 0.00000E+00 0.00000E+00
 -1         4 0.00000E+00 0.00000E+00 0.00000E+00 0.00000E+00
 -1         5 0.00000E+00 0.00000E+00 0.00000E+00 0.00000E+00
 -1         6 0.00000E+00 0.00000E+00 0.00000E+00 0.00000E+00
 -1         7 0.00000E+00 0.00000E+00 0.00000E+00 0.00000E+00
 -1         8 0.00000E+00 0.00000E+00 0.00000E+00 0.00000E+00
 -1         9 0.00000E+00 0.00000E+00 0.00000E+00 0.00000E+00
 -1        10 0.00000E+00 0.00000E+00 0.00000E+00 0.00000E+00
 -1        11 0.00000E+00 0.00000E+00 0.00000E+00 0.00000E+00
 -1        12 0.00000E+00 0.00000E+00 0.00000E+00 0.00000E+00
 -1        13 0.00000E+00 0.00000E+00 0.00000E+00 0.00000E+00
 -1        14 0.00000E+00 0.00000E+00 0.00000E+00 0.00000E+00
 -1        15 0.00000E+00 0.00000E+00 0.00000E+00 0.00000E+00
 -1        16 0.00000E+00 0.00000E+00 0.00000E+00 0.00000E+00
 -1        17 0.00000E+00 0.00000E+00 0.00000E+00 0.00000E+00
 -1        18 0.00000E+00 0.00000E+00 0.00000E+00 0.00000E+00
 -1        19 0.00000E+00 0.00000E+00 0.00000E+00 0.00000E+00
 -1        20 0.00000E+00 0.00000E+00 0.00000E+00 0.00000E+00
 -1        21 0.00000E+00 0.00000E+00 0.00000E+00 0.00000E+00
 -1        22 0.00000E+00 0.00000E+00 0.00000E+00 0.00000E+00
 -1        23 0.00000E+00 0.00000E+00 0.00000E+00 0.00000E+00
 -1        24 0.00000E+00 0.00000E+00 0.00000E+00 0.00000E+00
 -3
    1PSTEP                        19           1           2
  100CL  102 1.00000E+00          24                     0    2           1
 -4  PTGAP       1    1
 -5  GAP         1    1    1    0
 -1         1 0.00000E+00
 -1         2 0.00000E+00
 -1         3 0.00000E+00
 -1         4 0.00000E+00
 -1         5 0.00000E+00
 -1         6 0.00000E+00
 -1         7 0.00000E+00
 -1         8 0.00000E+00
 -1         9 0.00000E+00
 -1        10 0.00000E+00
 -1        11 0.00000E+00
 -1        12 0.00000E+00
 -1        13 1.00000E+00
 -1        14 0.00000E+00
 -1        15 1.00000E+00
 -1        16 0.00000E+00
 -1        17 1.00000E+00
 -1        18 0.00000E+00
 -1        19 1.00000E+00
 -1        20 0.00000E+00
 -1        21 1.00000E+00
 -1        22 0.00000E+00
 -1        23 1.00000E+00
 -1        24 0.00000E+00
 -3
    1PSTEP                        20           1           2
  100CL  102 1.00000E+00          24                     0    2           1
 -4  FORC        7    1
 -5  F1          1    2    1    0
 -5  F2          1    2    2    0
 -5  F3          1    2    3    0
 -5  F4          1    1    4    0
 -5  F5          1    1    5    0
 -5  F6          1    1    6    0
 -5  ALL         1    2    0    0    1ALL
 -1         1-1.22590E-09-6.65617E-10-4.72837E-10 0.00000E+00 0.00000E+00 0.00000E+00
 -2           1.47290E-09
 -1         2 0.00000E+00 0.00000E+00 0.00000E+00 0.00000E+00 0.00000E+00 0.00000E+00
 -2           0.00000E+00
 -1         3-3.40821E-10-2.23983E-10-9.83554E-11 0.00000E+00 0.00000E+00 0.00000E+00
 -2           4.19525E-10
 -1         4 0.00000E+00 0.00000E+00 0.00000E+00 0.00000E+00 0.00000E+00 0.00000E+00
 -2           0.00000E+00
 -1         5 4.15184E-10 1.39290E-10 1.24331E-10 0.00000E+00 0.00000E+00 0.00000E+00
 -2           4.55234E-10
 -1         6 0.00000E+00 0.00000E+00 0.00000E+00 0.00000E+00 0.00000E+00 0.00000E+00
 -2           0.00000E+00
 -1         7-1.41726E-09-2.62999E-10 1.52656E-10 0.00000E+00 0.00000E+00 0.00000E+00
 -2           1.44951E-09
 -1         8 0.00000E+00 0.00000E+00 0.00000E+00 0.00000E+00 0.00000E+00 0.00000E+00
 -2           0.00000E+00
 -1         9 2.15475E-09-3.18071E-11 1.76925E-10 0.00000E+00 0.00000E+00 0.00000E+00
 -2           2.16223E-09
 -1        10 0.00000E+00 0.00000E+00 0.00000E+00 0.00000E+00 0.00000E+00 0.00000E+00
 -2           0.00000E+00
 -1        11-2.01853E-10 5.65287E-11 4.47301E-11 0.00000E+00 0.00000E+00 0.00000E+00
 -2           2.14338E-10
 -1        12 0.00000E+00 0.00000E+00 0.00000E+00 0.00000E+00 0.00000E+00 0.00000E+00
 -2           0.00000E+00
 -1        13 0.00000E+00 0.00000E+00 0.00000E+00 0.00000E+00 0.00000E+00 0.00000E+00
 -2           0.00000E+00
 -1        14 0.00000E+00 0.00000E+00 0.00000E+00 0.00000E+00 0.00000E+00 0.00000E+00
 -2           0.00000E+00
 -1        15 0.00000E+00 0.00000E+00 0.00000E+00 0.00000E+00 0.00000E+00 0.00000E+00
 -2           0.00000E+00
 -1        16 0.00000E+00 0.00000E+00 0.00000E+00 0.00000E+00 0.00000E+00 0.00000E+00
 -2           0.00000E+00
 -1        17 0.00000E+00 0.00000E+00 0.00000E+00 0.00000E+00 0.00000E+00 0.00000E+00
 -2           0.00000E+00
 -1        18 0.00000E+00 0.00000E+00 0.00000E+00 0.00000E+00 0.00000E+00 0.00000E+00
 -2           0.00000E+00
 -1        19 0.00000E+00 0.00000E+00 0.00000E+00 0.00000E+00 0.00000E+00 0.00000E+00
 -2           0.00000E+00
 -1        20 0.00000E+00 0.00000E+00 0.00000E+00 0.00000E+00 0.00000E+00 0.00000E+00
 -2           0.00000E+00
 -1        21 0.00000E+00 0.00000E+00 0.00000E+00 0.00000E+00 0.00000E+00 0.00000E+00
 -2           0.00000E+00
 -1        22 0.00000E+00 0.00000E+00 0.00000E+00 0.00000E+00 0.00000E+00 0.00000E+00
 -2           0.00000E+00
 -1        23 0.00000E+00 0.00000E+00 0.00000E+00 0.00000E+00 0.00000E+00 0.00000E+00
 -2           0.00000E+00
 -1        24 0.00000E+00 0.00000E+00 0.00000E+00 0.00000E+00 0.00000E+00 0.00000E+00
 -2           0.00000E+00
 -3
 9999
