    1CFEMAST
    1Ugenerated by FEMaster
    2C                            16                                     1
 -1         1-5.00000E+01-2.50000E+01-1.00000E+01
 -1         2 5.00000E+01-2.50000E+01-1.00000E+01
 -1         3 5.00000E+01 2.50000E+01-1.00000E+01
 -1         4-5.00000E+01 2.50000E+01-1.00000E+01
 -1         5-5.00000E+01-2.50000E+01 1.00000E+01
 -1         6 5.00000E+01-2.50000E+01 1.00000E+01
 -1         7 5.00000E+01 2.50000E+01 1.00000E+01
 -1         8-5.00000E+01 2.50000E+01 1.00000E+01
 -1         9 0.00000E+00-2.50000E+01-1.00000E+01
 -1        10 0.00000E+00-2.50000E+01-1.00000E+01
 -1        11 0.00000E+00 2.50000E+01-1.00000E+01
 -1        12 0.00000E+00 2.50000E+01-1.00000E+01
 -1        13 0.00000E+00-2.50000E+01 1.00000E+01
 -1        14 0.00000E+00-2.50000E+01 1.00000E+01
 -1        15 0.00000E+00 2.50000E+01 1.00000E+01
 -1        16 0.00000E+00 2.50000E+01 1.00000E+01
 -3
    3C                             2                                     1
 -1         1    1    0    0
 -2        10         2         3        12        14         6         7        16
 -1         2    1    0    0
 -2         1         9        11         4         5        13        15         8
 -3
    1PSTEP                         1           1           1
  100CL  101 1.00000E+00          16                     0    1           1
 -4  DISP        7    1
 -5  D1          1    2    1    0
 -5  D2          1    2    2    0
 -5  D3          1    2    3    0
 -5  D4          1    1    4    0
 -5  D5          1    1    5    0
 -5  D6          1    1    6    0
 -5  ALL         1    2    0    0    1ALL
 -1         1-2.49723E-01-8.31191E-05-3.33104E-05 0.00000E+00 0.00000E+00 0.00000E+00
 -2           2.49723E-01
 -1         2 2.49723E-01-8.31191E-05-3.33104E-05 0.00000E+00 0.00000E+00 0.00000E+00
 -2           2.49723E-01
 -1         3 2.49723E-01 8.31191E-05-3.33104E-05 0.00000E+00 0.00000E+00 0.00000E+00
 -2           2.49723E-01
 -1         4-2.49723E-01 8.31191E-05-3.33104E-05 0.00000E+00 0.00000E+00 0.00000E+00
 -2           2.49723E-01
 -1         5-2.49723E-01-8.31191E-05 3.33104E-05 0.00000E+00 0.00000E+00 0.00000E+00
 -2           2.49723E-01
 -1         6 2.49723E-01-8.31191E-05 3.33104E-05 0.00000E+00 0.00000E+00 0.00000E+00
 -2           2.49723E-01
 -1         7 2.49723E-01 8.31191E-05 3.33104E-05 0.00000E+00 0.00000E+00 0.00000E+00
 -2           2.49723E-01
 -1         8-2.49723E-01 8.31191E-05 3.33104E-05 0.00000E+00 0.00000E+00 0.00000E+00
 -2           2.49723E-01
 -1         9-2.50277E-01-8.32924E-05-3.32946E-05 0.00000E+00 0.00000E+00 0.00000E+00
 -2           2.50277E-01
 -1        10 2.50277E-01-8.32924E-05-3.32946E-05 0.00000E+00 0.00000E+00 0.00000E+00
 -2           2.50277E-01
 -1        11-2.50277E-01 8.32924E-05-3.32946E-05 0.00000E+00 0.00000E+00 0.00000E+00
 -2           2.50277E-01
 -1        12 2.50277E-01 8.32924E-05-3.32946E-05 0.00000E+00 0.00000E+00 0.00000E+00
 -2           2.50277E-01
 -1        13-2.50277E-01-8.32924E-05 3.32946E-05 0.00000E+00 0.00000E+00 0.00000E+00
 -2           2.50277E-01
 -1        14 2.50277E-01-8.32924E-05 3.32946E-05 0.00000E+00 0.00000E+00 0.00000E+00
 -2           2.50277E-01
 -1        15-2.50277E-01 8.32924E-05 3.32946E-05 0.00000E+00 0.00000E+00 0.00000E+00
 -2           2.50277E-01
 -1        16 2.50277E-01 8.32924E-05 3.32946E-05 0.00000E+00 0.00000E+00 0.00000E+00
 -2           2.50277E-01
 -3
    1PSTEP                         2           1           1
  100CL  101 1.00000E+00          16                     0    1           1
 -4  TOSTRAIN    6    1
 -5  EXX         1    4    1    1
 -5  EYY         1    4    2    2
 -5  EZZ         1    4    3    3
 -5  EYZ         1    4    2    3
 -5  EZX         1    4    3    1
 -5  EXY         1    4    1    2
 -1         1-1.10993E-05 3.32477E-06 3.33104E-06 5.89535E-19 3.15593E-10-3.46496E-09
 -1         2-1.10993E-05 3.32477E-06 3.33104E-06-2.93344E-17-3.15593E-10 3.46496E-09
 -1         3-1.10993E-05 3.32477E-06 3.33104E-06-1.71253E-17-3.15593E-10-3.46496E-09
 -1         4-1.10993E-05 3.32477E-06 3.33104E-06-6.16640E-19 3.15593E-10 3.46496E-09
 -1         5-1.10993E-05 3.32477E-06 3.33104E-06-1.76289E-19-3.15593E-10-3.46496E-09
 -1         6-1.10993E-05 3.32477E-06 3.33104E-06-3.18513E-17 3.15593E-10 3.46496E-09
 -1         7-1.10993E-05 3.32477E-06 3.33104E-06-1.96424E-17 3.15593E-10-3.46496E-09
 -1         8-1.10993E-05 3.32477E-06 3.33104E-06-1.38257E-18-3.15593E-10 3.46496E-09
 -1         9-1.10993E-05 3.33170E-06 3.32946E-06 7.70800E-19 3.15593E-10-3.46496E-09
 -1        10-1.10993E-05 3.33170E-06 3.32946E-06 8.04088E-18-3.15593E-10 3.46496E-09
 -1        11-1.10993E-05 3.33170E-06 3.32946E-06-1.20448E-18 3.15593E-10 3.46496E-09
 -1        12-1.10993E-05 3.33170E-06 3.32946E-06 1.83467E-18-3.15593E-10-3.46496E-09
 -1        13-1.10993E-05 3.33170E-06 3.32946E-06 3.37119E-19-3.15593E-10-3.46496E-09
 -1        14-1.10993E-05 3.33170E-06 3.32946E-06 7.72293E-18 3.15593E-10 3.46496E-09
 -1        15-1.10993E-05 3.33170E-06 3.32946E-06-1.63827E-18-3.15593E-10 3.46496E-09
 -1        16-1.10993E-05 3.33170E-06 3.32946E-06 1.51651E-18 3.15593E-10-3.46496E-09
 -3
    1PSTEP                         3           1           1
  100CL  101 1.00000E+00          16                     0    1           1
 -4  STRESS      6    1
 -5  SXX         1    4    1    1
 -5  SYY         1    4    2    2
 -5  SZZ         1    4    3    3
 -5  SYZ         1    4    2    3
 -5  SZX         1    4    3    1
 -5  SXY         1    4    1    2
 -1         1-2.33132E+00-1.27186E-03-2.58940E-04 4.76163E-14 2.54902E-05-2.79862E-04
 -1         2-2.33132E+00-1.27186E-03-2.58940E-04-2.36932E-12-2.54902E-05 2.79862E-04
 -1         3-2.33132E+00-1.27186E-03-2.58940E-04-1.38320E-12-2.54902E-05-2.79862E-04
 -1         4-2.33132E+00-1.27186E-03-2.58940E-04-4.98055E-14 2.54902E-05 2.79862E-04
 -1         5-2.33132E+00-1.27186E-03-2.58940E-04-1.42387E-14-2.54902E-05-2.79862E-04
 -1         6-2.33132E+00-1.27186E-03-2.58940E-04-2.57260E-12 2.54902E-05 2.79862E-04
 -1         7-2.33132E+00-1.27186E-03-2.58940E-04-1.58650E-12 2.54902E-05-2.79862E-04
 -1         8-2.33132E+00-1.27186E-03-2.58940E-04-1.11669E-13-2.54902E-05 2.79862E-04
 -1         9-2.33067E+00 4.95999E-04 1.34568E-04 6.22569E-14 2.54902E-05-2.79862E-04
 -1        10-2.33067E+00 4.95999E-04 1.34568E-04 6.49456E-13-2.54902E-05 2.79862E-04
 -1        11-2.33067E+00 4.95999E-04 1.34568E-04-9.72850E-14 2.54902E-05 2.79862E-04
 -1        12-2.33067E+00 4.95999E-04 1.34568E-04 1.48185E-13-2.54902E-05-2.79862E-04
 -1        13-2.33067E+00 4.95999E-04 1.34568E-04 2.72289E-14-2.54902E-05-2.79862E-04
 -1        14-2.33067E+00 4.95999E-04 1.34568E-04 6.23775E-13 2.54902E-05 2.79862E-04
 -1        15-2.33067E+00 4.95999E-04 1.34568E-04-1.32322E-13-2.54902E-05 2.79862E-04
 -1        16-2.33067E+00 4.95999E-04 1.34568E-04 1.22487E-13 2.54902E-05-2.79862E-04
 -3
    1PSTEP                         4           1           1
  100CL  101 1.00000E+00          16                     0    1           1
 -4  STRPOS      6    1
 -5  SXX         1    4    1    1
 -5  SYY         1    4    2    2
 -5  SZZ         1    4    3    3
 -5  SYZ         1    4    2    3
 -5  SZX         1    4    3    1
 -5  SXY         1    4    1    2
 -1         1-2.33132E+00-1.27186E-03-2.58940E-04 4.76163E-14 2.54902E-05-2.79862E-04
 -1         2-2.33132E+00-1.27186E-03-2.58940E-04-2.36932E-12-2.54902E-05 2.79862E-04
 -1         3-2.33132E+00-1.27186E-03-2.58940E-04-1.38320E-12-2.54902E-05-2.79862E-04
 -1         4-2.33132E+00-1.27186E-03-2.58940E-04-4.98055E-14 2.54902E-05 2.79862E-04
 -1         5-2.33132E+00-1.27186E-03-2.58940E-04-1.42387E-14-2.54902E-05-2.79862E-04
 -1         6-2.33132E+00-1.27186E-03-2.58940E-04-2.57260E-12 2.54902E-05 2.79862E-04
 -1         7-2.33132E+00-1.27186E-03-2.58940E-04-1.58650E-12 2.54902E-05-2.79862E-04
 -1         8-2.33132E+00-1.27186E-03-2.58940E-04-1.11669E-13-2.54902E-05 2.79862E-04
 -1         9-2.33067E+00 4.95999E-04 1.34568E-04 6.22569E-14 2.54902E-05-2.79862E-04
 -1        10-2.33067E+00 4.95999E-04 1.34568E-04 6.49456E-13-2.54902E-05 2.79862E-04
 -1        11-2.33067E+00 4.95999E-04 1.34568E-04-9.72850E-14 2.54902E-05 2.79862E-04
 -1        12-2.33067E+00 4.95999E-04 1.34568E-04 1.48185E-13-2.54902E-05-2.79862E-04
 -1        13-2.33067E+00 4.95999E-04 1.34568E-04 2.72289E-14-2.54902E-05-2.79862E-04
 -1        14-2.33067E+00 4.95999E-04 1.34568E-04 6.23775E-13 2.54902E-05 2.79862E-04
 -1        15-2.33067E+00 4.95999E-04 1.34568E-04-1.32322E-13-2.54902E-05 2.79862E-04
 -1        16-2.33067E+00 4.95999E-04 1.34568E-04 1.22487E-13 2.54902E-05-2.79862E-04
 -3
    1PSTEP                         5           1           1
  100CL  101 1.00000E+00          16                     0    1           1
 -4  STRNEG      6    1
 -5  SXX         1    4    1    1
 -5  SYY         1    4    2    2
 -5  SZZ         1    4    3    3
 -5  SYZ         1    4    2    3
 -5  SZX         1    4    3    1
 -5  SXY         1    4    1    2
 -1         1-2.33132E+00-1.27186E-03-2.58940E-04 4.76163E-14 2.54902E-05-2.79862E-04
 -1         2-2.33132E+00-1.27186E-03-2.58940E-04-2.36932E-12-2.54902E-05 2.79862E-04
 -1         3-2.33132E+00-1.27186E-03-2.58940E-04-1.38320E-12-2.54902E-05-2.79862E-04
 -1         4-2.33132E+00-1.27186E-03-2.58940E-04-4.98055E-14 2.54902E-05 2.79862E-04
 -1         5-2.33132E+00-1.27186E-03-2.58940E-04-1.42387E-14-2.54902E-05-2.79862E-04
 -1         6-2.33132E+00-1.27186E-03-2.58940E-04-2.57260E-12 2.54902E-05 2.79862E-04
 -1         7-2.33132E+00-1.27186E-03-2.58940E-04-1.58650E-12 2.54902E-05-2.79862E-04
 -1         8-2.33132E+00-1.27186E-03-2.58940E-04-1.11669E-13-2.54902E-05 2.79862E-04
 -1         9-2.33067E+00 4.95999E-04 1.34568E-04 6.22569E-14 2.54902E-05-2.79862E-04
 -1        10-2.33067E+00 4.95999E-04 1.34568E-04 6.49456E-13-2.54902E-05 2.79862E-04
 -1        11-2.33067E+00 4.95999E-04 1.34568E-04-9.72850E-14 2.54902E-05 2.79862E-04
 -1        12-2.33067E+00 4.95999E-04 1.34568E-04 1.48185E-13-2.54902E-05-2.79862E-04
 -1        13-2.33067E+00 4.95999E-04 1.34568E-04 2.72289E-14-2.54902E-05-2.79862E-04
 -1        14-2.33067E+00 4.95999E-04 1.34568E-04 6.23775E-13 2.54902E-05 2.79862E-04
 -1        15-2.33067E+00 4.95999E-04 1.34568E-04-1.32322E-13-2.54902E-05 2.79862E-04
 -1        16-2.33067E+00 4.95999E-04 1.34568E-04 1.22487E-13 2.54902E-05-2.79862E-04
 -3
    1PSTEP                         6           1           1
  100CL  101 1.00000E+00          16                     0    1           1
 -4  SHR         8    1
 -5  NXX         1    2    1    0
 -5  NYY         1    2    2    0
 -5  NXY         1    2    3    0
 -5  MXX         1    2    4    0
 -5  MYY         1    2    5    0
 -5  MXY         1    2    6    0
 -5  QX          1    2    7    0
 -5  QY          1    2    8    0
 -1         1 0.00000E+00 0.00000E+00 0.00000E+00 0.00000E+00 0.00000E+00 0.00000E+00
 -2           0.00000E+00 0.00000E+00
 -1         2 0.00000E+00 0.00000E+00 0.00000E+00 0.00000E+00 0.00000E+00 0.00000E+00
 -2           0.00000E+00 0.00000E+00
 -1         3 0.00000E+00 0.00000E+00 0.00000E+00 0.00000E+00 0.00000E+00 0.00000E+00
 -2           0.00000E+00 0.00000E+00
 -1         4 0.00000E+00 0.00000E+00 0.00000E+00 0.00000E+00 0.00000E+00 0.00000E+00
 -2           0.00000E+00 0.00000E+00
 -1         5 0.00000E+00 0.00000E+00 0.00000E+00 0.00000E+00 0.00000E+00 0.00000E+00
 -2           0.00000E+00 0.00000E+00
 -1         6 0.00000E+00 0.00000E+00 0.00000E+00 0.00000E+00 0.00000E+00 0.00000E+00
 -2           0.00000E+00 0.00000E+00
 -1         7 0.00000E+00 0.00000E+00 0.00000E+00 0.00000E+00 0.00000E+00 0.00000E+00
 -2           0.00000E+00 0.00000E+00
 -1         8 0.00000E+00 0.00000E+00 0.00000E+00 0.00000E+00 0.00000E+00 0.00000E+00
 -2           0.00000E+00 0.00000E+00
 -1         9 0.00000E+00 0.00000E+00 0.00000E+00 0.00000E+00 0.00000E+00 0.00000E+00
 -2           0.00000E+00 0.00000E+00
 -1        10 0.00000E+00 0.00000E+00 0.00000E+00 0.00000E+00 0.00000E+00 0.00000E+00
 -2           0.00000E+00 0.00000E+00
 -1        11 0.00000E+00 0.00000E+00 0.00000E+00 0.00000E+00 0.00000E+00 0.00000E+00
 -2           0.00000E+00 0.00000E+00
 -1        12 0.00000E+00 0.00000E+00 0.00000E+00 0.00000E+00 0.00000E+00 0.00000E+00
 -2           0.00000E+00 0.00000E+00
 -1        13 0.00000E+00 0.00000E+00 0.00000E+00 0.00000E+00 0.00000E+00 0.00000E+00
 -2           0.00000E+00 0.00000E+00
 -1        14 0.00000E+00 0.00000E+00 0.00000E+00 0.00000E+00 0.00000E+00 0.00000E+00
 -2           0.00000E+00 0.00000E+00
 -1        15 0.00000E+00 0.00000E+00 0.00000E+00 0.00000E+00 0.00000E+00 0.00000E+00
 -2           0.00000E+00 0.00000E+00
 -1        16 0.00000E+00 0.00000E+00 0.00000E+00 0.00000E+00 0.00000E+00 0.00000E+00
 -2           0.00000E+00 0.00000E+00
 -3
    1PSTEP                         7           1           1
  100CL  101 1.00000E+00          16                     0    1           1
 -4  EXTFORC     7    1
 -5  F1          1    2    1    0
 -5  F2          1    2    2    0
 -5  F3          1    2    3    0
 -5  F4          1    1    4    0
 -5  F5          1    1    5    0
 -5  F6          1    1    6    0
 -5  ALL         1    2    0    0    1ALL
 -1         1 0.00000E+00 0.00000E+00 0.00000E+00 0.00000E+00 0.00000E+00 0.00000E+00
 -2           0.00000E+00
 -1         2 0.00000E+00 0.00000E+00 0.00000E+00 0.00000E+00 0.00000E+00 0.00000E+00
 -2           0.00000E+00
 -1         3 0.00000E+00 0.00000E+00 0.00000E+00 0.00000E+00 0.00000E+00 0.00000E+00
 -2           0.00000E+00
 -1         4 0.00000E+00 0.00000E+00 0.00000E+00 0.00000E+00 0.00000E+00 0.00000E+00
 -2           0.00000E+00
 -1         5 0.00000E+00 0.00000E+00 0.00000E+00 0.00000E+00 0.00000E+00 0.00000E+00
 -2           0.00000E+00
 -1         6 0.00000E+00 0.00000E+00 0.00000E+00 0.00000E+00 0.00000E+00 0.00000E+00
 -2           0.00000E+00
 -1         7 0.00000E+00 0.00000E+00 0.00000E+00 0.00000E+00 0.00000E+00 0.00000E+00
 -2           0.00000E+00
 -1         8 0.00000E+00 0.00000E+00 0.00000E+00 0.00000E+00 0.00000E+00 0.00000E+00
 -2           0.00000E+00
 -1         9 0.00000E+00 0.00000E+00 0.00000E+00 0.00000E+00 0.00000E+00 0.00000E+00
 -2           0.00000E+00
 -1        10 0.00000E+00 0.00000E+00 0.00000E+00 0.00000E+00 0.00000E+00 0.00000E+00
 -2           0.00000E+00
 -1        11 0.00000E+00 0.00000E+00 0.00000E+00 0.00000E+00 0.00000E+00 0.00000E+00
 -2           0.00000E+00
 -1        12 0.00000E+00 0.00000E+00 0.00000E+00 0.00000E+00 0.00000E+00 0.00000E+00
 -2           0.00000E+00
 -1        13 0.00000E+00 0.00000E+00 0.00000E+00 0.00000E+00 0.00000E+00 0.00000E+00
 -2           0.00000E+00
 -1        14 0.00000E+00 0.00000E+00 0.00000E+00 0.00000E+00 0.00000E+00 0.00000E+00
 -2           0.00000E+00
 -1        15 0.00000E+00 0.00000E+00 0.00000E+00 0.00000E+00 0.00000E+00 0.00000E+00
 -2           0.00000E+00
 -1        16 0.00000E+00 0.00000E+00 0.00000E+00 0.00000E+00 0.00000E+00 0.00000E+00
 -2           0.00000E+00
 -3
    1PSTEP                         8           1           1
  100CL  101 1.00000E+00          16                     0    1           1
 -4  PTFORC      4    1
 -5  F1          1    2    1    0
 -5  F2          1    2    2    0
 -5  F3          1    2    3    0
 -5  ALL         1    2    0    0    1ALL
 -1         1 0.00000E+00 0.00000E+00 0.00000E+00 0.00000E+00
 -1         2 0.00000E+00 0.00000E+00 0.00000E+00 0.00000E+00
 -1         3 0.00000E+00 0.00000E+00 0.00000E+00 0.00000E+00
 -1         4 0.00000E+00 0.00000E+00 0.00000E+00 0.00000E+00
 -1         5 0.00000E+00 0.00000E+00 0.00000E+00 0.00000E+00
 -1         6 0.00000E+00 0.00000E+00 0.00000E+00 0.00000E+00
 -1         7 0.00000E+00 0.00000E+00 0.00000E+00 0.00000E+00
 -1         8 0.00000E+00 0.00000E+00 0.00000E+00 0.00000E+00
 -1         9 0.00000E+00 0.00000E+00 0.00000E+00 0.00000E+00
 -1        10 0.00000E+00 0.00000E+00 0.00000E+00 0.00000E+00
 -1        11 0.00000E+00 0.00000E+00 0.00000E+00 0.00000E+00
 -1        12 0.00000E+00 0.00000E+00 0.00000E+00 0.00000E+00
 -1        13 0.00000E+00 0.00000E+00 0.00000E+00 0.00000E+00
 -1        14 0.00000E+00 0.00000E+00 0.00000E+00 0.00000E+00
 -1        15 0.00000E+00 0.00000E+00 0.00000E+00 0.00000E+00
 -1        16 0.00000E+00 0.00000E+00 0.00000E+00 0.00000E+00
 -3
    1PSTEP                         9           1           1
  100CL  101 1.00000E+00          16                     0    1           1
 -4  PTGAP       1    1
 -5  GAP         1    1    1    0
 -1         1 0.00000E+00
 -1         2 0.00000E+00
 -1         3 0.00000E+00
 -1         4 0.00000E+00
 -1         5 0.00000E+00
 -1         6 0.00000E+00
 -1         7 0.00000E+00
 -1         8 0.00000E+00
 -1         9 1.00000E+00
 -1        10 0.00000E+00
 -1        11 1.00000E+00
 -1        12 0.00000E+00
 -1        13 1.00000E+00
 -1        14 0.00000E+00
 -1        15 1.00000E+00
 -1        16 0.00000E+00
 -3
    1PSTEP                        10           1           1
  100CL  101 1.00000E+00          16                     0    1           1
 -4  FORC        7    1
 -5  F1          1    2    1    0
 -5  F2          1    2    2    0
 -5  F3          1    2    3    0
 -5  F4          1    1    4    0
 -5  F5          1    1    5    0
 -5  F6          1    1    6    0
 -5  ALL         1    2    0    0    1ALL
 -1         1 5.82748E+02 1.93965E-01 7.77325E-02 0.00000E+00 0.00000E+00 0.00000E+00
 -2           5.82748E+02
 -1         2-5.82748E+02 1.93965E-01 7.77325E-02 0.00000E+00 0.00000E+00 0.00000E+00
 -2           5.82748E+02
 -1         3-5.82748E+02-1.93965E-01 7.77325E-02 0.00000E+00 0.00000E+00 0.00000E+00
 -2           5.82748E+02
 -1         4 5.82748E+02-1.93965E-01 7.77325E-02 0.00000E+00 0.00000E+00 0.00000E+00
 -2           5.82748E+02
 -1         5 5.82748E+02 1.93965E-01-7.77325E-02 0.00000E+00 0.00000E+00 0.00000E+00
 -2           5.82748E+02
 -1         6-5.82748E+02 1.93965E-01-7.77325E-02 0.00000E+00 0.00000E+00 0.00000E+00
 -2           5.82748E+02
 -1         7-5.82748E+02-1.93965E-01-7.77325E-02 0.00000E+00 0.00000E+00 0.00000E+00
 -2           5.82748E+02
 -1         8 5.82748E+02-1.93965E-01-7.77325E-02 0.00000E+00 0.00000E+00 0.00000E+00
 -2           5.82748E+02
 -1         9 0.00000E+00 0.00000E+00 0.00000E+00 0.00000E+00 0.00000E+00 0.00000E+00
 -2           0.00000E+00
 -1        10 0.00000E+00 0.00000E+00 0.00000E+00 0.00000E+00 0.00000E+00 0.00000E+00
 -2           0.00000E+00
 -1        11 0.00000E+00 0.00000E+00 0.00000E+00 0.00000E+00 0.00000E+00 0.00000E+00
 -2           0.00000E+00
 -1        12 0.00000E+00 0.00000E+00 0.00000E+00 0.00000E+00 0.00000E+00 0.00000E+00
 -2           0.00000E+00
 -1        13 0.00000E+00 0.00000E+00 0.00000E+00 0.00000E+00 0.00000E+00 0.00000E+00
 -2           0.00000E+00
 -1        14 0.00000E+00 0.00000E+00 0.00000E+00 0.00000E+00 0.00000E+00 0.00000E+00
 -2           0.00000E+00
 -1        15 0.00000E+00 0.00000E+00 0.00000E+00 0.00000E+00 0.00000E+00 0.00000E+00
 -2           0.00000E+00
 -1        16 0.00000E+00 0.00000E+00 0.00000E+00 0.00000E+00 0.00000E+00 0.00000E+00
 -2           0.00000E+00
 -3
 9999
