    1CFEMAST
    1Ugenerated by FEMaster
    2C                            12                                     1
 -1         1 0.00000E+00 0.00000E+00 0.00000E+00
 -1         2 1.00000E+02 0.00000E+00 0.00000E+00
 -1         3 1.00000E+02 5.00000E+01 0.00000E+00
 -1         4 0.00000E+00 0.00000E+00 2.00000E+01
 -1         5 5.00000E+01 0.00000E+00 0.00000E+00
 -1         6 5.00000E+01 0.00000E+00 0.00000E+00
 -1         7 5.00000E+01 2.50000E+01 0.00000E+00
 -1         8 5.00000E+01 2.50000E+01 0.00000E+00
 -1         9 5.00000E+01 0.00000E+00 1.00000E+01
 -1        10 5.00000E+01 0.00000E+00 1.00000E+01
 -1        11 5.00000E+01 2.50000E+01 1.00000E+01
 -1        12 5.00000E+01 2.50000E+01 1.00000E+01
 -3
    3C                             6                                     1
 -1         1    3    0    0
 -2         4         5         7        11
 -1         2    3    0    0
 -2         1         4         5         7
 -1         3    3    0    0
 -2         4         5        11         9
 -1         4    3    0    0
 -2         2         3         6        10
 -1         5    3    0    0
 -2         3         6        10        12
 -1         6    3    0    0
 -2         3         6        12         8
 -3
    1PSTEP                         1           1           1
  100CL  101 1.00000E+00          12                     0    1           1
 -4  DISP        7    1
 -5  D1          1    2    1    0
 -5  D2          1    2    2    0
 -5  D3          1    2    3    0
 -5  D4          1    1    4    0
 -5  D5          1    1    5    0
 -5  D6          1    1    6    0
 -5  ALL         1    2    0    0    1ALL
 -1         1 1.82067E+00-4.67826E-13 3.64135E-01 0.00000E+00 0.00000E+00 0.00000E+00
 -2           1.85673E+00
 -1         2 4.64206E+00 1.61807E-11-3.64135E-01 0.00000E+00 0.00000E+00 0.00000E+00
 -2           4.65632E+00
 -1         3 4.61067E+00-7.02192E-06 5.45267E-12 0.00000E+00 0.00000E+00 0.00000E+00
 -2           4.61067E+00
 -1         4 5.67694E+00-3.97216E-01 3.63989E-01 0.00000E+00 0.00000E+00 0.00000E+00
 -2           5.70244E+00
 -1         5 1.82134E+00 3.14227E-02-9.27425E+00 0.00000E+00 0.00000E+00 0.00000E+00
 -2           9.45145E+00
 -1         6 4.64207E+00-3.14267E-02-8.93520E+00 0.00000E+00 0.00000E+00 0.00000E+00
 -2           1.00691E+01
 -1         7 1.80562E+00 3.14107E-02-8.77773E+00 0.00000E+00 0.00000E+00 0.00000E+00
 -2           8.96157E+00
 -1         8 4.62623E+00-3.13702E-02-8.75254E+00 0.00000E+00 0.00000E+00 0.00000E+00
 -2           9.90000E+00
 -1         9 3.74879E+00-1.67191E-01-9.27416E+00 0.00000E+00 0.00000E+00 0.00000E+00
 -2           1.00046E+01
 -1        10 2.92806E+00-1.04350E-01-8.93519E+00 0.00000E+00 0.00000E+00 0.00000E+00
 -2           9.40330E+00
 -1        11 3.73308E+00-1.67172E-01-8.77765E+00 0.00000E+00 0.00000E+00 0.00000E+00
 -2           9.53997E+00
 -1        12 2.91247E+00-1.04382E-01-8.75259E+00 0.00000E+00 0.00000E+00 0.00000E+00
 -2           9.22503E+00
 -3
    1PSTEP                         2           1           1
  100CL  101 1.00000E+00          12                     0    1           1
 -4  TOSTRAIN    6    1
 -5  EXX         1    4    1    1
 -5  EYY         1    4    2    2
 -5  EZZ         1    4    3    3
 -5  EYZ         1    4    2    3
 -5  EZX         1    4    3    1
 -5  EXY         1    4    1    2
 -1         1 1.33235E-05-4.80719E-07-7.30188E-06 1.25263E-07 4.54452E-05-3.13157E-07
 -1         2-1.40439E-07-1.40439E-07 8.83871E-07-9.65521E-06 2.00591E-05 6.23612E-07
 -1         3 2.75332E-07 2.75273E-07-1.05630E-06 2.53495E-06 1.31232E-05-2.07871E-07
 -1         4-4.66970E-06-6.82208E-08 3.19563E-06 6.41695E-07 4.66113E-06 1.04386E-07
 -1         5-4.66970E-06-6.82208E-08 3.19563E-06 6.41695E-07 4.66113E-06 1.04386E-07
 -1         6 2.75332E-07 2.75273E-07-1.05630E-06 2.53495E-06 1.31232E-05-2.07871E-07
 -1         7-5.42194E-08-4.80719E-07 3.14644E-07 1.38867E-06 1.50474E-05 1.92204E-07
 -1         8 5.41169E-06 2.25906E-06-4.93663E-06 5.35431E-06 2.08123E-05-7.32802E-06
 -1         9-1.39006E-05 7.56776E-07 8.95761E-06-8.52246E-07-1.61115E-05-7.12503E-08
 -1        10-2.29285E-06-7.16619E-07 8.83871E-07 1.12527E-06 9.27860E-06 3.35220E-06
 -1        11-1.36663E-05 1.38028E-07 8.44439E-06 8.99911E-07-1.57309E-05 3.13157E-07
 -1        12 4.83218E-07 4.83130E-07-2.02638E-06 8.63003E-06 9.65521E-06-6.23612E-07
 -3
    1PSTEP                         3           1           1
  100CL  101 1.00000E+00          12                     0    1           1
 -4  STRESS      6    1
 -5  SXX         1    4    1    1
 -5  SYY         1    4    2    2
 -5  SZZ         1    4    3    3
 -5  SYZ         1    4    2    3
 -5  SZX         1    4    3    1
 -5  SXY         1    4    1    2
 -1         1 2.82357E+00 5.93651E-01-5.08229E-01 1.01174E-02 3.67057E+00-2.52935E-02
 -1         2 5.03687E-02 5.03687E-02 2.15834E-01-7.79844E-01 1.62016E+00 5.03687E-02
 -1         3-1.67896E-02-1.67990E-02-2.31899E-01 2.04746E-01 1.05995E+00-1.67896E-02
 -1         4-9.41189E-01-1.97874E-01 3.29364E-01 5.18292E-02 3.76476E-01 8.43116E-03
 -1         5-9.41189E-01-1.97874E-01 3.29364E-01 5.18292E-02 3.76476E-01 8.43116E-03
 -1         6-1.67896E-02-1.67990E-02-2.31899E-01 2.04746E-01 1.05995E+00-1.67896E-02
 -1         7-3.54480E-02-1.04344E-01 2.41376E-02 1.12161E-01 1.21537E+00 1.55242E-02
 -1         8 1.20545E+00 6.96174E-01-4.66206E-01 4.32464E-01 1.68099E+00-5.91878E-01
 -1         9-2.75267E+00-3.84934E-01 9.39816E-01-6.88352E-02-1.30131E+00-5.75483E-03
 -1        10-6.27907E-01-3.73286E-01-1.14745E-01 9.08875E-02 7.49425E-01 2.70755E-01
 -1        11-2.82357E+00-5.93636E-01 7.48160E-01 7.26852E-02-1.27057E+00 2.52935E-02
 -1        12-5.03687E-02-5.03829E-02-4.55765E-01 6.97041E-01 7.79844E-01-5.03687E-02
 -3
    1PSTEP                         4           1           1
  100CL  101 1.00000E+00          12                     0    1           1
 -4  STRPOS      6    1
 -5  SXX         1    4    1    1
 -5  SYY         1    4    2    2
 -5  SZZ         1    4    3    3
 -5  SYZ         1    4    2    3
 -5  SZX         1    4    3    1
 -5  SXY         1    4    1    2
 -1         1 2.82357E+00 5.93651E-01-5.08229E-01 1.01174E-02 3.67057E+00-2.52935E-02
 -1         2 5.03687E-02 5.03687E-02 2.15834E-01-7.79844E-01 1.62016E+00 5.03687E-02
 -1         3-1.67896E-02-1.67990E-02-2.31899E-01 2.04746E-01 1.05995E+00-1.67896E-02
 -1         4-9.41189E-01-1.97874E-01 3.29364E-01 5.18292E-02 3.76476E-01 8.43116E-03
 -1         5-9.41189E-01-1.97874E-01 3.29364E-01 5.18292E-02 3.76476E-01 8.43116E-03
 -1         6-1.67896E-02-1.67990E-02-2.31899E-01 2.04746E-01 1.05995E+00-1.67896E-02
 -1         7-3.54480E-02-1.04344E-01 2.41376E-02 1.12161E-01 1.21537E+00 1.55242E-02
 -1         8 1.20545E+00 6.96174E-01-4.66206E-01 4.32464E-01 1.68099E+00-5.91878E-01
 -1         9-2.75267E+00-3.84934E-01 9.39816E-01-6.88352E-02-1.30131E+00-5.75483E-03
 -1        10-6.27907E-01-3.73286E-01-1.14745E-01 9.08875E-02 7.49425E-01 2.70755E-01
 -1        11-2.82357E+00-5.93636E-01 7.48160E-01 7.26852E-02-1.27057E+00 2.52935E-02
 -1        12-5.03687E-02-5.03829E-02-4.55765E-01 6.97041E-01 7.79844E-01-5.03687E-02
 -3
    1PSTEP                         5           1           1
  100CL  101 1.00000E+00          12                     0    1           1
 -4  STRNEG      6    1
 -5  SXX         1    4    1    1
 -5  SYY         1    4    2    2
 -5  SZZ         1    4    3    3
 -5  SYZ         1    4    2    3
 -5  SZX         1    4    3    1
 -5  SXY         1    4    1    2
 -1         1 2.82357E+00 5.93651E-01-5.08229E-01 1.01174E-02 3.67057E+00-2.52935E-02
 -1         2 5.03687E-02 5.03687E-02 2.15834E-01-7.79844E-01 1.62016E+00 5.03687E-02
 -1         3-1.67896E-02-1.67990E-02-2.31899E-01 2.04746E-01 1.05995E+00-1.67896E-02
 -1         4-9.41189E-01-1.97874E-01 3.29364E-01 5.18292E-02 3.76476E-01 8.43116E-03
 -1         5-9.41189E-01-1.97874E-01 3.29364E-01 5.18292E-02 3.76476E-01 8.43116E-03
 -1         6-1.67896E-02-1.67990E-02-2.31899E-01 2.04746E-01 1.05995E+00-1.67896E-02
 -1         7-3.54480E-02-1.04344E-01 2.41376E-02 1.12161E-01 1.21537E+00 1.55242E-02
 -1         8 1.20545E+00 6.96174E-01-4.66206E-01 4.32464E-01 1.68099E+00-5.91878E-01
 -1         9-2.75267E+00-3.84934E-01 9.39816E-01-6.88352E-02-1.30131E+00-5.75483E-03
 -1        10-6.27907E-01-3.73286E-01-1.14745E-01 9.08875E-02 7.49425E-01 2.70755E-01
 -1        11-2.82357E+00-5.93636E-01 7.48160E-01 7.26852E-02-1.27057E+00 2.52935E-02
 -1        12-5.03687E-02-5.03829E-02-4.55765E-01 6.97041E-01 7.79844E-01-5.03687E-02
 -3
    1PSTEP                         6           1           1
  100CL  101 1.00000E+00          12                     0    1           1
 -4  SHR         8    1
 -5  NXX         1    2    1    0
 -5  NYY         1    2    2    0
 -5  NXY         1    2    3    0
 -5  MXX         1    2    4    0
 -5  MYY         1    2    5    0
 -5  MXY         1    2    6    0
 -5  QX          1    2    7    0
 -5  QY          1    2    8    0
 -1         1 0.00000E+00 0.00000E+00 0.00000E+00 0.00000E+00 0.00000E+00 0.00000E+00
 -2           0.00000E+00 0.00000E+00
 -1         2 0.00000E+00 0.00000E+00 0.00000E+00 0.00000E+00 0.00000E+00 0.00000E+00
 -2           0.00000E+00 0.00000E+00
 -1         3 0.00000E+00 0.00000E+00 0.00000E+00 0.00000E+00 0.00000E+00 0.00000E+00
 -2           0.00000E+00 0.00000E+00
 -1         4 0.00000E+00 0.00000E+00 0.00000E+00 0.00000E+00 0.00000E+00 0.00000E+00
 -2           0.00000E+00 0.00000E+00
 -1         5 0.00000E+00 0.00000E+00 0.00000E+00 0.00000E+00 0.00000E+00 0.00000E+00
 -2           0.00000E+00 0.00000E+00
 -1         6 0.00000E+00 0.00000E+00 0.00000E+00 0.00000E+00 0.00000E+00 0.00000E+00
 -2           0.00000E+00 0.00000E+00
 -1         7 0.00000E+00 0.00000E+00 0.00000E+00 0.00000E+00 0.00000E+00 0.00000E+00
 -2           0.00000E+00 0.00000E+00
 -1         8 0.00000E+00 0.00000E+00 0.00000E+00 0.00000E+00 0.00000E+00 0.00000E+00
 -2           0.00000E+00 0.00000E+00
 -1         9 0.00000E+00 0.00000E+00 0.00000E+00 0.00000E+00 0.00000E+00 0.00000E+00
 -2           0.00000E+00 0.00000E+00
 -1        10 0.00000E+00 0.00000E+00 0.00000E+00 0.00000E+00 0.00000E+00 0.00000E+00
 -2           0.00000E+00 0.00000E+00
 -1        11 0.00000E+00 0.00000E+00 0.00000E+00 0.00000E+00 0.00000E+00 0.00000E+00
 -2           0.00000E+00 0.00000E+00
 -1        12 0.00000E+00 0.00000E+00 0.00000E+00 0.00000E+00 0.00000E+00 0.00000E+00
 -2           0.00000E+00 0.00000E+00
 -3
    1PSTEP                         7           1           1
  100CL  101 1.00000E+00          12                     0    1           1
 -4  EXTFORC     7    1
 -5  F1          1    2    1    0
 -5  F2          1    2    2    0
 -5  F3          1    2    3    0
 -5  F4          1    1    4    0
 -5  F5          1    1    5    0
 -5  F6          1    1    6    0
 -5  ALL         1    2    0    0    1ALL
 -1         1 0.00000E+00 0.00000E+00 0.00000E+00 0.00000E+00 0.00000E+00 0.00000E+00
 -2           0.00000E+00
 -1         2 0.00000E+00 0.00000E+00 0.00000E+00 0.00000E+00 0.00000E+00 0.00000E+00
 -2           0.00000E+00
 -1         3 0.00000E+00 0.00000E+00 0.00000E+00 0.00000E+00 0.00000E+00 0.00000E+00
 -2           0.00000E+00
 -1         4 1.00000E+03 0.00000E+00 0.00000E+00 0.00000E+00 0.00000E+00 0.00000E+00
 -2           1.00000E+03
 -1         5 0.00000E+00 0.00000E+00 0.00000E+00 0.00000E+00 0.00000E+00 0.00000E+00
 -2           0.00000E+00
 -1         6 0.00000E+00 0.00000E+00 0.00000E+00 0.00000E+00 0.00000E+00 0.00000E+00
 -2           0.00000E+00
 -1         7 0.00000E+00 0.00000E+00 0.00000E+00 0.00000E+00 0.00000E+00 0.00000E+00
 -2           0.00000E+00
 -1         8 0.00000E+00 0.00000E+00 0.00000E+00 0.00000E+00 0.00000E+00 0.00000E+00
 -2           0.00000E+00
 -1         9 0.00000E+00 0.00000E+00 0.00000E+00 0.00000E+00 0.00000E+00 0.00000E+00
 -2           0.00000E+00
 -1        10 0.00000E+00 0.00000E+00 0.00000E+00 0.00000E+00 0.00000E+00 0.00000E+00
 -2           0.00000E+00
 -1        11 0.00000E+00 0.00000E+00 0.00000E+00 0.00000E+00 0.00000E+00 0.00000E+00
 -2           0.00000E+00
 -1        12 0.00000E+00 0.00000E+00 0.00000E+00 0.00000E+00 0.00000E+00 0.00000E+00
 -2           0.00000E+00
 -3
    1PSTEP                         8           1           1
  100CL  101 1.00000E+00          12                     0    1           1
 -4  PTFORC      4    1
 -5  F1          1    2    1    0
 -5  F2          1    2    2    0
 -5  F3          1    2    3    0
 -5  ALL         1    2    0    0    1ALL
 -1         1 0.00000E+00 0.00000E+00 0.00000E+00 0.00000E+00
 -1         2 0.00000E+00 0.00000E+00 0.00000E+00 0.00000E+00
 -1         3 0.00000E+00 0.00000E+00 0.00000E+00 0.00000E+00
 -1         4 0.00000E+00 0.00000E+00 0.00000E+00 0.00000E+00
 -1         5 0.00000E+00 0.00000E+00 0.00000E+00 0.00000E+00
 -1         6 0.00000E+00 0.00000E+00 0.00000E+00 0.00000E+00
 -1         7 0.00000E+00 0.00000E+00 0.00000E+00 0.00000E+00
 -1         8 0.00000E+00 0.00000E+00 0.00000E+00 0.00000E+00
 -1         9 0.00000E+00 0.00000E+00 0.00000E+00 0.00000E+00
 -1        10 0.00000E+00 0.00000E+00 0.00000E+00 0.00000E+00
 -1        11 0.00000E+00 0.00000E+00 0.00000E+00 0.00000E+00
 -1        12 0.00000E+00 0.00000E+00 0.00000E+00 0.00000E+00
 -3
    1PSTEP                         9           1           1
  100CL  101 1.00000E+00          12                     0    1           1
 -4  FORC        7    1
 -5  F1          1    2    1    0
 -5  F2          1    2    2    0
 -5  F3          1    2    3    0
 -5  F4          1    1    4    0
 -5  F5          1    1    5    0
 -5  F6          1    1    6    0
 -5  ALL         1    2    0    0    1ALL
 -1         1-1.00000E+03 1.63038E-09-2.00000E+02 0.00000E+00 0.00000E+00 0.00000E+00
 -2           1.01980E+03
 -1         2 0.00000E+00-1.40517E-10 2.00000E+02 0.00000E+00 0.00000E+00 0.00000E+00
 -2           2.00000E+02
 -1         3 0.00000E+00 0.00000E+00 3.25235E-09 0.00000E+00 0.00000E+00 0.00000E+00
 -2           3.25235E-09
 -1         4 0.00000E+00 0.00000E+00 0.00000E+00 0.00000E+00 0.00000E+00 0.00000E+00
 -2           0.00000E+00
 -1         5 0.00000E+00 0.00000E+00 0.00000E+00 0.00000E+00 0.00000E+00 0.00000E+00
 -2           0.00000E+00
 -1         6 0.00000E+00 0.00000E+00 0.00000E+00 0.00000E+00 0.00000E+00 0.00000E+00
 -2           0.00000E+00
 -1         7 0.00000E+00 0.00000E+00 0.00000E+00 0.00000E+00 0.00000E+00 0.00000E+00
 -2           0.00000E+00
 -1         8 0.00000E+00 0.00000E+00 0.00000E+00 0.00000E+00 0.00000E+00 0.00000E+00
 -2           0.00000E+00
 -1         9 0.00000E+00 0.00000E+00 0.00000E+00 0.00000E+00 0.00000E+00 0.00000E+00
 -2           0.00000E+00
 -1        10 0.00000E+00 0.00000E+00 0.00000E+00 0.00000E+00 0.00000E+00 0.00000E+00
 -2           0.00000E+00
 -1        11 0.00000E+00 0.00000E+00 0.00000E+00 0.00000E+00 0.00000E+00 0.00000E+00
 -2           0.00000E+00
 -1        12 0.00000E+00 0.00000E+00 0.00000E+00 0.00000E+00 0.00000E+00 0.00000E+00
 -2           0.00000E+00
 -3
 9999
