    1CFEMAST
    1Ugenerated by FEMaster
    2C                             3                                     1
 -1         1 0.00000E+00 0.00000E+00 0.00000E+00
 -1         2 1.00000E+03 0.00000E+00 0.00000E+00
 -1         3 5.00000E+02 3.00000E+02 0.00000E+00
 -3
    3C                             3                                     1
 -1         1   11    0    0
 -2         1         3
 -1         2   11    0    0
 -2         2         3
 -1         3   11    0    0
 -2         1         2
 -3
    1PSTEP                         1           1           1
  100CL  101 1.00000E+00           3                     0    1           1
 -4  DISP        7    1
 -5  D1          1    2    1    0
 -5  D2          1    2    2    0
 -5  D3          1    2    3    0
 -5  D4          1    1    4    0
 -5  D5          1    1    5    0
 -5  D6          1    1    6    0
 -5  ALL         1    2    0    0    1ALL
 -1         1 0.00000E+00 0.00000E+00 0.00000E+00 0.00000E+00 0.00000E+00 0.00000E+00
 -2           0.00000E+00
 -1         2 3.96825E-02 0.00000E+00 0.00000E+00 0.00000E+00 0.00000E+00 0.00000E+00
 -2           3.96825E-02
 -1         3 1.98413E-02-8.55165E-02 0.00000E+00 0.00000E+00 0.00000E+00 0.00000E+00
 -2           8.77881E-02
 -3
    1PSTEP                         2           1           1
  100CL  101 1.00000E+00           3                     0    1           1
 -4  TOSTRAIN    6    1
 -5  EXX         1    4    1    1
 -5  EYY         1    4    2    2
 -5  EZZ         1    4    3    3
 -5  EYZ         1    4    2    3
 -5  EZX         1    4    3    1
 -5  EXY         1    4    1    2
 -1         1-3.29743E-06 0.00000E+00 0.00000E+00 0.00000E+00 0.00000E+00 0.00000E+00
 -1         2-3.29743E-06 0.00000E+00 0.00000E+00 0.00000E+00 0.00000E+00 0.00000E+00
 -1         3-4.62774E-05 0.00000E+00 0.00000E+00 0.00000E+00 0.00000E+00 0.00000E+00
 -3
    1PSTEP                         3           1           1
  100CL  101 1.00000E+00           3                     0    1           1
 -4  STRESS      6    1
 -5  SXX         1    4    1    1
 -5  SYY         1    4    2    2
 -5  SZZ         1    4    3    3
 -5  SYZ         1    4    2    3
 -5  SZX         1    4    3    1
 -5  SXY         1    4    1    2
 -1         1-6.92460E-01 0.00000E+00 0.00000E+00 0.00000E+00 0.00000E+00 0.00000E+00
 -1         2-6.92460E-01 0.00000E+00 0.00000E+00 0.00000E+00 0.00000E+00 0.00000E+00
 -1         3-9.71825E+00 0.00000E+00 0.00000E+00 0.00000E+00 0.00000E+00 0.00000E+00
 -3
    1PSTEP                         4           1           1
  100CL  101 1.00000E+00           3                     0    1           1
 -4  STRPOS      6    1
 -5  SXX         1    4    1    1
 -5  SYY         1    4    2    2
 -5  SZZ         1    4    3    3
 -5  SYZ         1    4    2    3
 -5  SZX         1    4    3    1
 -5  SXY         1    4    1    2
 -1         1-6.92460E-01 0.00000E+00 0.00000E+00 0.00000E+00 0.00000E+00 0.00000E+00
 -1         2-6.92460E-01 0.00000E+00 0.00000E+00 0.00000E+00 0.00000E+00 0.00000E+00
 -1         3-9.71825E+00 0.00000E+00 0.00000E+00 0.00000E+00 0.00000E+00 0.00000E+00
 -3
    1PSTEP                         5           1           1
  100CL  101 1.00000E+00           3                     0    1           1
 -4  STRNEG      6    1
 -5  SXX         1    4    1    1
 -5  SYY         1    4    2    2
 -5  SZZ         1    4    3    3
 -5  SYZ         1    4    2    3
 -5  SZX         1    4    3    1
 -5  SXY         1    4    1    2
 -1         1-6.92460E-01 0.00000E+00 0.00000E+00 0.00000E+00 0.00000E+00 0.00000E+00
 -1         2-6.92460E-01 0.00000E+00 0.00000E+00 0.00000E+00 0.00000E+00 0.00000E+00
 -1         3-9.71825E+00 0.00000E+00 0.00000E+00 0.00000E+00 0.00000E+00 0.00000E+00
 -3
    1PSTEP                         6           1           1
  100CL  101 1.00000E+00           3                     0    1           1
 -4  SHR         8    1
 -5  NXX         1    2    1    0
 -5  NYY         1    2    2    0
 -5  NXY         1    2    3    0
 -5  MXX         1    2    4    0
 -5  MYY         1    2    5    0
 -5  MXY         1    2    6    0
 -5  QX          1    2    7    0
 -5  QY          1    2    8    0
 -1         1 0.00000E+00 0.00000E+00 0.00000E+00 0.00000E+00 0.00000E+00 0.00000E+00
 -2           0.00000E+00 0.00000E+00
 -1         2 0.00000E+00 0.00000E+00 0.00000E+00 0.00000E+00 0.00000E+00 0.00000E+00
 -2           0.00000E+00 0.00000E+00
 -1         3 0.00000E+00 0.00000E+00 0.00000E+00 0.00000E+00 0.00000E+00 0.00000E+00
 -2           0.00000E+00 0.00000E+00
 -3
    1PSTEP                         7           1           1
  100CL  101 1.00000E+00           3                     0    1           1
 -4  EXTFORC     7    1
 -5  F1          1    2    1    0
 -5  F2          1    2    2    0
 -5  F3          1    2    3    0
 -5  F4          1    1    4    0
 -5  F5          1    1    5    0
 -5  F6          1    1    6    0
 -5  ALL         1    2    0    0    1ALL
 -1         1 0.00000E+00 0.00000E+00 0.00000E+00 0.00000E+00 0.00000E+00 0.00000E+00
 -2           0.00000E+00
 -1         2 0.00000E+00 0.00000E+00 0.00000E+00 0.00000E+00 0.00000E+00 0.00000E+00
 -2           0.00000E+00
 -1         3 0.00000E+00-1.00000E+03 0.00000E+00 0.00000E+00 0.00000E+00 0.00000E+00
 -2           1.00000E+03
 -3
    1PSTEP                         8           1           1
  100CL  101 1.00000E+00           3                     0    1           1
 -4  FORC        7    1
 -5  F1          1    2    1    0
 -5  F2          1    2    2    0
 -5  F3          1    2    3    0
 -5  F4          1    1    4    0
 -5  F5          1    1    5    0
 -5  F6          1    1    6    0
 -5  ALL         1    2    0    0    1ALL
 -1         1-2.27374E-13 5.00000E+02-0.00000E+00 0.00000E+00 0.00000E+00 0.00000E+00
 -2           5.00000E+02
 -1         2 0.00000E+00 5.00000E+02-0.00000E+00 0.00000E+00 0.00000E+00 0.00000E+00
 -2           5.00000E+02
 -1         3 0.00000E+00 0.00000E+00 0.00000E+00 0.00000E+00 0.00000E+00 0.00000E+00
 -2           0.00000E+00
 -3
 9999
