    1CFEMAST
    1Ugenerated by FEMaster
    2C                            28                                     1
 -1         1 0.00000E+00 0.00000E+00 0.00000E+00
 -1         2 1.00000E+02 0.00000E+00 0.00000E+00
 -1         3 0.00000E+00 5.00000E+01 0.00000E+00
 -1         4 0.00000E+00 0.00000E+00 2.00000E+01
 -1         7 0.00000E+00 2.50000E+01 0.00000E+00
 -1         8 0.00000E+00 0.00000E+00 1.00000E+01
 -1        10 0.00000E+00 2.50000E+01 1.00000E+01
 -1        11 2.50000E+01 0.00000E+00 0.00000E+00
 -1        12 2.50000E+01 0.00000E+00 0.00000E+00
 -1        13 2.50000E+01 3.75000E+01 0.00000E+00
 -1        14 2.50000E+01 3.75000E+01 0.00000E+00
 -1        15 2.50000E+01 0.00000E+00 1.50000E+01
 -1        16 2.50000E+01 0.00000E+00 1.50000E+01
 -1        17 1.25000E+01 0.00000E+00 0.00000E+00
 -1        18 1.25000E+01 2.50000E+01 0.00000E+00
 -1        19 1.25000E+01 0.00000E+00 1.00000E+01
 -1        20 1.25000E+01 4.37500E+01 0.00000E+00
 -1        21 1.25000E+01 1.87500E+01 1.00000E+01
 -1        22 2.50000E+01 1.87500E+01 0.00000E+00
 -1        23 1.25000E+01 0.00000E+00 1.75000E+01
 -1        24 2.50000E+01 0.00000E+00 7.50000E+00
 -1        25 2.50000E+01 1.87500E+01 7.50000E+00
 -1        26 6.25000E+01 0.00000E+00 0.00000E+00
 -1        27 2.50000E+01 0.00000E+00 7.50000E+00
 -1        28 6.25000E+01 0.00000E+00 7.50000E+00
 -1        29 6.25000E+01 1.87500E+01 0.00000E+00
 -1        30 2.50000E+01 1.87500E+01 0.00000E+00
 -1        31 2.50000E+01 1.87500E+01 7.50000E+00
 -3
    3C                             4                                     1
 -1         1    6    0    0
 -2         3         4        11        13        10        19        18        20        21        22
 -1         2    6    0    0
 -2         1         3         4        11         7        10         8        17        18        19
 -1         3    6    0    0
 -2         4        11        13        15        19        22        21        23        24        25
 -1         4    6    0    0
 -2         2        12        16        14        26        27        28        29        30        31
 -3
    1PSTEP                         1           1           1
  100CL  101 1.00000E+00          28                     0    1           1
 -4  DISP        7    1
 -5  D1          1    2    1    0
 -5  D2          1    2    2    0
 -5  D3          1    2    3    0
 -5  D4          1    1    4    0
 -5  D5          1    1    5    0
 -5  D6          1    1    6    0
 -5  ALL         1    2    0    0    1ALL
 -1         1 1.68247E+00-2.65302E-11 3.36494E-01 0.00000E+00 0.00000E+00 0.00000E+00
 -2           1.71579E+00
 -1         2 6.07050E+00-1.94638E-11-3.36494E-01 0.00000E+00 0.00000E+00 0.00000E+00
 -2           6.07982E+00
 -1         3 5.05045E+00-1.21387E-03-5.99032E-11 0.00000E+00 0.00000E+00 0.00000E+00
 -2           5.05045E+00
 -1         4 8.66024E+00 1.32003E-01 3.36720E-01 0.00000E+00 0.00000E+00 0.00000E+00
 -2           8.66778E+00
 -1         7 3.36693E+00-1.02407E-03 1.69643E-01 0.00000E+00 0.00000E+00 0.00000E+00
 -2           3.37120E+00
 -1         8 5.17111E+00 6.60152E-02 3.36439E-01 0.00000E+00 0.00000E+00 0.00000E+00
 -2           5.18247E+00
 -1        10 6.85494E+00 6.62425E-02 1.69839E-01 0.00000E+00 0.00000E+00 0.00000E+00
 -2           6.85736E+00
 -1        11 1.68642E+00-1.68326E+00-8.37976E+00 0.00000E+00 0.00000E+00 0.00000E+00
 -2           8.71193E+00
 -1        12 6.05136E+00-1.71965E+00-8.05804E+00 0.00000E+00 0.00000E+00 0.00000E+00
 -2           1.02229E+01
 -1        13 4.20901E+00-1.68395E+00-8.63050E+00 0.00000E+00 0.00000E+00 0.00000E+00
 -2           9.74869E+00
 -1        14 5.20901E+00-1.72265E+00-8.60046E+00 0.00000E+00 0.00000E+00 0.00000E+00
 -2           1.02014E+01
 -1        15 6.91215E+00-1.58423E+00-8.37920E+00 0.00000E+00 0.00000E+00 0.00000E+00
 -2           1.09772E+01
 -1        16 4.54722E+00-1.50914E+00-8.05798E+00 0.00000E+00 0.00000E+00 0.00000E+00
 -2           9.37474E+00
 -1        17 1.68441E+00-8.41908E-01-4.02272E+00 0.00000E+00 0.00000E+00 0.00000E+00
 -2           4.44166E+00
 -1        18 3.36752E+00-8.42643E-01-4.18947E+00 0.00000E+00 0.00000E+00 0.00000E+00
 -2           5.44076E+00
 -1        19 5.17121E+00-7.75837E-01-4.02299E+00 0.00000E+00 0.00000E+00 0.00000E+00
 -2           6.59756E+00
 -1        20 4.62963E+00-8.42811E-01-4.31638E+00 0.00000E+00 0.00000E+00 0.00000E+00
 -2           6.38553E+00
 -1        21 6.43333E+00-7.75581E-01-4.14757E+00 0.00000E+00 0.00000E+00 0.00000E+00
 -2           7.69361E+00
 -1        22 2.94765E+00-1.68371E+00-8.50435E+00 0.00000E+00 0.00000E+00 0.00000E+00
 -2           9.15683E+00
 -1        23 7.78603E+00-7.26274E-01-4.02269E+00 0.00000E+00 0.00000E+00 0.00000E+00
 -2           8.79385E+00
 -1        24 4.29933E+00-1.63377E+00-8.37969E+00 0.00000E+00 0.00000E+00 0.00000E+00
 -2           9.55891E+00
 -1        25 5.56125E+00-1.63353E+00-8.50448E+00 0.00000E+00 0.00000E+00 0.00000E+00
 -2           1.02918E+01
 -1        26 6.06561E+00-8.69332E-01-4.24721E+00 0.00000E+00 0.00000E+00 0.00000E+00
 -2           7.45561E+00
 -1        27 5.29884E+00-1.61428E+00-8.05854E+00 0.00000E+00 0.00000E+00 0.00000E+00
 -2           9.77873E+00
 -1        28 5.29411E+00-7.63958E-01-4.24725E+00 0.00000E+00 0.00000E+00 0.00000E+00
 -2           6.83011E+00
 -1        29 5.63532E+00-8.70047E-01-4.51465E+00 0.00000E+00 0.00000E+00 0.00000E+00
 -2           7.27295E+00
 -1        30 5.63057E+00-1.72190E+00-8.32548E+00 0.00000E+00 0.00000E+00 0.00000E+00
 -2           1.01972E+01
 -1        31 4.87805E+00-1.61354E+00-8.32545E+00 0.00000E+00 0.00000E+00 0.00000E+00
 -2           9.78325E+00
 -3
    1PSTEP                         2           1           1
  100CL  101 1.00000E+00          28                     0    1           1
 -4  TOSTRAIN    6    1
 -5  EXX         1    4    1    1
 -5  EYY         1    4    2    2
 -5  EZZ         1    4    3    3
 -5  EYZ         1    4    2    3
 -5  EZX         1    4    3    1
 -5  EXY         1    4    1    2
 -1         1 1.52516E-04-5.76481E-05-2.23048E-05-1.53307E-05 1.65141E-05 2.23890E-05
 -1         2 5.28204E-06 3.76301E-06-1.60878E-05 2.35783E-06 1.58476E-04 7.66054E-15
 -1         3-2.87052E-05 4.74669E-06 1.65347E-05-3.83477E-06-6.00389E-05 1.63724E-06
 -1         4-1.44400E-04 4.45904E-05 4.22986E-05 5.78512E-06 7.29027E-05-5.28930E-06
 -1         7 4.47197E-05-2.42774E-05 2.80730E-06-1.87243E-06-3.86908E-05 7.76690E-06
 -1         8 4.82480E-06-7.59450E-06 1.13319E-05-7.97890E-06 4.67350E-05 1.46432E-06
 -1        10-8.02673E-05 2.44021E-05 2.87792E-05-1.02185E-06 1.37787E-05-4.55381E-06
 -1        11 1.24717E-04-3.14568E-05-4.49206E-05 6.30125E-06-3.66555E-05-1.68279E-05
 -1        12 5.05033E-04-1.60374E-04-1.37615E-04 2.35783E-06-1.05651E-04-3.10862E-15
 -1        13 5.09028E-05-6.76756E-06-3.50092E-05 3.97942E-06 5.61306E-05 4.93883E-06
 -1        14-1.96161E-06 3.16932E-07 4.26017E-06-3.53674E-06-1.05651E-04 2.10942E-15
 -1        15-2.22465E-04 4.37549E-05 9.34949E-05-1.59089E-05-1.72264E-05 3.31489E-05
 -1        16-5.07541E-04 1.58626E-04 1.45212E-04-3.53674E-06 1.58476E-04-3.99680E-15
 -1        17 1.58262E-04-4.60790E-05-4.40957E-05-5.55975E-06 6.09928E-06 1.30592E-05
 -1        18 5.36766E-05-1.37367E-05-2.04612E-05 4.73638E-06-4.62737E-05-2.01413E-06
 -1        19-9.84143E-06 6.56681E-06-1.31101E-06 6.04318E-06 1.81236E-05-1.10586E-05
 -1        20 5.75207E-07-3.18378E-06 3.29942E-06-1.04720E-05-5.07927E-06 5.26705E-06
 -1        21-4.71322E-05 1.94442E-05 2.97722E-06 6.48533E-06 6.35034E-05 3.36753E-06
 -1        22 7.79875E-05-1.83489E-05-3.47234E-05 5.66286E-06 1.65258E-06-1.10839E-05
 -1        23-1.96003E-04 4.47055E-05 6.91717E-05-1.06785E-06 1.31446E-05 1.93854E-05
 -1        24-6.02148E-05 6.91236E-06 3.68237E-05-1.18101E-05-3.10879E-05-3.00185E-06
 -1        25-5.80717E-05 1.84937E-05 1.10139E-05-3.13075E-06 3.95057E-05 2.13111E-05
 -1        26 2.55158E-04-7.83053E-05-7.68511E-05 2.35783E-06 2.64127E-05 2.27596E-15
 -1        27-1.25362E-06-8.73861E-07 3.79897E-06-5.89457E-07 2.64127E-05-3.55271E-15
 -1        28-2.51129E-04 8.11945E-05 6.45623E-05-5.89457E-07 1.58476E-04 1.83187E-15
 -1        29 1.66022E-06 2.03997E-06-5.91381E-06-5.89457E-07 2.64127E-05 4.94049E-15
 -1        30 2.51536E-04-8.00284E-05-6.66772E-05-5.89457E-07-1.05651E-04-4.23273E-16
 -1        31-2.54751E-04 7.94714E-05 7.47363E-05-3.53674E-06 2.64127E-05-8.88178E-16
 -3
    1PSTEP                         3           1           1
  100CL  101 1.00000E+00          28                     0    1           1
 -4  STRESS      6    1
 -5  SXX         1    4    1    1
 -5  SYY         1    4    2    2
 -5  SZZ         1    4    3    3
 -5  SYZ         1    4    2    3
 -5  SZX         1    4    3    1
 -5  SXY         1    4    1    2
 -1         1 3.34285E+01-5.21069E-01 5.18823E+00-1.23825E+00 1.33383E+00 1.80834E+00
 -1         2 3.87831E-10-2.45382E-01-3.45205E+00 1.90440E-01 1.28000E+01 6.18736E-10
 -1         3-5.53642E+00-1.32649E-01 1.77157E+00-3.09732E-01-4.84929E+00 1.32238E-01
 -1         4-3.02939E+01 2.35346E-01-1.34867E-01 4.67260E-01 5.88830E+00-4.27213E-01
 -1         7 1.00407E+01-1.10495E+00 3.27027E+00-1.51234E-01-3.12502E+00 6.27327E-01
 -1         8 1.81673E+00-1.89464E-01 2.86787E+00-6.44450E-01 3.77475E+00 1.18272E-01
 -1        10-1.62478E+01 6.60306E-01 1.36737E+00-8.25344E-02 1.11290E+00-3.67808E-01
 -1        11 2.60032E+01 7.75105E-01-1.39982E+00 5.08947E-01-2.96064E+00-1.35917E+00
 -1        12 1.06667E+02-8.22176E-01 2.85430E+00 1.90440E-01-8.53333E+00-2.51081E-10
 -1        13 9.32841E+00 1.24330E-02-4.54967E+00 3.21415E-01 4.53363E+00 3.98905E-01
 -1        14-1.05364E-09 3.68073E-01 1.00506E+00-2.85660E-01-8.53333E+00 1.70377E-10
 -1        15-4.62608E+01-3.25604E+00 4.77887E+00-1.28495E+00-1.39136E+00 2.67741E+00
 -1        16-1.06667E+02 9.44867E-01-1.22193E+00-2.85660E-01 1.28000E+01-3.22819E-10
 -1        17 3.38144E+01 8.05497E-01 1.12587E+00-4.49057E-01 4.92634E-01 1.05478E+00
 -1        18 1.10308E+01 1.40919E-01-9.45352E-01 3.82554E-01-3.73749E+00-1.62680E-01
 -1        19-2.14534E+00 5.05226E-01-7.67346E-01 4.88103E-01 1.46383E+00-8.93194E-01
 -1        20 1.76617E-01-4.30604E-01 6.16681E-01-8.45813E-01-4.10249E-01 4.25416E-01
 -1        21-1.06075E+01 1.47191E-01-2.51287E+00 5.23816E-01 5.12912E+00 2.71993E-01
 -1        22 1.56166E+01 5.45294E-02-2.59058E+00 4.57385E-01 1.33477E-01-8.95235E-01
 -1        23-4.16120E+01-2.72826E+00 1.22397E+00-8.62492E-02 1.06168E+00 1.56574E+00
 -1        24-1.17235E+01-8.79852E-01 3.95197E+00-9.53894E-01-2.51095E+00-2.42457E-01
 -1        25-1.28415E+01-4.73219E-01-1.68150E+00-2.52869E-01 3.19084E+00 1.72128E+00
 -1        26 5.33333E+01-5.33779E-01-2.98874E-01 1.90440E-01 2.13333E+00 1.83827E-10
 -1        27 4.02963E-10 6.13455E-02 8.16188E-01-4.76100E-02 2.13333E+00-2.86950E-10
 -1        28-5.33333E+01 3.49743E-01-2.33699E+00-4.76100E-02 1.28000E+01 1.47959E-10
 -1        29-3.25061E-10 6.13455E-02-1.22350E+00-4.76100E-02 2.13333E+00 3.99040E-10
 -1        30 5.33333E+01-2.27052E-01 1.92968E+00-4.76100E-02-8.53333E+00-3.41874E-11
 -1        31-5.33333E+01 6.56470E-01-1.08434E-01-2.85660E-01 2.13333E+00-7.17375E-11
 -3
    1PSTEP                         4           1           1
  100CL  101 1.00000E+00          28                     0    1           1
 -4  STRPOS      6    1
 -5  SXX         1    4    1    1
 -5  SYY         1    4    2    2
 -5  SZZ         1    4    3    3
 -5  SYZ         1    4    2    3
 -5  SZX         1    4    3    1
 -5  SXY         1    4    1    2
 -1         1 3.34285E+01-5.21069E-01 5.18823E+00-1.23825E+00 1.33383E+00 1.80834E+00
 -1         2 3.87831E-10-2.45382E-01-3.45205E+00 1.90440E-01 1.28000E+01 6.18736E-10
 -1         3-5.53642E+00-1.32649E-01 1.77157E+00-3.09732E-01-4.84929E+00 1.32238E-01
 -1         4-3.02939E+01 2.35346E-01-1.34867E-01 4.67260E-01 5.88830E+00-4.27213E-01
 -1         7 1.00407E+01-1.10495E+00 3.27027E+00-1.51234E-01-3.12502E+00 6.27327E-01
 -1         8 1.81673E+00-1.89464E-01 2.86787E+00-6.44450E-01 3.77475E+00 1.18272E-01
 -1        10-1.62478E+01 6.60306E-01 1.36737E+00-8.25344E-02 1.11290E+00-3.67808E-01
 -1        11 2.60032E+01 7.75105E-01-1.39982E+00 5.08947E-01-2.96064E+00-1.35917E+00
 -1        12 1.06667E+02-8.22176E-01 2.85430E+00 1.90440E-01-8.53333E+00-2.51081E-10
 -1        13 9.32841E+00 1.24330E-02-4.54967E+00 3.21415E-01 4.53363E+00 3.98905E-01
 -1        14-1.05364E-09 3.68073E-01 1.00506E+00-2.85660E-01-8.53333E+00 1.70377E-10
 -1        15-4.62608E+01-3.25604E+00 4.77887E+00-1.28495E+00-1.39136E+00 2.67741E+00
 -1        16-1.06667E+02 9.44867E-01-1.22193E+00-2.85660E-01 1.28000E+01-3.22819E-10
 -1        17 3.38144E+01 8.05497E-01 1.12587E+00-4.49057E-01 4.92634E-01 1.05478E+00
 -1        18 1.10308E+01 1.40919E-01-9.45352E-01 3.82554E-01-3.73749E+00-1.62680E-01
 -1        19-2.14534E+00 5.05226E-01-7.67346E-01 4.88103E-01 1.46383E+00-8.93194E-01
 -1        20 1.76617E-01-4.30604E-01 6.16681E-01-8.45813E-01-4.10249E-01 4.25416E-01
 -1        21-1.06075E+01 1.47191E-01-2.51287E+00 5.23816E-01 5.12912E+00 2.71993E-01
 -1        22 1.56166E+01 5.45294E-02-2.59058E+00 4.57385E-01 1.33477E-01-8.95235E-01
 -1        23-4.16120E+01-2.72826E+00 1.22397E+00-8.62492E-02 1.06168E+00 1.56574E+00
 -1        24-1.17235E+01-8.79852E-01 3.95197E+00-9.53894E-01-2.51095E+00-2.42457E-01
 -1        25-1.28415E+01-4.73219E-01-1.68150E+00-2.52869E-01 3.19084E+00 1.72128E+00
 -1        26 5.33333E+01-5.33779E-01-2.98874E-01 1.90440E-01 2.13333E+00 1.83827E-10
 -1        27 4.02963E-10 6.13455E-02 8.16188E-01-4.76100E-02 2.13333E+00-2.86950E-10
 -1        28-5.33333E+01 3.49743E-01-2.33699E+00-4.76100E-02 1.28000E+01 1.47959E-10
 -1        29-3.25061E-10 6.13455E-02-1.22350E+00-4.76100E-02 2.13333E+00 3.99040E-10
 -1        30 5.33333E+01-2.27052E-01 1.92968E+00-4.76100E-02-8.53333E+00-3.41874E-11
 -1        31-5.33333E+01 6.56470E-01-1.08434E-01-2.85660E-01 2.13333E+00-7.17375E-11
 -3
    1PSTEP                         5           1           1
  100CL  101 1.00000E+00          28                     0    1           1
 -4  STRNEG      6    1
 -5  SXX         1    4    1    1
 -5  SYY         1    4    2    2
 -5  SZZ         1    4    3    3
 -5  SYZ         1    4    2    3
 -5  SZX         1    4    3    1
 -5  SXY         1    4    1    2
 -1         1 3.34285E+01-5.21069E-01 5.18823E+00-1.23825E+00 1.33383E+00 1.80834E+00
 -1         2 3.87831E-10-2.45382E-01-3.45205E+00 1.90440E-01 1.28000E+01 6.18736E-10
 -1         3-5.53642E+00-1.32649E-01 1.77157E+00-3.09732E-01-4.84929E+00 1.32238E-01
 -1         4-3.02939E+01 2.35346E-01-1.34867E-01 4.67260E-01 5.88830E+00-4.27213E-01
 -1         7 1.00407E+01-1.10495E+00 3.27027E+00-1.51234E-01-3.12502E+00 6.27327E-01
 -1         8 1.81673E+00-1.89464E-01 2.86787E+00-6.44450E-01 3.77475E+00 1.18272E-01
 -1        10-1.62478E+01 6.60306E-01 1.36737E+00-8.25344E-02 1.11290E+00-3.67808E-01
 -1        11 2.60032E+01 7.75105E-01-1.39982E+00 5.08947E-01-2.96064E+00-1.35917E+00
 -1        12 1.06667E+02-8.22176E-01 2.85430E+00 1.90440E-01-8.53333E+00-2.51081E-10
 -1        13 9.32841E+00 1.24330E-02-4.54967E+00 3.21415E-01 4.53363E+00 3.98905E-01
 -1        14-1.05364E-09 3.68073E-01 1.00506E+00-2.85660E-01-8.53333E+00 1.70377E-10
 -1        15-4.62608E+01-3.25604E+00 4.77887E+00-1.28495E+00-1.39136E+00 2.67741E+00
 -1        16-1.06667E+02 9.44867E-01-1.22193E+00-2.85660E-01 1.28000E+01-3.22819E-10
 -1        17 3.38144E+01 8.05497E-01 1.12587E+00-4.49057E-01 4.92634E-01 1.05478E+00
 -1        18 1.10308E+01 1.40919E-01-9.45352E-01 3.82554E-01-3.73749E+00-1.62680E-01
 -1        19-2.14534E+00 5.05226E-01-7.67346E-01 4.88103E-01 1.46383E+00-8.93194E-01
 -1        20 1.76617E-01-4.30604E-01 6.16681E-01-8.45813E-01-4.10249E-01 4.25416E-01
 -1        21-1.06075E+01 1.47191E-01-2.51287E+00 5.23816E-01 5.12912E+00 2.71993E-01
 -1        22 1.56166E+01 5.45294E-02-2.59058E+00 4.57385E-01 1.33477E-01-8.95235E-01
 -1        23-4.16120E+01-2.72826E+00 1.22397E+00-8.62492E-02 1.06168E+00 1.56574E+00
 -1        24-1.17235E+01-8.79852E-01 3.95197E+00-9.53894E-01-2.51095E+00-2.42457E-01
 -1        25-1.28415E+01-4.73219E-01-1.68150E+00-2.52869E-01 3.19084E+00 1.72128E+00
 -1        26 5.33333E+01-5.33779E-01-2.98874E-01 1.90440E-01 2.13333E+00 1.83827E-10
 -1        27 4.02963E-10 6.13455E-02 8.16188E-01-4.76100E-02 2.13333E+00-2.86950E-10
 -1        28-5.33333E+01 3.49743E-01-2.33699E+00-4.76100E-02 1.28000E+01 1.47959E-10
 -1        29-3.25061E-10 6.13455E-02-1.22350E+00-4.76100E-02 2.13333E+00 3.99040E-10
 -1        30 5.33333E+01-2.27052E-01 1.92968E+00-4.76100E-02-8.53333E+00-3.41874E-11
 -1        31-5.33333E+01 6.56470E-01-1.08434E-01-2.85660E-01 2.13333E+00-7.17375E-11
 -3
    1PSTEP                         6           1           1
  100CL  101 1.00000E+00          28                     0    1           1
 -4  SHR         8    1
 -5  NXX         1    2    1    0
 -5  NYY         1    2    2    0
 -5  NXY         1    2    3    0
 -5  MXX         1    2    4    0
 -5  MYY         1    2    5    0
 -5  MXY         1    2    6    0
 -5  QX          1    2    7    0
 -5  QY          1    2    8    0
 -1         1 0.00000E+00 0.00000E+00 0.00000E+00 0.00000E+00 0.00000E+00 0.00000E+00
 -2           0.00000E+00 0.00000E+00
 -1         2 0.00000E+00 0.00000E+00 0.00000E+00 0.00000E+00 0.00000E+00 0.00000E+00
 -2           0.00000E+00 0.00000E+00
 -1         3 0.00000E+00 0.00000E+00 0.00000E+00 0.00000E+00 0.00000E+00 0.00000E+00
 -2           0.00000E+00 0.00000E+00
 -1         4 0.00000E+00 0.00000E+00 0.00000E+00 0.00000E+00 0.00000E+00 0.00000E+00
 -2           0.00000E+00 0.00000E+00
 -1         7 0.00000E+00 0.00000E+00 0.00000E+00 0.00000E+00 0.00000E+00 0.00000E+00
 -2           0.00000E+00 0.00000E+00
 -1         8 0.00000E+00 0.00000E+00 0.00000E+00 0.00000E+00 0.00000E+00 0.00000E+00
 -2           0.00000E+00 0.00000E+00
 -1        10 0.00000E+00 0.00000E+00 0.00000E+00 0.00000E+00 0.00000E+00 0.00000E+00
 -2           0.00000E+00 0.00000E+00
 -1        11 0.00000E+00 0.00000E+00 0.00000E+00 0.00000E+00 0.00000E+00 0.00000E+00
 -2           0.00000E+00 0.00000E+00
 -1        12 0.00000E+00 0.00000E+00 0.00000E+00 0.00000E+00 0.00000E+00 0.00000E+00
 -2           0.00000E+00 0.00000E+00
 -1        13 0.00000E+00 0.00000E+00 0.00000E+00 0.00000E+00 0.00000E+00 0.00000E+00
 -2           0.00000E+00 0.00000E+00
 -1        14 0.00000E+00 0.00000E+00 0.00000E+00 0.00000E+00 0.00000E+00 0.00000E+00
 -2           0.00000E+00 0.00000E+00
 -1        15 0.00000E+00 0.00000E+00 0.00000E+00 0.00000E+00 0.00000E+00 0.00000E+00
 -2           0.00000E+00 0.00000E+00
 -1        16 0.00000E+00 0.00000E+00 0.00000E+00 0.00000E+00 0.00000E+00 0.00000E+00
 -2           0.00000E+00 0.00000E+00
 -1        17 0.00000E+00 0.00000E+00 0.00000E+00 0.00000E+00 0.00000E+00 0.00000E+00
 -2           0.00000E+00 0.00000E+00
 -1        18 0.00000E+00 0.00000E+00 0.00000E+00 0.00000E+00 0.00000E+00 0.00000E+00
 -2           0.00000E+00 0.00000E+00
 -1        19 0.00000E+00 0.00000E+00 0.00000E+00 0.00000E+00 0.00000E+00 0.00000E+00
 -2           0.00000E+00 0.00000E+00
 -1        20 0.00000E+00 0.00000E+00 0.00000E+00 0.00000E+00 0.00000E+00 0.00000E+00
 -2           0.00000E+00 0.00000E+00
 -1        21 0.00000E+00 0.00000E+00 0.00000E+00 0.00000E+00 0.00000E+00 0.00000E+00
 -2           0.00000E+00 0.00000E+00
 -1        22 0.00000E+00 0.00000E+00 0.00000E+00 0.00000E+00 0.00000E+00 0.00000E+00
 -2           0.00000E+00 0.00000E+00
 -1        23 0.00000E+00 0.00000E+00 0.00000E+00 0.00000E+00 0.00000E+00 0.00000E+00
 -2           0.00000E+00 0.00000E+00
 -1        24 0.00000E+00 0.00000E+00 0.00000E+00 0.00000E+00 0.00000E+00 0.00000E+00
 -2           0.00000E+00 0.00000E+00
 -1        25 0.00000E+00 0.00000E+00 0.00000E+00 0.00000E+00 0.00000E+00 0.00000E+00
 -2           0.00000E+00 0.00000E+00
 -1        26 0.00000E+00 0.00000E+00 0.00000E+00 0.00000E+00 0.00000E+00 0.00000E+00
 -2           0.00000E+00 0.00000E+00
 -1        27 0.00000E+00 0.00000E+00 0.00000E+00 0.00000E+00 0.00000E+00 0.00000E+00
 -2           0.00000E+00 0.00000E+00
 -1        28 0.00000E+00 0.00000E+00 0.00000E+00 0.00000E+00 0.00000E+00 0.00000E+00
 -2           0.00000E+00 0.00000E+00
 -1        29 0.00000E+00 0.00000E+00 0.00000E+00 0.00000E+00 0.00000E+00 0.00000E+00
 -2           0.00000E+00 0.00000E+00
 -1        30 0.00000E+00 0.00000E+00 0.00000E+00 0.00000E+00 0.00000E+00 0.00000E+00
 -2           0.00000E+00 0.00000E+00
 -1        31 0.00000E+00 0.00000E+00 0.00000E+00 0.00000E+00 0.00000E+00 0.00000E+00
 -2           0.00000E+00 0.00000E+00
 -3
    1PSTEP                         7           1           1
  100CL  101 1.00000E+00          28                     0    1           1
 -4  EXTFORC     7    1
 -5  F1          1    2    1    0
 -5  F2          1    2    2    0
 -5  F3          1    2    3    0
 -5  F4          1    1    4    0
 -5  F5          1    1    5    0
 -5  F6          1    1    6    0
 -5  ALL         1    2    0    0    1ALL
 -1         1 0.00000E+00 0.00000E+00 0.00000E+00 0.00000E+00 0.00000E+00 0.00000E+00
 -2           0.00000E+00
 -1         2 0.00000E+00 0.00000E+00 0.00000E+00 0.00000E+00 0.00000E+00 0.00000E+00
 -2           0.00000E+00
 -1         3 0.00000E+00 0.00000E+00 0.00000E+00 0.00000E+00 0.00000E+00 0.00000E+00
 -2           0.00000E+00
 -1         4 1.00000E+03 0.00000E+00 0.00000E+00 0.00000E+00 0.00000E+00 0.00000E+00
 -2           1.00000E+03
 -1         7 0.00000E+00 0.00000E+00 0.00000E+00 0.00000E+00 0.00000E+00 0.00000E+00
 -2           0.00000E+00
 -1         8 0.00000E+00 0.00000E+00 0.00000E+00 0.00000E+00 0.00000E+00 0.00000E+00
 -2           0.00000E+00
 -1        10 0.00000E+00 0.00000E+00 0.00000E+00 0.00000E+00 0.00000E+00 0.00000E+00
 -2           0.00000E+00
 -1        11 0.00000E+00 0.00000E+00 0.00000E+00 0.00000E+00 0.00000E+00 0.00000E+00
 -2           0.00000E+00
 -1        12 0.00000E+00 0.00000E+00 0.00000E+00 0.00000E+00 0.00000E+00 0.00000E+00
 -2           0.00000E+00
 -1        13 0.00000E+00 0.00000E+00 0.00000E+00 0.00000E+00 0.00000E+00 0.00000E+00
 -2           0.00000E+00
 -1        14 0.00000E+00 0.00000E+00 0.00000E+00 0.00000E+00 0.00000E+00 0.00000E+00
 -2           0.00000E+00
 -1        15 0.00000E+00 0.00000E+00 0.00000E+00 0.00000E+00 0.00000E+00 0.00000E+00
 -2           0.00000E+00
 -1        16 0.00000E+00 0.00000E+00 0.00000E+00 0.00000E+00 0.00000E+00 0.00000E+00
 -2           0.00000E+00
 -1        17 0.00000E+00 0.00000E+00 0.00000E+00 0.00000E+00 0.00000E+00 0.00000E+00
 -2           0.00000E+00
 -1        18 0.00000E+00 0.00000E+00 0.00000E+00 0.00000E+00 0.00000E+00 0.00000E+00
 -2           0.00000E+00
 -1        19 0.00000E+00 0.00000E+00 0.00000E+00 0.00000E+00 0.00000E+00 0.00000E+00
 -2           0.00000E+00
 -1        20 0.00000E+00 0.00000E+00 0.00000E+00 0.00000E+00 0.00000E+00 0.00000E+00
 -2           0.00000E+00
 -1        21 0.00000E+00 0.00000E+00 0.00000E+00 0.00000E+00 0.00000E+00 0.00000E+00
 -2           0.00000E+00
 -1        22 0.00000E+00 0.00000E+00 0.00000E+00 0.00000E+00 0.00000E+00 0.00000E+00
 -2           0.00000E+00
 -1        23 0.00000E+00 0.00000E+00 0.00000E+00 0.00000E+00 0.00000E+00 0.00000E+00
 -2           0.00000E+00
 -1        24 0.00000E+00 0.00000E+00 0.00000E+00 0.00000E+00 0.00000E+00 0.00000E+00
 -2           0.00000E+00
 -1        25 0.00000E+00 0.00000E+00 0.00000E+00 0.00000E+00 0.00000E+00 0.00000E+00
 -2           0.00000E+00
 -1        26 0.00000E+00 0.00000E+00 0.00000E+00 0.00000E+00 0.00000E+00 0.00000E+00
 -2           0.00000E+00
 -1        27 0.00000E+00 0.00000E+00 0.00000E+00 0.00000E+00 0.00000E+00 0.00000E+00
 -2           0.00000E+00
 -1        28 0.00000E+00 0.00000E+00 0.00000E+00 0.00000E+00 0.00000E+00 0.00000E+00
 -2           0.00000E+00
 -1        29 0.00000E+00 0.00000E+00 0.00000E+00 0.00000E+00 0.00000E+00 0.00000E+00
 -2           0.00000E+00
 -1        30 0.00000E+00 0.00000E+00 0.00000E+00 0.00000E+00 0.00000E+00 0.00000E+00
 -2           0.00000E+00
 -1        31 0.00000E+00 0.00000E+00 0.00000E+00 0.00000E+00 0.00000E+00 0.00000E+00
 -2           0.00000E+00
 -3
    1PSTEP                         8           1           1
  100CL  101 1.00000E+00          28                     0    1           1
 -4  PTFORC      4    1
 -5  F1          1    2    1    0
 -5  F2          1    2    2    0
 -5  F3          1    2    3    0
 -5  ALL         1    2    0    0    1ALL
 -1         1 0.00000E+00 0.00000E+00 0.00000E+00 0.00000E+00
 -1         2 0.00000E+00 0.00000E+00 0.00000E+00 0.00000E+00
 -1         3 0.00000E+00 0.00000E+00 0.00000E+00 0.00000E+00
 -1         4 0.00000E+00 0.00000E+00 0.00000E+00 0.00000E+00
 -1         7 0.00000E+00 0.00000E+00 0.00000E+00 0.00000E+00
 -1         8 0.00000E+00 0.00000E+00 0.00000E+00 0.00000E+00
 -1        10 0.00000E+00 0.00000E+00 0.00000E+00 0.00000E+00
 -1        11 0.00000E+00 0.00000E+00 0.00000E+00 0.00000E+00
 -1        12 0.00000E+00 0.00000E+00 0.00000E+00 0.00000E+00
 -1        13 0.00000E+00 0.00000E+00 0.00000E+00 0.00000E+00
 -1        14 0.00000E+00 0.00000E+00 0.00000E+00 0.00000E+00
 -1        15 0.00000E+00 0.00000E+00 0.00000E+00 0.00000E+00
 -1        16 0.00000E+00 0.00000E+00 0.00000E+00 0.00000E+00
 -1        17 0.00000E+00 0.00000E+00 0.00000E+00 0.00000E+00
 -1        18 0.00000E+00 0.00000E+00 0.00000E+00 0.00000E+00
 -1        19 0.00000E+00 0.00000E+00 0.00000E+00 0.00000E+00
 -1        20 0.00000E+00 0.00000E+00 0.00000E+00 0.00000E+00
 -1        21 0.00000E+00 0.00000E+00 0.00000E+00 0.00000E+00
 -1        22 0.00000E+00 0.00000E+00 0.00000E+00 0.00000E+00
 -1        23 0.00000E+00 0.00000E+00 0.00000E+00 0.00000E+00
 -1        24 0.00000E+00 0.00000E+00 0.00000E+00 0.00000E+00
 -1        25 0.00000E+00 0.00000E+00 0.00000E+00 0.00000E+00
 -1        26 0.00000E+00 0.00000E+00 0.00000E+00 0.00000E+00
 -1        27 0.00000E+00 0.00000E+00 0.00000E+00 0.00000E+00
 -1        28 0.00000E+00 0.00000E+00 0.00000E+00 0.00000E+00
 -1        29 0.00000E+00 0.00000E+00 0.00000E+00 0.00000E+00
 -1        30 0.00000E+00 0.00000E+00 0.00000E+00 0.00000E+00
 -1        31 0.00000E+00 0.00000E+00 0.00000E+00 0.00000E+00
 -3
    1PSTEP                         9           1           1
  100CL  101 1.00000E+00          28                     0    1           1
 -4  FORC        7    1
 -5  F1          1    2    1    0
 -5  F2          1    2    2    0
 -5  F3          1    2    3    0
 -5  F4          1    1    4    0
 -5  F5          1    1    5    0
 -5  F6          1    1    6    0
 -5  ALL         1    2    0    0    1ALL
 -1         1-1.00000E+03 1.32786E-08-2.00000E+02 0.00000E+00 0.00000E+00 0.00000E+00
 -2           1.01980E+03
 -1         2 0.00000E+00 1.02852E-08 2.00000E+02 0.00000E+00 0.00000E+00 0.00000E+00
 -2           2.00000E+02
 -1         3 0.00000E+00 0.00000E+00 5.20959E-08 0.00000E+00 0.00000E+00 0.00000E+00
 -2           5.20959E-08
 -1         4 0.00000E+00 0.00000E+00 0.00000E+00 0.00000E+00 0.00000E+00 0.00000E+00
 -2           0.00000E+00
 -1         7 0.00000E+00 0.00000E+00 0.00000E+00 0.00000E+00 0.00000E+00 0.00000E+00
 -2           0.00000E+00
 -1         8 0.00000E+00 0.00000E+00 0.00000E+00 0.00000E+00 0.00000E+00 0.00000E+00
 -2           0.00000E+00
 -1        10 0.00000E+00 0.00000E+00 0.00000E+00 0.00000E+00 0.00000E+00 0.00000E+00
 -2           0.00000E+00
 -1        11 0.00000E+00 0.00000E+00 0.00000E+00 0.00000E+00 0.00000E+00 0.00000E+00
 -2           0.00000E+00
 -1        12 0.00000E+00 0.00000E+00 0.00000E+00 0.00000E+00 0.00000E+00 0.00000E+00
 -2           0.00000E+00
 -1        13 0.00000E+00 0.00000E+00 0.00000E+00 0.00000E+00 0.00000E+00 0.00000E+00
 -2           0.00000E+00
 -1        14 0.00000E+00 0.00000E+00 0.00000E+00 0.00000E+00 0.00000E+00 0.00000E+00
 -2           0.00000E+00
 -1        15 0.00000E+00 0.00000E+00 0.00000E+00 0.00000E+00 0.00000E+00 0.00000E+00
 -2           0.00000E+00
 -1        16 0.00000E+00 0.00000E+00 0.00000E+00 0.00000E+00 0.00000E+00 0.00000E+00
 -2           0.00000E+00
 -1        17 0.00000E+00 0.00000E+00 0.00000E+00 0.00000E+00 0.00000E+00 0.00000E+00
 -2           0.00000E+00
 -1        18 0.00000E+00 0.00000E+00 0.00000E+00 0.00000E+00 0.00000E+00 0.00000E+00
 -2           0.00000E+00
 -1        19 0.00000E+00 0.00000E+00 0.00000E+00 0.00000E+00 0.00000E+00 0.00000E+00
 -2           0.00000E+00
 -1        20 0.00000E+00 0.00000E+00 0.00000E+00 0.00000E+00 0.00000E+00 0.00000E+00
 -2           0.00000E+00
 -1        21 0.00000E+00 0.00000E+00 0.00000E+00 0.00000E+00 0.00000E+00 0.00000E+00
 -2           0.00000E+00
 -1        22 0.00000E+00 0.00000E+00 0.00000E+00 0.00000E+00 0.00000E+00 0.00000E+00
 -2           0.00000E+00
 -1        23 0.00000E+00 0.00000E+00 0.00000E+00 0.00000E+00 0.00000E+00 0.00000E+00
 -2           0.00000E+00
 -1        24 0.00000E+00 0.00000E+00 0.00000E+00 0.00000E+00 0.00000E+00 0.00000E+00
 -2           0.00000E+00
 -1        25 0.00000E+00 0.00000E+00 0.00000E+00 0.00000E+00 0.00000E+00 0.00000E+00
 -2           0.00000E+00
 -1        26 0.00000E+00 0.00000E+00 0.00000E+00 0.00000E+00 0.00000E+00 0.00000E+00
 -2           0.00000E+00
 -1        27 0.00000E+00 0.00000E+00 0.00000E+00 0.00000E+00 0.00000E+00 0.00000E+00
 -2           0.00000E+00
 -1        28 0.00000E+00 0.00000E+00 0.00000E+00 0.00000E+00 0.00000E+00 0.00000E+00
 -2           0.00000E+00
 -1        29 0.00000E+00 0.00000E+00 0.00000E+00 0.00000E+00 0.00000E+00 0.00000E+00
 -2           0.00000E+00
 -1        30 0.00000E+00 0.00000E+00 0.00000E+00 0.00000E+00 0.00000E+00 0.00000E+00
 -2           0.00000E+00
 -1        31 0.00000E+00 0.00000E+00 0.00000E+00 0.00000E+00 0.00000E+00 0.00000E+00
 -2           0.00000E+00
 -3
 9999
