    1CFEMAST
    1Ugenerated by FEMaster
    2C                            16                                     1
 -1         1-5.00000E+01-2.50000E+01-1.00000E+01
 -1         2 5.00000E+01-2.50000E+01-1.00000E+01
 -1         3 5.00000E+01 2.50000E+01-1.00000E+01
 -1         4-5.00000E+01 2.50000E+01-1.00000E+01
 -1         5-5.00000E+01-2.50000E+01 1.00000E+01
 -1         6 5.00000E+01-2.50000E+01 1.00000E+01
 -1         7 5.00000E+01 2.50000E+01 1.00000E+01
 -1         8-5.00000E+01 2.50000E+01 1.00000E+01
 -1         9-5.00000E+01-2.50000E+01 0.00000E+00
 -1        10-5.00000E+01-2.50000E+01 0.00000E+00
 -1        11 5.00000E+01-2.50000E+01 0.00000E+00
 -1        12 5.00000E+01-2.50000E+01 0.00000E+00
 -1        13 5.00000E+01 2.50000E+01 0.00000E+00
 -1        14 5.00000E+01 2.50000E+01 0.00000E+00
 -1        15-5.00000E+01 2.50000E+01 0.00000E+00
 -1        16-5.00000E+01 2.50000E+01 0.00000E+00
 -3
    3C                             2                                     1
 -1         1    1    0    0
 -2        10        12        14        16         5         6         7         8
 -1         2    1    0    0
 -2         1         2         3         4         9        11        13        15
 -3
    1PSTEP                         1           1           1
  100CL  101 1.00000E+00          16                     0    1           1
 -4  DISP        7    1
 -5  D1          1    2    1    0
 -5  D2          1    2    2    0
 -5  D3          1    2    3    0
 -5  D4          1    1    4    0
 -5  D5          1    1    5    0
 -5  D6          1    1    6    0
 -5  ALL         1    2    0    0    1ALL
 -1         1-8.96263E-06-4.48395E-06-2.49997E-01 0.00000E+00 0.00000E+00 0.00000E+00
 -2           2.49997E-01
 -1         2 8.96263E-06-4.48395E-06-2.49997E-01 0.00000E+00 0.00000E+00 0.00000E+00
 -2           2.49997E-01
 -1         3 8.96263E-06 4.48395E-06-2.49997E-01 0.00000E+00 0.00000E+00 0.00000E+00
 -2           2.49997E-01
 -1         4-8.96263E-06 4.48396E-06-2.49997E-01 0.00000E+00 0.00000E+00 0.00000E+00
 -2           2.49997E-01
 -1         5-8.96263E-06-4.48395E-06 2.49997E-01 0.00000E+00 0.00000E+00 0.00000E+00
 -2           2.49997E-01
 -1         6 8.96263E-06-4.48395E-06 2.49997E-01 0.00000E+00 0.00000E+00 0.00000E+00
 -2           2.49997E-01
 -1         7 8.96263E-06 4.48395E-06 2.49997E-01 0.00000E+00 0.00000E+00 0.00000E+00
 -2           2.49997E-01
 -1         8-8.96263E-06 4.48395E-06 2.49997E-01 0.00000E+00 0.00000E+00 0.00000E+00
 -2           2.49997E-01
 -1         9-8.96343E-06-4.48430E-06-2.50003E-01 0.00000E+00 0.00000E+00 0.00000E+00
 -2           2.50003E-01
 -1        10-8.96343E-06-4.48430E-06 2.50003E-01 0.00000E+00 0.00000E+00 0.00000E+00
 -2           2.50003E-01
 -1        11 8.96343E-06-4.48430E-06-2.50003E-01 0.00000E+00 0.00000E+00 0.00000E+00
 -2           2.50003E-01
 -1        12 8.96343E-06-4.48430E-06 2.50003E-01 0.00000E+00 0.00000E+00 0.00000E+00
 -2           2.50003E-01
 -1        13 8.96343E-06 4.48430E-06-2.50003E-01 0.00000E+00 0.00000E+00 0.00000E+00
 -2           2.50003E-01
 -1        14 8.96343E-06 4.48430E-06 2.50003E-01 0.00000E+00 0.00000E+00 0.00000E+00
 -2           2.50003E-01
 -1        15-8.96343E-06 4.48430E-06-2.50003E-01 0.00000E+00 0.00000E+00 0.00000E+00
 -2           2.50003E-01
 -1        16-8.96343E-06 4.48430E-06 2.50003E-01 0.00000E+00 0.00000E+00 0.00000E+00
 -2           2.50003E-01
 -3
    1PSTEP                         2           1           1
  100CL  101 1.00000E+00          16                     0    1           1
 -4  TOSTRAIN    6    1
 -5  EXX         1    4    1    1
 -5  EYY         1    4    2    2
 -5  EZZ         1    4    3    3
 -5  EYZ         1    4    2    3
 -5  EZX         1    4    3    1
 -5  EXY         1    4    1    2
 -1         1 1.79253E-07 1.79358E-07-5.97826E-07-3.45861E-11-7.97637E-11 1.19463E-17
 -1         2 1.79253E-07 1.79358E-07-5.97826E-07-3.45860E-11 7.97637E-11 3.28162E-16
 -1         3 1.79253E-07 1.79358E-07-5.97826E-07 3.45861E-11 7.97635E-11 3.17029E-16
 -1         4 1.79253E-07 1.79358E-07-5.97826E-07 3.45861E-11-7.97634E-11 8.12860E-19
 -1         5 1.79253E-07 1.79358E-07-5.97826E-07 3.45862E-11 7.97637E-11 9.42122E-16
 -1         6 1.79253E-07 1.79358E-07-5.97826E-07 3.45860E-11-7.97633E-11 9.40820E-16
 -1         7 1.79253E-07 1.79358E-07-5.97826E-07-3.45862E-11-7.97637E-11 9.53334E-16
 -1         8 1.79253E-07 1.79358E-07-5.97826E-07-3.45860E-11 7.97633E-11 9.54636E-16
 -1         9 1.79269E-07 1.79372E-07-5.97826E-07-3.45861E-11-7.97637E-11-2.18890E-16
 -1        10 1.79269E-07 1.79372E-07-5.97826E-07 3.45862E-11 7.97637E-11-9.94668E-16
 -1        11 1.79269E-07 1.79372E-07-5.97826E-07-3.45861E-11 7.97637E-11-9.27469E-18
 -1        12 1.79269E-07 1.79372E-07-5.97826E-07 3.45860E-11-7.97633E-11-9.87505E-16
 -1        13 1.79269E-07 1.79372E-07-5.97826E-07 3.45861E-11 7.97635E-11-2.36634E-17
 -1        14 1.79269E-07 1.79372E-07-5.97826E-07-3.45862E-11-7.97637E-11-9.78753E-16
 -1        15 1.79269E-07 1.79372E-07-5.97826E-07 3.45861E-11-7.97634E-11-2.33279E-16
 -1        16 1.79269E-07 1.79372E-07-5.97826E-07-3.45860E-11 7.97633E-11-9.85916E-16
 -3
    1PSTEP                         3           1           1
  100CL  101 1.00000E+00          16                     0    1           1
 -4  STRESS      6    1
 -5  SXX         1    4    1    1
 -5  SYY         1    4    2    2
 -5  SZZ         1    4    3    3
 -5  SYZ         1    4    2    3
 -5  SZX         1    4    3    1
 -5  SXY         1    4    1    2
 -1         1-2.55987E-05-8.55157E-06-1.25554E-01-2.79349E-06-6.44245E-06 9.64895E-13
 -1         2-2.55987E-05-8.55157E-06-1.25554E-01-2.79349E-06 6.44245E-06 2.65054E-11
 -1         3-2.55987E-05-8.55156E-06-1.25554E-01 2.79349E-06 6.44243E-06 2.56062E-11
 -1         4-2.55987E-05-8.55156E-06-1.25554E-01 2.79349E-06-6.44243E-06 6.56541E-14
 -1         5-2.55987E-05-8.55156E-06-1.25554E-01 2.79350E-06 6.44245E-06 7.60945E-11
 -1         6-2.55987E-05-8.55156E-06-1.25554E-01 2.79348E-06-6.44242E-06 7.59893E-11
 -1         7-2.55987E-05-8.55156E-06-1.25554E-01-2.79350E-06-6.44246E-06 7.70000E-11
 -1         8-2.55987E-05-8.55157E-06-1.25554E-01-2.79348E-06 6.44242E-06 7.71052E-11
 -1         9-1.94129E-05-2.70794E-06-1.25550E-01-2.79349E-06-6.44245E-06-1.76796E-11
 -1        10-1.94129E-05-2.70795E-06-1.25550E-01 2.79350E-06 6.44246E-06-8.03385E-11
 -1        11-1.94129E-05-2.70795E-06-1.25550E-01-2.79349E-06 6.44245E-06-7.49110E-13
 -1        12-1.94129E-05-2.70794E-06-1.25550E-01 2.79348E-06-6.44242E-06-7.97600E-11
 -1        13-1.94129E-05-2.70794E-06-1.25550E-01 2.79349E-06 6.44243E-06-1.91127E-12
 -1        14-1.94129E-05-2.70794E-06-1.25550E-01-2.79350E-06-6.44246E-06-7.90531E-11
 -1        15-1.94129E-05-2.70794E-06-1.25550E-01 2.79349E-06-6.44243E-06-1.88417E-11
 -1        16-1.94129E-05-2.70795E-06-1.25550E-01-2.79348E-06 6.44242E-06-7.96317E-11
 -3
    1PSTEP                         4           1           1
  100CL  101 1.00000E+00          16                     0    1           1
 -4  STRPOS      6    1
 -5  SXX         1    4    1    1
 -5  SYY         1    4    2    2
 -5  SZZ         1    4    3    3
 -5  SYZ         1    4    2    3
 -5  SZX         1    4    3    1
 -5  SXY         1    4    1    2
 -1         1-2.55987E-05-8.55157E-06-1.25554E-01-2.79349E-06-6.44245E-06 9.64895E-13
 -1         2-2.55987E-05-8.55157E-06-1.25554E-01-2.79349E-06 6.44245E-06 2.65054E-11
 -1         3-2.55987E-05-8.55156E-06-1.25554E-01 2.79349E-06 6.44243E-06 2.56062E-11
 -1         4-2.55987E-05-8.55156E-06-1.25554E-01 2.79349E-06-6.44243E-06 6.56541E-14
 -1         5-2.55987E-05-8.55156E-06-1.25554E-01 2.79350E-06 6.44245E-06 7.60945E-11
 -1         6-2.55987E-05-8.55156E-06-1.25554E-01 2.79348E-06-6.44242E-06 7.59893E-11
 -1         7-2.55987E-05-8.55156E-06-1.25554E-01-2.79350E-06-6.44246E-06 7.70000E-11
 -1         8-2.55987E-05-8.55157E-06-1.25554E-01-2.79348E-06 6.44242E-06 7.71052E-11
 -1         9-1.94129E-05-2.70794E-06-1.25550E-01-2.79349E-06-6.44245E-06-1.76796E-11
 -1        10-1.94129E-05-2.70795E-06-1.25550E-01 2.79350E-06 6.44246E-06-8.03385E-11
 -1        11-1.94129E-05-2.70795E-06-1.25550E-01-2.79349E-06 6.44245E-06-7.49110E-13
 -1        12-1.94129E-05-2.70794E-06-1.25550E-01 2.79348E-06-6.44242E-06-7.97600E-11
 -1        13-1.94129E-05-2.70794E-06-1.25550E-01 2.79349E-06 6.44243E-06-1.91127E-12
 -1        14-1.94129E-05-2.70794E-06-1.25550E-01-2.79350E-06-6.44246E-06-7.90531E-11
 -1        15-1.94129E-05-2.70794E-06-1.25550E-01 2.79349E-06-6.44243E-06-1.88417E-11
 -1        16-1.94129E-05-2.70795E-06-1.25550E-01-2.79348E-06 6.44242E-06-7.96317E-11
 -3
    1PSTEP                         5           1           1
  100CL  101 1.00000E+00          16                     0    1           1
 -4  STRNEG      6    1
 -5  SXX         1    4    1    1
 -5  SYY         1    4    2    2
 -5  SZZ         1    4    3    3
 -5  SYZ         1    4    2    3
 -5  SZX         1    4    3    1
 -5  SXY         1    4    1    2
 -1         1-2.55987E-05-8.55157E-06-1.25554E-01-2.79349E-06-6.44245E-06 9.64895E-13
 -1         2-2.55987E-05-8.55157E-06-1.25554E-01-2.79349E-06 6.44245E-06 2.65054E-11
 -1         3-2.55987E-05-8.55156E-06-1.25554E-01 2.79349E-06 6.44243E-06 2.56062E-11
 -1         4-2.55987E-05-8.55156E-06-1.25554E-01 2.79349E-06-6.44243E-06 6.56541E-14
 -1         5-2.55987E-05-8.55156E-06-1.25554E-01 2.79350E-06 6.44245E-06 7.60945E-11
 -1         6-2.55987E-05-8.55156E-06-1.25554E-01 2.79348E-06-6.44242E-06 7.59893E-11
 -1         7-2.55987E-05-8.55156E-06-1.25554E-01-2.79350E-06-6.44246E-06 7.70000E-11
 -1         8-2.55987E-05-8.55157E-06-1.25554E-01-2.79348E-06 6.44242E-06 7.71052E-11
 -1         9-1.94129E-05-2.70794E-06-1.25550E-01-2.79349E-06-6.44245E-06-1.76796E-11
 -1        10-1.94129E-05-2.70795E-06-1.25550E-01 2.79350E-06 6.44246E-06-8.03385E-11
 -1        11-1.94129E-05-2.70795E-06-1.25550E-01-2.79349E-06 6.44245E-06-7.49110E-13
 -1        12-1.94129E-05-2.70794E-06-1.25550E-01 2.79348E-06-6.44242E-06-7.97600E-11
 -1        13-1.94129E-05-2.70794E-06-1.25550E-01 2.79349E-06 6.44243E-06-1.91127E-12
 -1        14-1.94129E-05-2.70794E-06-1.25550E-01-2.79350E-06-6.44246E-06-7.90531E-11
 -1        15-1.94129E-05-2.70794E-06-1.25550E-01 2.79349E-06-6.44243E-06-1.88417E-11
 -1        16-1.94129E-05-2.70795E-06-1.25550E-01-2.79348E-06 6.44242E-06-7.96317E-11
 -3
    1PSTEP                         6           1           1
  100CL  101 1.00000E+00          16                     0    1           1
 -4  SHR         8    1
 -5  NXX         1    2    1    0
 -5  NYY         1    2    2    0
 -5  NXY         1    2    3    0
 -5  MXX         1    2    4    0
 -5  MYY         1    2    5    0
 -5  MXY         1    2    6    0
 -5  QX          1    2    7    0
 -5  QY          1    2    8    0
 -1         1 0.00000E+00 0.00000E+00 0.00000E+00 0.00000E+00 0.00000E+00 0.00000E+00
 -2           0.00000E+00 0.00000E+00
 -1         2 0.00000E+00 0.00000E+00 0.00000E+00 0.00000E+00 0.00000E+00 0.00000E+00
 -2           0.00000E+00 0.00000E+00
 -1         3 0.00000E+00 0.00000E+00 0.00000E+00 0.00000E+00 0.00000E+00 0.00000E+00
 -2           0.00000E+00 0.00000E+00
 -1         4 0.00000E+00 0.00000E+00 0.00000E+00 0.00000E+00 0.00000E+00 0.00000E+00
 -2           0.00000E+00 0.00000E+00
 -1         5 0.00000E+00 0.00000E+00 0.00000E+00 0.00000E+00 0.00000E+00 0.00000E+00
 -2           0.00000E+00 0.00000E+00
 -1         6 0.00000E+00 0.00000E+00 0.00000E+00 0.00000E+00 0.00000E+00 0.00000E+00
 -2           0.00000E+00 0.00000E+00
 -1         7 0.00000E+00 0.00000E+00 0.00000E+00 0.00000E+00 0.00000E+00 0.00000E+00
 -2           0.00000E+00 0.00000E+00
 -1         8 0.00000E+00 0.00000E+00 0.00000E+00 0.00000E+00 0.00000E+00 0.00000E+00
 -2           0.00000E+00 0.00000E+00
 -1         9 0.00000E+00 0.00000E+00 0.00000E+00 0.00000E+00 0.00000E+00 0.00000E+00
 -2           0.00000E+00 0.00000E+00
 -1        10 0.00000E+00 0.00000E+00 0.00000E+00 0.00000E+00 0.00000E+00 0.00000E+00
 -2           0.00000E+00 0.00000E+00
 -1        11 0.00000E+00 0.00000E+00 0.00000E+00 0.00000E+00 0.00000E+00 0.00000E+00
 -2           0.00000E+00 0.00000E+00
 -1        12 0.00000E+00 0.00000E+00 0.00000E+00 0.00000E+00 0.00000E+00 0.00000E+00
 -2           0.00000E+00 0.00000E+00
 -1        13 0.00000E+00 0.00000E+00 0.00000E+00 0.00000E+00 0.00000E+00 0.00000E+00
 -2           0.00000E+00 0.00000E+00
 -1        14 0.00000E+00 0.00000E+00 0.00000E+00 0.00000E+00 0.00000E+00 0.00000E+00
 -2           0.00000E+00 0.00000E+00
 -1        15 0.00000E+00 0.00000E+00 0.00000E+00 0.00000E+00 0.00000E+00 0.00000E+00
 -2           0.00000E+00 0.00000E+00
 -1        16 0.00000E+00 0.00000E+00 0.00000E+00 0.00000E+00 0.00000E+00 0.00000E+00
 -2           0.00000E+00 0.00000E+00
 -3
    1PSTEP                         7           1           1
  100CL  101 1.00000E+00          16                     0    1           1
 -4  EXTFORC     7    1
 -5  F1          1    2    1    0
 -5  F2          1    2    2    0
 -5  F3          1    2    3    0
 -5  F4          1    1    4    0
 -5  F5          1    1    5    0
 -5  F6          1    1    6    0
 -5  ALL         1    2    0    0    1ALL
 -1         1 0.00000E+00 0.00000E+00 0.00000E+00 0.00000E+00 0.00000E+00 0.00000E+00
 -2           0.00000E+00
 -1         2 0.00000E+00 0.00000E+00 0.00000E+00 0.00000E+00 0.00000E+00 0.00000E+00
 -2           0.00000E+00
 -1         3 0.00000E+00 0.00000E+00 0.00000E+00 0.00000E+00 0.00000E+00 0.00000E+00
 -2           0.00000E+00
 -1         4 0.00000E+00 0.00000E+00 0.00000E+00 0.00000E+00 0.00000E+00 0.00000E+00
 -2           0.00000E+00
 -1         5 0.00000E+00 0.00000E+00 0.00000E+00 0.00000E+00 0.00000E+00 0.00000E+00
 -2           0.00000E+00
 -1         6 0.00000E+00 0.00000E+00 0.00000E+00 0.00000E+00 0.00000E+00 0.00000E+00
 -2           0.00000E+00
 -1         7 0.00000E+00 0.00000E+00 0.00000E+00 0.00000E+00 0.00000E+00 0.00000E+00
 -2           0.00000E+00
 -1         8 0.00000E+00 0.00000E+00 0.00000E+00 0.00000E+00 0.00000E+00 0.00000E+00
 -2           0.00000E+00
 -1         9 0.00000E+00 0.00000E+00 0.00000E+00 0.00000E+00 0.00000E+00 0.00000E+00
 -2           0.00000E+00
 -1        10 0.00000E+00 0.00000E+00 0.00000E+00 0.00000E+00 0.00000E+00 0.00000E+00
 -2           0.00000E+00
 -1        11 0.00000E+00 0.00000E+00 0.00000E+00 0.00000E+00 0.00000E+00 0.00000E+00
 -2           0.00000E+00
 -1        12 0.00000E+00 0.00000E+00 0.00000E+00 0.00000E+00 0.00000E+00 0.00000E+00
 -2           0.00000E+00
 -1        13 0.00000E+00 0.00000E+00 0.00000E+00 0.00000E+00 0.00000E+00 0.00000E+00
 -2           0.00000E+00
 -1        14 0.00000E+00 0.00000E+00 0.00000E+00 0.00000E+00 0.00000E+00 0.00000E+00
 -2           0.00000E+00
 -1        15 0.00000E+00 0.00000E+00 0.00000E+00 0.00000E+00 0.00000E+00 0.00000E+00
 -2           0.00000E+00
 -1        16 0.00000E+00 0.00000E+00 0.00000E+00 0.00000E+00 0.00000E+00 0.00000E+00
 -2           0.00000E+00
 -3
    1PSTEP                         8           1           1
  100CL  101 1.00000E+00          16                     0    1           1
 -4  PTFORC      4    1
 -5  F1          1    2    1    0
 -5  F2          1    2    2    0
 -5  F3          1    2    3    0
 -5  ALL         1    2    0    0    1ALL
 -1         1 0.00000E+00 0.00000E+00 0.00000E+00 0.00000E+00
 -1         2 0.00000E+00 0.00000E+00 0.00000E+00 0.00000E+00
 -1         3 0.00000E+00 0.00000E+00 0.00000E+00 0.00000E+00
 -1         4 0.00000E+00 0.00000E+00 0.00000E+00 0.00000E+00
 -1         5 0.00000E+00 0.00000E+00 0.00000E+00 0.00000E+00
 -1         6 0.00000E+00 0.00000E+00 0.00000E+00 0.00000E+00
 -1         7 0.00000E+00 0.00000E+00 0.00000E+00 0.00000E+00
 -1         8 0.00000E+00 0.00000E+00 0.00000E+00 0.00000E+00
 -1         9 0.00000E+00 0.00000E+00 0.00000E+00 0.00000E+00
 -1        10 0.00000E+00 0.00000E+00 0.00000E+00 0.00000E+00
 -1        11 0.00000E+00 0.00000E+00 0.00000E+00 0.00000E+00
 -1        12 0.00000E+00 0.00000E+00 0.00000E+00 0.00000E+00
 -1        13 0.00000E+00 0.00000E+00 0.00000E+00 0.00000E+00
 -1        14 0.00000E+00 0.00000E+00 0.00000E+00 0.00000E+00
 -1        15 0.00000E+00 0.00000E+00 0.00000E+00 0.00000E+00
 -1        16 0.00000E+00 0.00000E+00 0.00000E+00 0.00000E+00
 -3
    1PSTEP                         9           1           1
  100CL  101 1.00000E+00          16                     0    1           1
 -4  FORC        7    1
 -5  F1          1    2    1    0
 -5  F2          1    2    2    0
 -5  F3          1    2    3    0
 -5  F4          1    1    4    0
 -5  F5          1    1    5    0
 -5  F6          1    1    6    0
 -5  ALL         1    2    0    0    1ALL
 -1         1 5.62645E-03 2.81488E-03 1.56940E+02 0.00000E+00 0.00000E+00 0.00000E+00
 -2           1.56940E+02
 -1         2-5.62645E-03 2.81488E-03 1.56940E+02 0.00000E+00 0.00000E+00 0.00000E+00
 -2           1.56940E+02
 -1         3-5.62644E-03-2.81488E-03 1.56940E+02 0.00000E+00 0.00000E+00 0.00000E+00
 -2           1.56940E+02
 -1         4 5.62644E-03-2.81488E-03 1.56940E+02 0.00000E+00 0.00000E+00 0.00000E+00
 -2           1.56940E+02
 -1         5 5.62644E-03 2.81488E-03-1.56940E+02 0.00000E+00 0.00000E+00 0.00000E+00
 -2           1.56940E+02
 -1         6-5.62644E-03 2.81488E-03-1.56940E+02 0.00000E+00 0.00000E+00 0.00000E+00
 -2           1.56940E+02
 -1         7-5.62644E-03-2.81488E-03-1.56940E+02 0.00000E+00 0.00000E+00 0.00000E+00
 -2           1.56940E+02
 -1         8 5.62644E-03-2.81488E-03-1.56940E+02 0.00000E+00 0.00000E+00 0.00000E+00
 -2           1.56940E+02
 -1         9 0.00000E+00 0.00000E+00 0.00000E+00 0.00000E+00 0.00000E+00 0.00000E+00
 -2           0.00000E+00
 -1        10 0.00000E+00 0.00000E+00 0.00000E+00 0.00000E+00 0.00000E+00 0.00000E+00
 -2           0.00000E+00
 -1        11 0.00000E+00 0.00000E+00 0.00000E+00 0.00000E+00 0.00000E+00 0.00000E+00
 -2           0.00000E+00
 -1        12 0.00000E+00 0.00000E+00 0.00000E+00 0.00000E+00 0.00000E+00 0.00000E+00
 -2           0.00000E+00
 -1        13 0.00000E+00 0.00000E+00 0.00000E+00 0.00000E+00 0.00000E+00 0.00000E+00
 -2           0.00000E+00
 -1        14 0.00000E+00 0.00000E+00 0.00000E+00 0.00000E+00 0.00000E+00 0.00000E+00
 -2           0.00000E+00
 -1        15 0.00000E+00 0.00000E+00 0.00000E+00 0.00000E+00 0.00000E+00 0.00000E+00
 -2           0.00000E+00
 -1        16 0.00000E+00 0.00000E+00 0.00000E+00 0.00000E+00 0.00000E+00 0.00000E+00
 -2           0.00000E+00
 -3
 9999
