    1CFEMAST
    1Ugenerated by FEMaster
    2C                            10                                     1
 -1         1 0.00000E+00 0.00000E+00 0.00000E+00
 -1         2 1.00000E+02 0.00000E+00 0.00000E+00
 -1         3 0.00000E+00 5.00000E+01 0.00000E+00
 -1         4 0.00000E+00 0.00000E+00 2.00000E+01
 -1         5 2.50000E+01 0.00000E+00 0.00000E+00
 -1         6 2.50000E+01 0.00000E+00 0.00000E+00
 -1         7 2.50000E+01 3.75000E+01 0.00000E+00
 -1         8 2.50000E+01 3.75000E+01 0.00000E+00
 -1         9 2.50000E+01 0.00000E+00 1.50000E+01
 -1        10 2.50000E+01 0.00000E+00 1.50000E+01
 -3
    3C                             4                                     1
 -1         1    3    0    0
 -2         3         4         5         7
 -1         2    3    0    0
 -2         1         3         4         5
 -1         3    3    0    0
 -2         4         5         7         9
 -1         4    3    0    0
 -2         2         6        10         8
 -3
    1PSTEP                         1           1           1
  100CL  101 1.00000E+00          10                     0    1           1
 -4  DISP        7    1
 -5  D1          1    2    1    0
 -5  D2          1    2    2    0
 -5  D3          1    2    3    0
 -5  D4          1    1    4    0
 -5  D5          1    1    5    0
 -5  D6          1    1    6    0
 -5  ALL         1    2    0    0    1ALL
 -1         1 9.33894E-01 1.65396E-12 1.86779E-01 0.00000E+00 0.00000E+00 0.00000E+00
 -2           9.52389E-01
 -1         2 3.80213E+00 2.07919E-12-1.86779E-01 0.00000E+00 0.00000E+00 0.00000E+00
 -2           3.80672E+00
 -1         3 2.79131E+00-1.02856E-04 2.00540E-12 0.00000E+00 0.00000E+00 0.00000E+00
 -2           2.79131E+00
 -1         4 4.78125E+00 7.46185E-02 1.86628E-01 0.00000E+00 0.00000E+00 0.00000E+00
 -2           4.78548E+00
 -1         5 9.34327E-01-9.28657E-01-4.62188E+00 0.00000E+00 0.00000E+00 0.00000E+00
 -2           4.80595E+00
 -1         6 3.80212E+00-9.50122E-01-4.44354E+00 0.00000E+00 0.00000E+00 0.00000E+00
 -2           5.92485E+00
 -1         7 2.32705E+00-9.28626E-01-4.76188E+00 0.00000E+00 0.00000E+00 0.00000E+00
 -2           5.38080E+00
 -1         8 3.32705E+00-9.50100E-01-4.74470E+00 0.00000E+00 0.00000E+00 0.00000E+00
 -2           5.87232E+00
 -1         9 3.81895E+00-8.72605E-01-4.62160E+00 0.00000E+00 0.00000E+00 0.00000E+00
 -2           6.05846E+00
 -1        10 2.95116E+00-8.29667E-01-4.44356E+00 0.00000E+00 0.00000E+00 0.00000E+00
 -2           5.39841E+00
 -3
    1PSTEP                         2           1           1
  100CL  101 1.00000E+00          10                     0    1           1
 -4  TOSTRAIN    6    1
 -5  EXX         1    4    1    1
 -5  EYY         1    4    2    2
 -5  EZZ         1    4    3    3
 -5  EYZ         1    4    2    3
 -5  EZX         1    4    3    1
 -5  EXY         1    4    1    2
 -1         1 1.73294E-05-2.05712E-06-7.55705E-06-4.65129E-06 2.16094E-05 2.08484E-06
 -1         2 2.02911E-07 5.82489E-07-1.05595E-06-6.07200E-07 2.64127E-05 8.32667E-17
 -1         3 8.35581E-06-6.19352E-07-4.61894E-06 1.18364E-07 1.27430E-05 4.73592E-07
 -1         4-4.62707E-06-1.40097E-07 3.20194E-06 1.26998E-06 2.77107E-06-4.14108E-07
 -1         5-4.62707E-06-1.40097E-07 3.20194E-06 1.26998E-06 2.77107E-06-4.14108E-07
 -1         6 2.02911E-07 5.82489E-07-1.05595E-06-6.07200E-07 2.64127E-05 8.32667E-17
 -1         7-1.56053E-05 8.18413E-07 8.58144E-06 4.23061E-06-6.64811E-06-1.66358E-06
 -1         8 2.02911E-07 5.82489E-07-1.05595E-06-6.07200E-07 2.64127E-05 8.32667E-17
 -1         9-3.05928E-05 8.18413E-07 1.88437E-05 3.57321E-06-1.71727E-05-2.18951E-06
 -1        10 2.02911E-07 5.82489E-07-1.05595E-06-6.07200E-07 2.64127E-05 8.32667E-17
 -3
    1PSTEP                         3           1           1
  100CL  101 1.00000E+00          10                     0    1           1
 -4  STRESS      6    1
 -5  SXX         1    4    1    1
 -5  SYY         1    4    2    2
 -5  SZZ         1    4    3    3
 -5  SYZ         1    4    2    3
 -5  SZX         1    4    3    1
 -5  SXY         1    4    1    2
 -1         1 3.73408E+00 6.02422E-01-2.86028E-01-3.75682E-01 1.74538E+00 1.68391E-01
 -1         2-2.24182E-12 6.13165E-02-2.03354E-01-4.90431E-02 2.13333E+00 6.72539E-12
 -1         3 1.72748E+00 2.77650E-01-3.68437E-01 9.56013E-03 1.02924E+00 3.82517E-02
 -1         4-9.37083E-01-2.12264E-01 3.27604E-01 1.02575E-01 2.23817E-01-3.34472E-02
 -1         5-9.37083E-01-2.12264E-01 3.27604E-01 1.02575E-01 2.23817E-01-3.34472E-02
 -1         6-2.24182E-12 6.13165E-02-2.03354E-01-4.90431E-02 2.13333E+00 6.72539E-12
 -1         7-3.27267E+00-6.19607E-01 6.34420E-01 3.41703E-01-5.36962E-01-1.34366E-01
 -1         8-2.24182E-12 6.13165E-02-2.03354E-01-4.90431E-02 2.13333E+00 6.72539E-12
 -1         9-6.26622E+00-1.19209E+00 1.71968E+00 2.88605E-01-1.38703E+00-1.76845E-01
 -1        10-2.24182E-12 6.13165E-02-2.03354E-01-4.90431E-02 2.13333E+00 6.72539E-12
 -3
    1PSTEP                         4           1           1
  100CL  101 1.00000E+00          10                     0    1           1
 -4  STRPOS      6    1
 -5  SXX         1    4    1    1
 -5  SYY         1    4    2    2
 -5  SZZ         1    4    3    3
 -5  SYZ         1    4    2    3
 -5  SZX         1    4    3    1
 -5  SXY         1    4    1    2
 -1         1 3.73408E+00 6.02422E-01-2.86028E-01-3.75682E-01 1.74538E+00 1.68391E-01
 -1         2-2.24182E-12 6.13165E-02-2.03354E-01-4.90431E-02 2.13333E+00 6.72539E-12
 -1         3 1.72748E+00 2.77650E-01-3.68437E-01 9.56013E-03 1.02924E+00 3.82517E-02
 -1         4-9.37083E-01-2.12264E-01 3.27604E-01 1.02575E-01 2.23817E-01-3.34472E-02
 -1         5-9.37083E-01-2.12264E-01 3.27604E-01 1.02575E-01 2.23817E-01-3.34472E-02
 -1         6-2.24182E-12 6.13165E-02-2.03354E-01-4.90431E-02 2.13333E+00 6.72539E-12
 -1         7-3.27267E+00-6.19607E-01 6.34420E-01 3.41703E-01-5.36962E-01-1.34366E-01
 -1         8-2.24182E-12 6.13165E-02-2.03354E-01-4.90431E-02 2.13333E+00 6.72539E-12
 -1         9-6.26622E+00-1.19209E+00 1.71968E+00 2.88605E-01-1.38703E+00-1.76845E-01
 -1        10-2.24182E-12 6.13165E-02-2.03354E-01-4.90431E-02 2.13333E+00 6.72539E-12
 -3
    1PSTEP                         5           1           1
  100CL  101 1.00000E+00          10                     0    1           1
 -4  STRNEG      6    1
 -5  SXX         1    4    1    1
 -5  SYY         1    4    2    2
 -5  SZZ         1    4    3    3
 -5  SYZ         1    4    2    3
 -5  SZX         1    4    3    1
 -5  SXY         1    4    1    2
 -1         1 3.73408E+00 6.02422E-01-2.86028E-01-3.75682E-01 1.74538E+00 1.68391E-01
 -1         2-2.24182E-12 6.13165E-02-2.03354E-01-4.90431E-02 2.13333E+00 6.72539E-12
 -1         3 1.72748E+00 2.77650E-01-3.68437E-01 9.56013E-03 1.02924E+00 3.82517E-02
 -1         4-9.37083E-01-2.12264E-01 3.27604E-01 1.02575E-01 2.23817E-01-3.34472E-02
 -1         5-9.37083E-01-2.12264E-01 3.27604E-01 1.02575E-01 2.23817E-01-3.34472E-02
 -1         6-2.24182E-12 6.13165E-02-2.03354E-01-4.90431E-02 2.13333E+00 6.72539E-12
 -1         7-3.27267E+00-6.19607E-01 6.34420E-01 3.41703E-01-5.36962E-01-1.34366E-01
 -1         8-2.24182E-12 6.13165E-02-2.03354E-01-4.90431E-02 2.13333E+00 6.72539E-12
 -1         9-6.26622E+00-1.19209E+00 1.71968E+00 2.88605E-01-1.38703E+00-1.76845E-01
 -1        10-2.24182E-12 6.13165E-02-2.03354E-01-4.90431E-02 2.13333E+00 6.72539E-12
 -3
    1PSTEP                         6           1           1
  100CL  101 1.00000E+00          10                     0    1           1
 -4  SHR         8    1
 -5  NXX         1    2    1    0
 -5  NYY         1    2    2    0
 -5  NXY         1    2    3    0
 -5  MXX         1    2    4    0
 -5  MYY         1    2    5    0
 -5  MXY         1    2    6    0
 -5  QX          1    2    7    0
 -5  QY          1    2    8    0
 -1         1 0.00000E+00 0.00000E+00 0.00000E+00 0.00000E+00 0.00000E+00 0.00000E+00
 -2           0.00000E+00 0.00000E+00
 -1         2 0.00000E+00 0.00000E+00 0.00000E+00 0.00000E+00 0.00000E+00 0.00000E+00
 -2           0.00000E+00 0.00000E+00
 -1         3 0.00000E+00 0.00000E+00 0.00000E+00 0.00000E+00 0.00000E+00 0.00000E+00
 -2           0.00000E+00 0.00000E+00
 -1         4 0.00000E+00 0.00000E+00 0.00000E+00 0.00000E+00 0.00000E+00 0.00000E+00
 -2           0.00000E+00 0.00000E+00
 -1         5 0.00000E+00 0.00000E+00 0.00000E+00 0.00000E+00 0.00000E+00 0.00000E+00
 -2           0.00000E+00 0.00000E+00
 -1         6 0.00000E+00 0.00000E+00 0.00000E+00 0.00000E+00 0.00000E+00 0.00000E+00
 -2           0.00000E+00 0.00000E+00
 -1         7 0.00000E+00 0.00000E+00 0.00000E+00 0.00000E+00 0.00000E+00 0.00000E+00
 -2           0.00000E+00 0.00000E+00
 -1         8 0.00000E+00 0.00000E+00 0.00000E+00 0.00000E+00 0.00000E+00 0.00000E+00
 -2           0.00000E+00 0.00000E+00
 -1         9 0.00000E+00 0.00000E+00 0.00000E+00 0.00000E+00 0.00000E+00 0.00000E+00
 -2           0.00000E+00 0.00000E+00
 -1        10 0.00000E+00 0.00000E+00 0.00000E+00 0.00000E+00 0.00000E+00 0.00000E+00
 -2           0.00000E+00 0.00000E+00
 -3
    1PSTEP                         7           1           1
  100CL  101 1.00000E+00          10                     0    1           1
 -4  EXTFORC     7    1
 -5  F1          1    2    1    0
 -5  F2          1    2    2    0
 -5  F3          1    2    3    0
 -5  F4          1    1    4    0
 -5  F5          1    1    5    0
 -5  F6          1    1    6    0
 -5  ALL         1    2    0    0    1ALL
 -1         1 0.00000E+00 0.00000E+00 0.00000E+00 0.00000E+00 0.00000E+00 0.00000E+00
 -2           0.00000E+00
 -1         2 0.00000E+00 0.00000E+00 0.00000E+00 0.00000E+00 0.00000E+00 0.00000E+00
 -2           0.00000E+00
 -1         3 0.00000E+00 0.00000E+00 0.00000E+00 0.00000E+00 0.00000E+00 0.00000E+00
 -2           0.00000E+00
 -1         4 1.00000E+03 0.00000E+00 0.00000E+00 0.00000E+00 0.00000E+00 0.00000E+00
 -2           1.00000E+03
 -1         5 0.00000E+00 0.00000E+00 0.00000E+00 0.00000E+00 0.00000E+00 0.00000E+00
 -2           0.00000E+00
 -1         6 0.00000E+00 0.00000E+00 0.00000E+00 0.00000E+00 0.00000E+00 0.00000E+00
 -2           0.00000E+00
 -1         7 0.00000E+00 0.00000E+00 0.00000E+00 0.00000E+00 0.00000E+00 0.00000E+00
 -2           0.00000E+00
 -1         8 0.00000E+00 0.00000E+00 0.00000E+00 0.00000E+00 0.00000E+00 0.00000E+00
 -2           0.00000E+00
 -1         9 0.00000E+00 0.00000E+00 0.00000E+00 0.00000E+00 0.00000E+00 0.00000E+00
 -2           0.00000E+00
 -1        10 0.00000E+00 0.00000E+00 0.00000E+00 0.00000E+00 0.00000E+00 0.00000E+00
 -2           0.00000E+00
 -3
    1PSTEP                         8           1           1
  100CL  101 1.00000E+00          10                     0    1           1
 -4  PTFORC      4    1
 -5  F1          1    2    1    0
 -5  F2          1    2    2    0
 -5  F3          1    2    3    0
 -5  ALL         1    2    0    0    1ALL
 -1         1 0.00000E+00 0.00000E+00 0.00000E+00 0.00000E+00
 -1         2 0.00000E+00 0.00000E+00 0.00000E+00 0.00000E+00
 -1         3 0.00000E+00 0.00000E+00 0.00000E+00 0.00000E+00
 -1         4 0.00000E+00 0.00000E+00 0.00000E+00 0.00000E+00
 -1         5 0.00000E+00 0.00000E+00 0.00000E+00 0.00000E+00
 -1         6 0.00000E+00 0.00000E+00 0.00000E+00 0.00000E+00
 -1         7 0.00000E+00 0.00000E+00 0.00000E+00 0.00000E+00
 -1         8 0.00000E+00 0.00000E+00 0.00000E+00 0.00000E+00
 -1         9 0.00000E+00 0.00000E+00 0.00000E+00 0.00000E+00
 -1        10 0.00000E+00 0.00000E+00 0.00000E+00 0.00000E+00
 -3
    1PSTEP                         9           1           1
  100CL  101 1.00000E+00          10                     0    1           1
 -4  FORC        7    1
 -5  F1          1    2    1    0
 -5  F2          1    2    2    0
 -5  F3          1    2    3    0
 -5  F4          1    1    4    0
 -5  F5          1    1    5    0
 -5  F6          1    1    6    0
 -5  ALL         1    2    0    0    1ALL
 -1         1-1.00000E+03-7.27596E-10-2.00000E+02 0.00000E+00 0.00000E+00 0.00000E+00
 -2           1.01980E+03
 -1         2 0.00000E+00 6.03904E-10 2.00000E+02 0.00000E+00 0.00000E+00 0.00000E+00
 -2           2.00000E+02
 -1         3 0.00000E+00 0.00000E+00 8.14907E-10 0.00000E+00 0.00000E+00 0.00000E+00
 -2           8.14907E-10
 -1         4 0.00000E+00 0.00000E+00 0.00000E+00 0.00000E+00 0.00000E+00 0.00000E+00
 -2           0.00000E+00
 -1         5 0.00000E+00 0.00000E+00 0.00000E+00 0.00000E+00 0.00000E+00 0.00000E+00
 -2           0.00000E+00
 -1         6 0.00000E+00 0.00000E+00 0.00000E+00 0.00000E+00 0.00000E+00 0.00000E+00
 -2           0.00000E+00
 -1         7 0.00000E+00 0.00000E+00 0.00000E+00 0.00000E+00 0.00000E+00 0.00000E+00
 -2           0.00000E+00
 -1         8 0.00000E+00 0.00000E+00 0.00000E+00 0.00000E+00 0.00000E+00 0.00000E+00
 -2           0.00000E+00
 -1         9 0.00000E+00 0.00000E+00 0.00000E+00 0.00000E+00 0.00000E+00 0.00000E+00
 -2           0.00000E+00
 -1        10 0.00000E+00 0.00000E+00 0.00000E+00 0.00000E+00 0.00000E+00 0.00000E+00
 -2           0.00000E+00
 -3
 9999
