    1CFEMAST
    1Ugenerated by FEMaster
    2C                            16                                     1
 -1         1-5.00000E+01-2.50000E+01-1.00000E+01
 -1         2 5.00000E+01-2.50000E+01-1.00000E+01
 -1         3 5.00000E+01 2.50000E+01-1.00000E+01
 -1         4-5.00000E+01 2.50000E+01-1.00000E+01
 -1         5-5.00000E+01-2.50000E+01 1.00000E+01
 -1         6 5.00000E+01-2.50000E+01 1.00000E+01
 -1         7 5.00000E+01 2.50000E+01 1.00000E+01
 -1         8-5.00000E+01 2.50000E+01 1.00000E+01
 -1         9 0.00000E+00-2.50000E+01-1.00000E+01
 -1        10 0.00000E+00-2.50000E+01-1.00000E+01
 -1        11 0.00000E+00 2.50000E+01-1.00000E+01
 -1        12 0.00000E+00 2.50000E+01-1.00000E+01
 -1        13 0.00000E+00-2.50000E+01 1.00000E+01
 -1        14 0.00000E+00-2.50000E+01 1.00000E+01
 -1        15 0.00000E+00 2.50000E+01 1.00000E+01
 -1        16 0.00000E+00 2.50000E+01 1.00000E+01
 -3
    3C                             2                                     1
 -1         1    1    0    0
 -2        10         2         3        12        14         6         7        16
 -1         2    1    0    0
 -2         1         9        11         4         5        13        15         8
 -3
    1PSTEP                         1           1           1
  100CL  101 1.00000E+00          16                     0    1           1
 -4  DISP        7    1
 -5  D1          1    2    1    0
 -5  D2          1    2    2    0
 -5  D3          1    2    3    0
 -5  D4          1    1    4    0
 -5  D5          1    1    5    0
 -5  D6          1    1    6    0
 -5  ALL         1    2    0    0    1ALL
 -1         1-1.07131E-01-3.56583E-05-1.42902E-05 0.00000E+00 0.00000E+00 0.00000E+00
 -2           1.07131E-01
 -1         2 1.07131E-01-3.56583E-05-1.42902E-05 0.00000E+00 0.00000E+00 0.00000E+00
 -2           1.07131E-01
 -1         3 1.07131E-01 3.56583E-05-1.42902E-05 0.00000E+00 0.00000E+00 0.00000E+00
 -2           1.07131E-01
 -1         4-1.07131E-01 3.56583E-05-1.42902E-05 0.00000E+00 0.00000E+00 0.00000E+00
 -2           1.07131E-01
 -1         5-1.07131E-01-3.56583E-05 1.42902E-05 0.00000E+00 0.00000E+00 0.00000E+00
 -2           1.07131E-01
 -1         6 1.07131E-01-3.56583E-05 1.42902E-05 0.00000E+00 0.00000E+00 0.00000E+00
 -2           1.07131E-01
 -1         7 1.07131E-01 3.56583E-05 1.42902E-05 0.00000E+00 0.00000E+00 0.00000E+00
 -2           1.07131E-01
 -1         8-1.07131E-01 3.56583E-05 1.42902E-05 0.00000E+00 0.00000E+00 0.00000E+00
 -2           1.07131E-01
 -1         9-1.07369E-01-3.57326E-05-1.42834E-05 0.00000E+00 0.00000E+00 0.00000E+00
 -2           1.07369E-01
 -1        10 1.07369E-01-3.57326E-05-1.42834E-05 0.00000E+00 0.00000E+00 0.00000E+00
 -2           1.07369E-01
 -1        11-1.07369E-01 3.57326E-05-1.42834E-05 0.00000E+00 0.00000E+00 0.00000E+00
 -2           1.07369E-01
 -1        12 1.07369E-01 3.57326E-05-1.42834E-05 0.00000E+00 0.00000E+00 0.00000E+00
 -2           1.07369E-01
 -1        13-1.07369E-01-3.57326E-05 1.42834E-05 0.00000E+00 0.00000E+00 0.00000E+00
 -2           1.07369E-01
 -1        14 1.07369E-01-3.57326E-05 1.42834E-05 0.00000E+00 0.00000E+00 0.00000E+00
 -2           1.07369E-01
 -1        15-1.07369E-01 3.57326E-05 1.42834E-05 0.00000E+00 0.00000E+00 0.00000E+00
 -2           1.07369E-01
 -1        16 1.07369E-01 3.57326E-05 1.42834E-05 0.00000E+00 0.00000E+00 0.00000E+00
 -2           1.07369E-01
 -3
    1PSTEP                         2           1           1
  100CL  101 1.00000E+00          16                     0    1           1
 -4  TOSTRAIN    6    1
 -5  EXX         1    4    1    1
 -5  EYY         1    4    2    2
 -5  EZZ         1    4    3    3
 -5  EYZ         1    4    2    3
 -5  EZX         1    4    3    1
 -5  EXY         1    4    1    2
 -1         1-4.76163E-06 1.42633E-06 1.42902E-06 1.18288E-18 1.35390E-10-1.48648E-09
 -1         2-4.76163E-06 1.42633E-06 1.42902E-06-1.78724E-19-1.35390E-10 1.48648E-09
 -1         3-4.76163E-06 1.42633E-06 1.42902E-06 1.15599E-18-1.35390E-10-1.48648E-09
 -1         4-4.76163E-06 1.42633E-06 1.42902E-06-3.83282E-19 1.35390E-10 1.48648E-09
 -1         5-4.76163E-06 1.42633E-06 1.42902E-06 9.34648E-19-1.35390E-10-1.48648E-09
 -1         6-4.76163E-06 1.42633E-06 1.42902E-06-4.04723E-19 1.35390E-10 1.48648E-09
 -1         7-4.76163E-06 1.42633E-06 1.42902E-06 9.30201E-19 1.35390E-10-1.48648E-09
 -1         8-4.76163E-06 1.42633E-06 1.42902E-06-6.31304E-19-1.35390E-10 1.48648E-09
 -1         9-4.76163E-06 1.42930E-06 1.42834E-06 2.39075E-19 1.35390E-10-1.48648E-09
 -1        10-4.76163E-06 1.42930E-06 1.42834E-06-5.07373E-19-1.35390E-10 1.48648E-09
 -1        11-4.76163E-06 1.42930E-06 1.42834E-06 6.09440E-19 1.35390E-10 1.48648E-09
 -1        12-4.76163E-06 1.42930E-06 1.42834E-06-1.33217E-18-1.35390E-10-1.48648E-09
 -1        13-4.76163E-06 1.42930E-06 1.42834E-06-3.47813E-19-1.35390E-10-1.48648E-09
 -1        14-4.76163E-06 1.42930E-06 1.42834E-06 1.87830E-19 1.35390E-10 1.48648E-09
 -1        15-4.76163E-06 1.42930E-06 1.42834E-06 2.27640E-20-1.35390E-10 1.48648E-09
 -1        16-4.76163E-06 1.42930E-06 1.42834E-06-6.37075E-19 1.35390E-10-1.48648E-09
 -3
    1PSTEP                         3           1           1
  100CL  101 1.00000E+00          16                     0    1           1
 -4  STRESS      6    1
 -5  SXX         1    4    1    1
 -5  SYY         1    4    2    2
 -5  SZZ         1    4    3    3
 -5  SYZ         1    4    2    3
 -5  SZX         1    4    3    1
 -5  SXY         1    4    1    2
 -1         1-1.00014E+00-5.45631E-04-1.11086E-04 9.55404E-14 1.09354E-05-1.20061E-04
 -1         2-1.00014E+00-5.45631E-04-1.11086E-04-1.44354E-14-1.09354E-05 1.20061E-04
 -1         3-1.00014E+00-5.45631E-04-1.11086E-04 9.33683E-14-1.09354E-05-1.20061E-04
 -1         4-1.00014E+00-5.45631E-04-1.11086E-04-3.09574E-14 1.09354E-05 1.20061E-04
 -1         5-1.00014E+00-5.45631E-04-1.11086E-04 7.54908E-14-1.09354E-05-1.20061E-04
 -1         6-1.00014E+00-5.45631E-04-1.11086E-04-3.26892E-14 1.09354E-05 1.20061E-04
 -1         7-1.00014E+00-5.45631E-04-1.11086E-04 7.51316E-14 1.09354E-05-1.20061E-04
 -1         8-1.00014E+00-5.45631E-04-1.11086E-04-5.09900E-14-1.09354E-05 1.20061E-04
 -1         9-9.99861E-01 2.12785E-04 5.77299E-05 1.93099E-14 1.09354E-05-1.20061E-04
 -1        10-9.99861E-01 2.12785E-04 5.77299E-05-4.09801E-14-1.09354E-05 1.20061E-04
 -1        11-9.99861E-01 2.12785E-04 5.77299E-05 4.92240E-14 1.09354E-05 1.20061E-04
 -1        12-9.99861E-01 2.12785E-04 5.77299E-05-1.07598E-13-1.09354E-05-1.20061E-04
 -1        13-9.99861E-01 2.12785E-04 5.77299E-05-2.80926E-14-1.09354E-05-1.20061E-04
 -1        14-9.99861E-01 2.12785E-04 5.77299E-05 1.51708E-14 1.09354E-05 1.20061E-04
 -1        15-9.99861E-01 2.12785E-04 5.77299E-05 1.83863E-15-1.09354E-05 1.20061E-04
 -1        16-9.99861E-01 2.12785E-04 5.77299E-05-5.14560E-14 1.09354E-05-1.20061E-04
 -3
    1PSTEP                         4           1           1
  100CL  101 1.00000E+00          16                     0    1           1
 -4  STRPOS      6    1
 -5  SXX         1    4    1    1
 -5  SYY         1    4    2    2
 -5  SZZ         1    4    3    3
 -5  SYZ         1    4    2    3
 -5  SZX         1    4    3    1
 -5  SXY         1    4    1    2
 -1         1-1.00014E+00-5.45631E-04-1.11086E-04 9.55404E-14 1.09354E-05-1.20061E-04
 -1         2-1.00014E+00-5.45631E-04-1.11086E-04-1.44354E-14-1.09354E-05 1.20061E-04
 -1         3-1.00014E+00-5.45631E-04-1.11086E-04 9.33683E-14-1.09354E-05-1.20061E-04
 -1         4-1.00014E+00-5.45631E-04-1.11086E-04-3.09574E-14 1.09354E-05 1.20061E-04
 -1         5-1.00014E+00-5.45631E-04-1.11086E-04 7.54908E-14-1.09354E-05-1.20061E-04
 -1         6-1.00014E+00-5.45631E-04-1.11086E-04-3.26892E-14 1.09354E-05 1.20061E-04
 -1         7-1.00014E+00-5.45631E-04-1.11086E-04 7.51316E-14 1.09354E-05-1.20061E-04
 -1         8-1.00014E+00-5.45631E-04-1.11086E-04-5.09900E-14-1.09354E-05 1.20061E-04
 -1         9-9.99861E-01 2.12785E-04 5.77299E-05 1.93099E-14 1.09354E-05-1.20061E-04
 -1        10-9.99861E-01 2.12785E-04 5.77299E-05-4.09801E-14-1.09354E-05 1.20061E-04
 -1        11-9.99861E-01 2.12785E-04 5.77299E-05 4.92240E-14 1.09354E-05 1.20061E-04
 -1        12-9.99861E-01 2.12785E-04 5.77299E-05-1.07598E-13-1.09354E-05-1.20061E-04
 -1        13-9.99861E-01 2.12785E-04 5.77299E-05-2.80926E-14-1.09354E-05-1.20061E-04
 -1        14-9.99861E-01 2.12785E-04 5.77299E-05 1.51708E-14 1.09354E-05 1.20061E-04
 -1        15-9.99861E-01 2.12785E-04 5.77299E-05 1.83863E-15-1.09354E-05 1.20061E-04
 -1        16-9.99861E-01 2.12785E-04 5.77299E-05-5.14560E-14 1.09354E-05-1.20061E-04
 -3
    1PSTEP                         5           1           1
  100CL  101 1.00000E+00          16                     0    1           1
 -4  STRNEG      6    1
 -5  SXX         1    4    1    1
 -5  SYY         1    4    2    2
 -5  SZZ         1    4    3    3
 -5  SYZ         1    4    2    3
 -5  SZX         1    4    3    1
 -5  SXY         1    4    1    2
 -1         1-1.00014E+00-5.45631E-04-1.11086E-04 9.55404E-14 1.09354E-05-1.20061E-04
 -1         2-1.00014E+00-5.45631E-04-1.11086E-04-1.44354E-14-1.09354E-05 1.20061E-04
 -1         3-1.00014E+00-5.45631E-04-1.11086E-04 9.33683E-14-1.09354E-05-1.20061E-04
 -1         4-1.00014E+00-5.45631E-04-1.11086E-04-3.09574E-14 1.09354E-05 1.20061E-04
 -1         5-1.00014E+00-5.45631E-04-1.11086E-04 7.54908E-14-1.09354E-05-1.20061E-04
 -1         6-1.00014E+00-5.45631E-04-1.11086E-04-3.26892E-14 1.09354E-05 1.20061E-04
 -1         7-1.00014E+00-5.45631E-04-1.11086E-04 7.51316E-14 1.09354E-05-1.20061E-04
 -1         8-1.00014E+00-5.45631E-04-1.11086E-04-5.09900E-14-1.09354E-05 1.20061E-04
 -1         9-9.99861E-01 2.12785E-04 5.77299E-05 1.93099E-14 1.09354E-05-1.20061E-04
 -1        10-9.99861E-01 2.12785E-04 5.77299E-05-4.09801E-14-1.09354E-05 1.20061E-04
 -1        11-9.99861E-01 2.12785E-04 5.77299E-05 4.92240E-14 1.09354E-05 1.20061E-04
 -1        12-9.99861E-01 2.12785E-04 5.77299E-05-1.07598E-13-1.09354E-05-1.20061E-04
 -1        13-9.99861E-01 2.12785E-04 5.77299E-05-2.80926E-14-1.09354E-05-1.20061E-04
 -1        14-9.99861E-01 2.12785E-04 5.77299E-05 1.51708E-14 1.09354E-05 1.20061E-04
 -1        15-9.99861E-01 2.12785E-04 5.77299E-05 1.83863E-15-1.09354E-05 1.20061E-04
 -1        16-9.99861E-01 2.12785E-04 5.77299E-05-5.14560E-14 1.09354E-05-1.20061E-04
 -3
    1PSTEP                         6           1           1
  100CL  101 1.00000E+00          16                     0    1           1
 -4  SHR         8    1
 -5  NXX         1    2    1    0
 -5  NYY         1    2    2    0
 -5  NXY         1    2    3    0
 -5  MXX         1    2    4    0
 -5  MYY         1    2    5    0
 -5  MXY         1    2    6    0
 -5  QX          1    2    7    0
 -5  QY          1    2    8    0
 -1         1 0.00000E+00 0.00000E+00 0.00000E+00 0.00000E+00 0.00000E+00 0.00000E+00
 -2           0.00000E+00 0.00000E+00
 -1         2 0.00000E+00 0.00000E+00 0.00000E+00 0.00000E+00 0.00000E+00 0.00000E+00
 -2           0.00000E+00 0.00000E+00
 -1         3 0.00000E+00 0.00000E+00 0.00000E+00 0.00000E+00 0.00000E+00 0.00000E+00
 -2           0.00000E+00 0.00000E+00
 -1         4 0.00000E+00 0.00000E+00 0.00000E+00 0.00000E+00 0.00000E+00 0.00000E+00
 -2           0.00000E+00 0.00000E+00
 -1         5 0.00000E+00 0.00000E+00 0.00000E+00 0.00000E+00 0.00000E+00 0.00000E+00
 -2           0.00000E+00 0.00000E+00
 -1         6 0.00000E+00 0.00000E+00 0.00000E+00 0.00000E+00 0.00000E+00 0.00000E+00
 -2           0.00000E+00 0.00000E+00
 -1         7 0.00000E+00 0.00000E+00 0.00000E+00 0.00000E+00 0.00000E+00 0.00000E+00
 -2           0.00000E+00 0.00000E+00
 -1         8 0.00000E+00 0.00000E+00 0.00000E+00 0.00000E+00 0.00000E+00 0.00000E+00
 -2           0.00000E+00 0.00000E+00
 -1         9 0.00000E+00 0.00000E+00 0.00000E+00 0.00000E+00 0.00000E+00 0.00000E+00
 -2           0.00000E+00 0.00000E+00
 -1        10 0.00000E+00 0.00000E+00 0.00000E+00 0.00000E+00 0.00000E+00 0.00000E+00
 -2           0.00000E+00 0.00000E+00
 -1        11 0.00000E+00 0.00000E+00 0.00000E+00 0.00000E+00 0.00000E+00 0.00000E+00
 -2           0.00000E+00 0.00000E+00
 -1        12 0.00000E+00 0.00000E+00 0.00000E+00 0.00000E+00 0.00000E+00 0.00000E+00
 -2           0.00000E+00 0.00000E+00
 -1        13 0.00000E+00 0.00000E+00 0.00000E+00 0.00000E+00 0.00000E+00 0.00000E+00
 -2           0.00000E+00 0.00000E+00
 -1        14 0.00000E+00 0.00000E+00 0.00000E+00 0.00000E+00 0.00000E+00 0.00000E+00
 -2           0.00000E+00 0.00000E+00
 -1        15 0.00000E+00 0.00000E+00 0.00000E+00 0.00000E+00 0.00000E+00 0.00000E+00
 -2           0.00000E+00 0.00000E+00
 -1        16 0.00000E+00 0.00000E+00 0.00000E+00 0.00000E+00 0.00000E+00 0.00000E+00
 -2           0.00000E+00 0.00000E+00
 -3
    1PSTEP                         7           1           1
  100CL  101 1.00000E+00          16                     0    1           1
 -4  EXTFORC     7    1
 -5  F1          1    2    1    0
 -5  F2          1    2    2    0
 -5  F3          1    2    3    0
 -5  F4          1    1    4    0
 -5  F5          1    1    5    0
 -5  F6          1    1    6    0
 -5  ALL         1    2    0    0    1ALL
 -1         1 0.00000E+00 0.00000E+00 0.00000E+00 0.00000E+00 0.00000E+00 0.00000E+00
 -2           0.00000E+00
 -1         2 0.00000E+00 0.00000E+00 0.00000E+00 0.00000E+00 0.00000E+00 0.00000E+00
 -2           0.00000E+00
 -1         3 0.00000E+00 0.00000E+00 0.00000E+00 0.00000E+00 0.00000E+00 0.00000E+00
 -2           0.00000E+00
 -1         4 0.00000E+00 0.00000E+00 0.00000E+00 0.00000E+00 0.00000E+00 0.00000E+00
 -2           0.00000E+00
 -1         5 0.00000E+00 0.00000E+00 0.00000E+00 0.00000E+00 0.00000E+00 0.00000E+00
 -2           0.00000E+00
 -1         6 0.00000E+00 0.00000E+00 0.00000E+00 0.00000E+00 0.00000E+00 0.00000E+00
 -2           0.00000E+00
 -1         7 0.00000E+00 0.00000E+00 0.00000E+00 0.00000E+00 0.00000E+00 0.00000E+00
 -2           0.00000E+00
 -1         8 0.00000E+00 0.00000E+00 0.00000E+00 0.00000E+00 0.00000E+00 0.00000E+00
 -2           0.00000E+00
 -1         9-2.50000E+02 0.00000E+00 0.00000E+00 0.00000E+00 0.00000E+00 0.00000E+00
 -2           2.50000E+02
 -1        10 2.50000E+02 0.00000E+00 0.00000E+00 0.00000E+00 0.00000E+00 0.00000E+00
 -2           2.50000E+02
 -1        11-2.50000E+02 0.00000E+00 0.00000E+00 0.00000E+00 0.00000E+00 0.00000E+00
 -2           2.50000E+02
 -1        12 2.50000E+02 0.00000E+00 0.00000E+00 0.00000E+00 0.00000E+00 0.00000E+00
 -2           2.50000E+02
 -1        13-2.50000E+02 0.00000E+00 0.00000E+00 0.00000E+00 0.00000E+00 0.00000E+00
 -2           2.50000E+02
 -1        14 2.50000E+02 0.00000E+00 0.00000E+00 0.00000E+00 0.00000E+00 0.00000E+00
 -2           2.50000E+02
 -1        15-2.50000E+02 0.00000E+00 0.00000E+00 0.00000E+00 0.00000E+00 0.00000E+00
 -2           2.50000E+02
 -1        16 2.50000E+02 0.00000E+00 0.00000E+00 0.00000E+00 0.00000E+00 0.00000E+00
 -2           2.50000E+02
 -3
    1PSTEP                         8           1           1
  100CL  101 1.00000E+00          16                     0    1           1
 -4  PTFORC      4    1
 -5  F1          1    2    1    0
 -5  F2          1    2    2    0
 -5  F3          1    2    3    0
 -5  ALL         1    2    0    0    1ALL
 -1         1 0.00000E+00 0.00000E+00 0.00000E+00 0.00000E+00
 -1         2 0.00000E+00 0.00000E+00 0.00000E+00 0.00000E+00
 -1         3 0.00000E+00 0.00000E+00 0.00000E+00 0.00000E+00
 -1         4 0.00000E+00 0.00000E+00 0.00000E+00 0.00000E+00
 -1         5 0.00000E+00 0.00000E+00 0.00000E+00 0.00000E+00
 -1         6 0.00000E+00 0.00000E+00 0.00000E+00 0.00000E+00
 -1         7 0.00000E+00 0.00000E+00 0.00000E+00 0.00000E+00
 -1         8 0.00000E+00 0.00000E+00 0.00000E+00 0.00000E+00
 -1         9-2.50000E+02 0.00000E+00 0.00000E+00 2.50000E+02
 -1        10 2.50000E+02 0.00000E+00 0.00000E+00 2.50000E+02
 -1        11-2.50000E+02 0.00000E+00 0.00000E+00 2.50000E+02
 -1        12 2.50000E+02 0.00000E+00 0.00000E+00 2.50000E+02
 -1        13-2.50000E+02 0.00000E+00 0.00000E+00 2.50000E+02
 -1        14 2.50000E+02 0.00000E+00 0.00000E+00 2.50000E+02
 -1        15-2.50000E+02 0.00000E+00 0.00000E+00 2.50000E+02
 -1        16 2.50000E+02 0.00000E+00 0.00000E+00 2.50000E+02
 -3
    1PSTEP                         9           1           1
  100CL  101 1.00000E+00          16                     0    1           1
 -4  FORC        7    1
 -5  F1          1    2    1    0
 -5  F2          1    2    2    0
 -5  F3          1    2    3    0
 -5  F4          1    1    4    0
 -5  F5          1    1    5    0
 -5  F6          1    1    6    0
 -5  ALL         1    2    0    0    1ALL
 -1         1 2.50000E+02 8.32115E-02 3.33474E-02 0.00000E+00 0.00000E+00 0.00000E+00
 -2           2.50000E+02
 -1         2-2.50000E+02 8.32115E-02 3.33474E-02 0.00000E+00 0.00000E+00 0.00000E+00
 -2           2.50000E+02
 -1         3-2.50000E+02-8.32115E-02 3.33474E-02 0.00000E+00 0.00000E+00 0.00000E+00
 -2           2.50000E+02
 -1         4 2.50000E+02-8.32115E-02 3.33474E-02 0.00000E+00 0.00000E+00 0.00000E+00
 -2           2.50000E+02
 -1         5 2.50000E+02 8.32115E-02-3.33474E-02 0.00000E+00 0.00000E+00 0.00000E+00
 -2           2.50000E+02
 -1         6-2.50000E+02 8.32115E-02-3.33474E-02 0.00000E+00 0.00000E+00 0.00000E+00
 -2           2.50000E+02
 -1         7-2.50000E+02-8.32115E-02-3.33474E-02 0.00000E+00 0.00000E+00 0.00000E+00
 -2           2.50000E+02
 -1         8 2.50000E+02-8.32115E-02-3.33474E-02 0.00000E+00 0.00000E+00 0.00000E+00
 -2           2.50000E+02
 -1         9 0.00000E+00 0.00000E+00 0.00000E+00 0.00000E+00 0.00000E+00 0.00000E+00
 -2           0.00000E+00
 -1        10 0.00000E+00 0.00000E+00 0.00000E+00 0.00000E+00 0.00000E+00 0.00000E+00
 -2           0.00000E+00
 -1        11 0.00000E+00 0.00000E+00 0.00000E+00 0.00000E+00 0.00000E+00 0.00000E+00
 -2           0.00000E+00
 -1        12 0.00000E+00 0.00000E+00 0.00000E+00 0.00000E+00 0.00000E+00 0.00000E+00
 -2           0.00000E+00
 -1        13 0.00000E+00 0.00000E+00 0.00000E+00 0.00000E+00 0.00000E+00 0.00000E+00
 -2           0.00000E+00
 -1        14 0.00000E+00 0.00000E+00 0.00000E+00 0.00000E+00 0.00000E+00 0.00000E+00
 -2           0.00000E+00
 -1        15 0.00000E+00 0.00000E+00 0.00000E+00 0.00000E+00 0.00000E+00 0.00000E+00
 -2           0.00000E+00
 -1        16 0.00000E+00 0.00000E+00 0.00000E+00 0.00000E+00 0.00000E+00 0.00000E+00
 -2           0.00000E+00
 -3
 9999
