    1CFEMAST
    1Ugenerated by FEMaster
    2C                            16                                     1
 -1         1-5.00000E+01-2.50000E+01-1.00000E+01
 -1         2 5.00000E+01-2.50000E+01-1.00000E+01
 -1         3 5.00000E+01 2.50000E+01-1.00000E+01
 -1         4-5.00000E+01 2.50000E+01-1.00000E+01
 -1         5-5.00000E+01-2.50000E+01 1.00000E+01
 -1         6 5.00000E+01-2.50000E+01 1.00000E+01
 -1         7 5.00000E+01 2.50000E+01 1.00000E+01
 -1         8-5.00000E+01 2.50000E+01 1.00000E+01
 -1         9 0.00000E+00-2.50000E+01-1.00000E+01
 -1        10 0.00000E+00-2.50000E+01-1.00000E+01
 -1        11 0.00000E+00 2.50000E+01-1.00000E+01
 -1        12 0.00000E+00 2.50000E+01-1.00000E+01
 -1        13 0.00000E+00-2.50000E+01 1.00000E+01
 -1        14 0.00000E+00-2.50000E+01 1.00000E+01
 -1        15 0.00000E+00 2.50000E+01 1.00000E+01
 -1        16 0.00000E+00 2.50000E+01 1.00000E+01
 -3
    3C                             2                                     1
 -1         1    1    0    0
 -2        10         2         3        12        14         6         7        16
 -1         2    1    0    0
 -2         1         9        11         4         5        13        15         8
 -3
    1PSTEP                         1           1           1
  100CL  101 1.00000E+00          16                     0    1           1
 -4  DISP        7    1
 -5  D1          1    2    1    0
 -5  D2          1    2    2    0
 -5  D3          1    2    3    0
 -5  D4          1    1    4    0
 -5  D5          1    1    5    0
 -5  D6          1    1    6    0
 -5  ALL         1    2    0    0    1ALL
 -1         1-4.31327E-16 1.04360E-15-1.21719E-16 0.00000E+00 0.00000E+00 0.00000E+00
 -2           1.13576E-15
 -1         2-5.83723E-16-1.10784E-15 2.92854E-15 0.00000E+00 0.00000E+00 0.00000E+00
 -2           3.18502E-15
 -1         3-1.03456E-15 3.75626E-16-3.59456E-15 0.00000E+00 0.00000E+00 0.00000E+00
 -2           3.75929E-15
 -1         4 0.00000E+00-2.08037E-15-2.85497E-16 0.00000E+00 0.00000E+00 0.00000E+00
 -2           2.09987E-15
 -1         5-4.52977E-01-2.41910E-02 4.24423E-02 0.00000E+00 0.00000E+00 0.00000E+00
 -2           4.55604E-01
 -1         6 4.52977E-01-2.41910E-02 4.24423E-02 0.00000E+00 0.00000E+00 0.00000E+00
 -2           4.55604E-01
 -1         7 4.52977E-01 2.41910E-02 4.24423E-02 0.00000E+00 0.00000E+00 0.00000E+00
 -2           4.55604E-01
 -1         8-4.52977E-01 2.41910E-02 4.24423E-02 0.00000E+00 0.00000E+00 0.00000E+00
 -2           4.55604E-01
 -1         9-5.00000E-01-8.29847E-02 5.72749E-01 0.00000E+00 0.00000E+00 0.00000E+00
 -2           7.64805E-01
 -1        10 5.00000E-01-8.29847E-02 5.72749E-01 0.00000E+00 0.00000E+00 0.00000E+00
 -2           7.64805E-01
 -1        11-5.00000E-01 8.29847E-02 5.72749E-01 0.00000E+00 0.00000E+00 0.00000E+00
 -2           7.64805E-01
 -1        12 5.00000E-01 8.29847E-02 5.72749E-01 0.00000E+00 0.00000E+00 0.00000E+00
 -2           7.64805E-01
 -1        13-5.00000E-01-2.08364E-02 6.02137E-01 0.00000E+00 0.00000E+00 0.00000E+00
 -2           7.82945E-01
 -1        14 5.00000E-01-2.08364E-02 6.02137E-01 0.00000E+00 0.00000E+00 0.00000E+00
 -2           7.82945E-01
 -1        15-5.00000E-01 2.08364E-02 6.02137E-01 0.00000E+00 0.00000E+00 0.00000E+00
 -2           7.82945E-01
 -1        16 5.00000E-01 2.08364E-02 6.02137E-01 0.00000E+00 0.00000E+00 0.00000E+00
 -2           7.82945E-01
 -3
    1PSTEP                         2           1           1
  100CL  101 1.00000E+00          16                     0    1           1
 -4  TOSTRAIN    6    1
 -5  EXX         1    4    1    1
 -5  EYY         1    4    2    2
 -5  EZZ         1    4    3    3
 -5  EYZ         1    4    2    3
 -5  EZX         1    4    3    1
 -5  EXY         1    4    1    2
 -1         1-1.00000E-02-6.24793E-17 2.12211E-03-1.20955E-03-1.11939E-02-1.65969E-03
 -1         2-1.00000E-02 2.96693E-17 2.12211E-03-1.20955E-03 1.11939E-02 1.65969E-03
 -1         3-1.00000E-02 2.96693E-17 2.12211E-03 1.20955E-03 1.11939E-02-1.65969E-03
 -1         4-1.00000E-02-6.24793E-17 2.12211E-03 1.20955E-03-1.11939E-02 1.65969E-03
 -1         5-9.40455E-04 9.67641E-04 2.12211E-03-1.20955E-03-1.14550E-02 6.70921E-05
 -1         6-9.40455E-04 9.67641E-04 2.12211E-03-1.20955E-03 1.14550E-02-6.70921E-05
 -1         7-9.40455E-04 9.67641E-04 2.12211E-03 1.20955E-03 1.14550E-02 6.70921E-05
 -1         8-9.40455E-04 9.67641E-04 2.12211E-03 1.20955E-03-1.14550E-02-6.70921E-05
 -1         9-1.00000E-02 3.31939E-03 1.46941E-03 3.10741E-03 1.14550E-02-1.65969E-03
 -1        10-1.00000E-02 3.31939E-03 1.46941E-03 3.10741E-03-1.14550E-02 1.65969E-03
 -1        11-1.00000E-02 3.31939E-03 1.46941E-03-3.10741E-03 1.14550E-02 1.65969E-03
 -1        12-1.00000E-02 3.31939E-03 1.46941E-03-3.10741E-03-1.14550E-02-1.65969E-03
 -1        13-9.40455E-04 8.33457E-04 1.46941E-03 3.10741E-03 1.11939E-02 6.70921E-05
 -1        14-9.40455E-04 8.33457E-04 1.46941E-03 3.10741E-03-1.11939E-02-6.70921E-05
 -1        15-9.40455E-04 8.33457E-04 1.46941E-03-3.10741E-03 1.11939E-02-6.70921E-05
 -1        16-9.40455E-04 8.33457E-04 1.46941E-03-3.10741E-03-1.11939E-02 6.70921E-05
 -3
    1PSTEP                         3           1           1
  100CL  101 1.00000E+00          16                     0    1           1
 -4  STRESS      6    1
 -5  SXX         1    4    1    1
 -5  SYY         1    4    2    2
 -5  SZZ         1    4    3    3
 -5  SYZ         1    4    2    3
 -5  SZX         1    4    3    1
 -5  SXY         1    4    1    2
 -1         1-2.56982E+03-9.54436E+02-6.11634E+02-9.76946E+01-9.04122E+02-1.34052E+02
 -1         2-2.56982E+03-9.54436E+02-6.11634E+02-9.76946E+01 9.04122E+02 1.34052E+02
 -1         3-2.56982E+03-9.54436E+02-6.11634E+02 9.76946E+01 9.04122E+02-1.34052E+02
 -1         4-2.56982E+03-9.54436E+02-6.11634E+02 9.76946E+01-9.04122E+02 1.34052E+02
 -1         5 1.08476E+02 4.16707E+02 6.03199E+02-9.76946E+01-9.25209E+02 5.41898E+00
 -1         6 1.08476E+02 4.16707E+02 6.03199E+02-9.76946E+01 9.25209E+02-5.41898E+00
 -1         7 1.08476E+02 4.16707E+02 6.03199E+02 9.76946E+01 9.25209E+02 5.41898E+00
 -1         8 1.08476E+02 4.16707E+02 6.03199E+02 9.76946E+01-9.25209E+02-5.41898E+00
 -1         9-2.24674E+03-9.51485E+01-3.93992E+02 2.50983E+02 9.25209E+02-1.34052E+02
 -1        10-2.24674E+03-9.51485E+01-3.93992E+02 2.50983E+02-9.25209E+02 1.34052E+02
 -1        11-2.24674E+03-9.51485E+01-3.93992E+02-2.50983E+02 9.25209E+02 1.34052E+02
 -1        12-2.24674E+03-9.51485E+01-3.93992E+02-2.50983E+02-9.25209E+02-1.34052E+02
 -1        13 1.31414E+01 2.99696E+02 4.02427E+02 2.50983E+02 9.04122E+02 5.41898E+00
 -1        14 1.31414E+01 2.99696E+02 4.02427E+02 2.50983E+02-9.04122E+02-5.41898E+00
 -1        15 1.31414E+01 2.99696E+02 4.02427E+02-2.50983E+02 9.04122E+02-5.41898E+00
 -1        16 1.31414E+01 2.99696E+02 4.02427E+02-2.50983E+02-9.04122E+02 5.41898E+00
 -3
    1PSTEP                         4           1           1
  100CL  101 1.00000E+00          16                     0    1           1
 -4  STRPOS      6    1
 -5  SXX         1    4    1    1
 -5  SYY         1    4    2    2
 -5  SZZ         1    4    3    3
 -5  SYZ         1    4    2    3
 -5  SZX         1    4    3    1
 -5  SXY         1    4    1    2
 -1         1-2.56982E+03-9.54436E+02-6.11634E+02-9.76946E+01-9.04122E+02-1.34052E+02
 -1         2-2.56982E+03-9.54436E+02-6.11634E+02-9.76946E+01 9.04122E+02 1.34052E+02
 -1         3-2.56982E+03-9.54436E+02-6.11634E+02 9.76946E+01 9.04122E+02-1.34052E+02
 -1         4-2.56982E+03-9.54436E+02-6.11634E+02 9.76946E+01-9.04122E+02 1.34052E+02
 -1         5 1.08476E+02 4.16707E+02 6.03199E+02-9.76946E+01-9.25209E+02 5.41898E+00
 -1         6 1.08476E+02 4.16707E+02 6.03199E+02-9.76946E+01 9.25209E+02-5.41898E+00
 -1         7 1.08476E+02 4.16707E+02 6.03199E+02 9.76946E+01 9.25209E+02 5.41898E+00
 -1         8 1.08476E+02 4.16707E+02 6.03199E+02 9.76946E+01-9.25209E+02-5.41898E+00
 -1         9-2.24674E+03-9.51485E+01-3.93992E+02 2.50983E+02 9.25209E+02-1.34052E+02
 -1        10-2.24674E+03-9.51485E+01-3.93992E+02 2.50983E+02-9.25209E+02 1.34052E+02
 -1        11-2.24674E+03-9.51485E+01-3.93992E+02-2.50983E+02 9.25209E+02 1.34052E+02
 -1        12-2.24674E+03-9.51485E+01-3.93992E+02-2.50983E+02-9.25209E+02-1.34052E+02
 -1        13 1.31414E+01 2.99696E+02 4.02427E+02 2.50983E+02 9.04122E+02 5.41898E+00
 -1        14 1.31414E+01 2.99696E+02 4.02427E+02 2.50983E+02-9.04122E+02-5.41898E+00
 -1        15 1.31414E+01 2.99696E+02 4.02427E+02-2.50983E+02 9.04122E+02-5.41898E+00
 -1        16 1.31414E+01 2.99696E+02 4.02427E+02-2.50983E+02-9.04122E+02 5.41898E+00
 -3
    1PSTEP                         5           1           1
  100CL  101 1.00000E+00          16                     0    1           1
 -4  STRNEG      6    1
 -5  SXX         1    4    1    1
 -5  SYY         1    4    2    2
 -5  SZZ         1    4    3    3
 -5  SYZ         1    4    2    3
 -5  SZX         1    4    3    1
 -5  SXY         1    4    1    2
 -1         1-2.56982E+03-9.54436E+02-6.11634E+02-9.76946E+01-9.04122E+02-1.34052E+02
 -1         2-2.56982E+03-9.54436E+02-6.11634E+02-9.76946E+01 9.04122E+02 1.34052E+02
 -1         3-2.56982E+03-9.54436E+02-6.11634E+02 9.76946E+01 9.04122E+02-1.34052E+02
 -1         4-2.56982E+03-9.54436E+02-6.11634E+02 9.76946E+01-9.04122E+02 1.34052E+02
 -1         5 1.08476E+02 4.16707E+02 6.03199E+02-9.76946E+01-9.25209E+02 5.41898E+00
 -1         6 1.08476E+02 4.16707E+02 6.03199E+02-9.76946E+01 9.25209E+02-5.41898E+00
 -1         7 1.08476E+02 4.16707E+02 6.03199E+02 9.76946E+01 9.25209E+02 5.41898E+00
 -1         8 1.08476E+02 4.16707E+02 6.03199E+02 9.76946E+01-9.25209E+02-5.41898E+00
 -1         9-2.24674E+03-9.51485E+01-3.93992E+02 2.50983E+02 9.25209E+02-1.34052E+02
 -1        10-2.24674E+03-9.51485E+01-3.93992E+02 2.50983E+02-9.25209E+02 1.34052E+02
 -1        11-2.24674E+03-9.51485E+01-3.93992E+02-2.50983E+02 9.25209E+02 1.34052E+02
 -1        12-2.24674E+03-9.51485E+01-3.93992E+02-2.50983E+02-9.25209E+02-1.34052E+02
 -1        13 1.31414E+01 2.99696E+02 4.02427E+02 2.50983E+02 9.04122E+02 5.41898E+00
 -1        14 1.31414E+01 2.99696E+02 4.02427E+02 2.50983E+02-9.04122E+02-5.41898E+00
 -1        15 1.31414E+01 2.99696E+02 4.02427E+02-2.50983E+02 9.04122E+02-5.41898E+00
 -1        16 1.31414E+01 2.99696E+02 4.02427E+02-2.50983E+02-9.04122E+02 5.41898E+00
 -3
    1PSTEP                         6           1           1
  100CL  101 1.00000E+00          16                     0    1           1
 -4  SHR         8    1
 -5  NXX         1    2    1    0
 -5  NYY         1    2    2    0
 -5  NXY         1    2    3    0
 -5  MXX         1    2    4    0
 -5  MYY         1    2    5    0
 -5  MXY         1    2    6    0
 -5  QX          1    2    7    0
 -5  QY          1    2    8    0
 -1         1 0.00000E+00 0.00000E+00 0.00000E+00 0.00000E+00 0.00000E+00 0.00000E+00
 -2           0.00000E+00 0.00000E+00
 -1         2 0.00000E+00 0.00000E+00 0.00000E+00 0.00000E+00 0.00000E+00 0.00000E+00
 -2           0.00000E+00 0.00000E+00
 -1         3 0.00000E+00 0.00000E+00 0.00000E+00 0.00000E+00 0.00000E+00 0.00000E+00
 -2           0.00000E+00 0.00000E+00
 -1         4 0.00000E+00 0.00000E+00 0.00000E+00 0.00000E+00 0.00000E+00 0.00000E+00
 -2           0.00000E+00 0.00000E+00
 -1         5 0.00000E+00 0.00000E+00 0.00000E+00 0.00000E+00 0.00000E+00 0.00000E+00
 -2           0.00000E+00 0.00000E+00
 -1         6 0.00000E+00 0.00000E+00 0.00000E+00 0.00000E+00 0.00000E+00 0.00000E+00
 -2           0.00000E+00 0.00000E+00
 -1         7 0.00000E+00 0.00000E+00 0.00000E+00 0.00000E+00 0.00000E+00 0.00000E+00
 -2           0.00000E+00 0.00000E+00
 -1         8 0.00000E+00 0.00000E+00 0.00000E+00 0.00000E+00 0.00000E+00 0.00000E+00
 -2           0.00000E+00 0.00000E+00
 -1         9 0.00000E+00 0.00000E+00 0.00000E+00 0.00000E+00 0.00000E+00 0.00000E+00
 -2           0.00000E+00 0.00000E+00
 -1        10 0.00000E+00 0.00000E+00 0.00000E+00 0.00000E+00 0.00000E+00 0.00000E+00
 -2           0.00000E+00 0.00000E+00
 -1        11 0.00000E+00 0.00000E+00 0.00000E+00 0.00000E+00 0.00000E+00 0.00000E+00
 -2           0.00000E+00 0.00000E+00
 -1        12 0.00000E+00 0.00000E+00 0.00000E+00 0.00000E+00 0.00000E+00 0.00000E+00
 -2           0.00000E+00 0.00000E+00
 -1        13 0.00000E+00 0.00000E+00 0.00000E+00 0.00000E+00 0.00000E+00 0.00000E+00
 -2           0.00000E+00 0.00000E+00
 -1        14 0.00000E+00 0.00000E+00 0.00000E+00 0.00000E+00 0.00000E+00 0.00000E+00
 -2           0.00000E+00 0.00000E+00
 -1        15 0.00000E+00 0.00000E+00 0.00000E+00 0.00000E+00 0.00000E+00 0.00000E+00
 -2           0.00000E+00 0.00000E+00
 -1        16 0.00000E+00 0.00000E+00 0.00000E+00 0.00000E+00 0.00000E+00 0.00000E+00
 -2           0.00000E+00 0.00000E+00
 -3
    1PSTEP                         7           1           1
  100CL  101 1.00000E+00          16                     0    1           1
 -4  EXTFORC     7    1
 -5  F1          1    2    1    0
 -5  F2          1    2    2    0
 -5  F3          1    2    3    0
 -5  F4          1    1    4    0
 -5  F5          1    1    5    0
 -5  F6          1    1    6    0
 -5  ALL         1    2    0    0    1ALL
 -1         1 0.00000E+00 0.00000E+00 0.00000E+00 0.00000E+00 0.00000E+00 0.00000E+00
 -2           0.00000E+00
 -1         2 0.00000E+00 0.00000E+00 0.00000E+00 0.00000E+00 0.00000E+00 0.00000E+00
 -2           0.00000E+00
 -1         3 0.00000E+00 0.00000E+00 0.00000E+00 0.00000E+00 0.00000E+00 0.00000E+00
 -2           0.00000E+00
 -1         4 0.00000E+00 0.00000E+00 0.00000E+00 0.00000E+00 0.00000E+00 0.00000E+00
 -2           0.00000E+00
 -1         5 0.00000E+00 0.00000E+00 0.00000E+00 0.00000E+00 0.00000E+00 0.00000E+00
 -2           0.00000E+00
 -1         6 0.00000E+00 0.00000E+00 0.00000E+00 0.00000E+00 0.00000E+00 0.00000E+00
 -2           0.00000E+00
 -1         7 0.00000E+00 0.00000E+00 0.00000E+00 0.00000E+00 0.00000E+00 0.00000E+00
 -2           0.00000E+00
 -1         8 0.00000E+00 0.00000E+00 0.00000E+00 0.00000E+00 0.00000E+00 0.00000E+00
 -2           0.00000E+00
 -1         9 0.00000E+00 0.00000E+00 0.00000E+00 0.00000E+00 0.00000E+00 0.00000E+00
 -2           0.00000E+00
 -1        10 0.00000E+00 0.00000E+00 0.00000E+00 0.00000E+00 0.00000E+00 0.00000E+00
 -2           0.00000E+00
 -1        11 0.00000E+00 0.00000E+00 0.00000E+00 0.00000E+00 0.00000E+00 0.00000E+00
 -2           0.00000E+00
 -1        12 0.00000E+00 0.00000E+00 0.00000E+00 0.00000E+00 0.00000E+00 0.00000E+00
 -2           0.00000E+00
 -1        13 0.00000E+00 0.00000E+00 0.00000E+00 0.00000E+00 0.00000E+00 0.00000E+00
 -2           0.00000E+00
 -1        14 0.00000E+00 0.00000E+00 0.00000E+00 0.00000E+00 0.00000E+00 0.00000E+00
 -2           0.00000E+00
 -1        15 0.00000E+00 0.00000E+00 0.00000E+00 0.00000E+00 0.00000E+00 0.00000E+00
 -2           0.00000E+00
 -1        16 0.00000E+00 0.00000E+00 0.00000E+00 0.00000E+00 0.00000E+00 0.00000E+00
 -2           0.00000E+00
 -3
    1PSTEP                         8           1           1
  100CL  101 1.00000E+00          16                     0    1           1
 -4  PTFORC      4    1
 -5  F1          1    2    1    0
 -5  F2          1    2    2    0
 -5  F3          1    2    3    0
 -5  ALL         1    2    0    0    1ALL
 -1         1 0.00000E+00 0.00000E+00 0.00000E+00 0.00000E+00
 -1         2 0.00000E+00 0.00000E+00 0.00000E+00 0.00000E+00
 -1         3 0.00000E+00 0.00000E+00 0.00000E+00 0.00000E+00
 -1         4 0.00000E+00 0.00000E+00 0.00000E+00 0.00000E+00
 -1         5 0.00000E+00 0.00000E+00 0.00000E+00 0.00000E+00
 -1         6 0.00000E+00 0.00000E+00 0.00000E+00 0.00000E+00
 -1         7 0.00000E+00 0.00000E+00 0.00000E+00 0.00000E+00
 -1         8 0.00000E+00 0.00000E+00 0.00000E+00 0.00000E+00
 -1         9 0.00000E+00 0.00000E+00 0.00000E+00 0.00000E+00
 -1        10 0.00000E+00 0.00000E+00 0.00000E+00 0.00000E+00
 -1        11 0.00000E+00 0.00000E+00 0.00000E+00 0.00000E+00
 -1        12 0.00000E+00 0.00000E+00 0.00000E+00 0.00000E+00
 -1        13 0.00000E+00 0.00000E+00 0.00000E+00 0.00000E+00
 -1        14 0.00000E+00 0.00000E+00 0.00000E+00 0.00000E+00
 -1        15 0.00000E+00 0.00000E+00 0.00000E+00 0.00000E+00
 -1        16 0.00000E+00 0.00000E+00 0.00000E+00 0.00000E+00
 -3
    1PSTEP                         9           1           1
  100CL  101 1.00000E+00          16                     0    1           1
 -4  PTGAP       1    1
 -5  GAP         1    1    1    0
 -1         1 0.00000E+00
 -1         2 0.00000E+00
 -1         3 0.00000E+00
 -1         4 0.00000E+00
 -1         5 0.00000E+00
 -1         6 0.00000E+00
 -1         7 0.00000E+00
 -1         8 0.00000E+00
 -1         9 1.00000E+00
 -1        10 0.00000E+00
 -1        11 1.00000E+00
 -1        12 0.00000E+00
 -1        13 1.00000E+00
 -1        14 0.00000E+00
 -1        15 1.00000E+00
 -1        16 0.00000E+00
 -3
    1PSTEP                        10           1           1
  100CL  101 1.00000E+00          16                     0    1           1
 -4  FORC        7    1
 -5  F1          1    2    1    0
 -5  F2          1    2    2    0
 -5  F3          1    2    3    0
 -5  F4          1    1    4    0
 -5  F5          1    1    5    0
 -5  F6          1    1    6    0
 -5  ALL         1    2    0    0    1ALL
 -1         1 5.86868E+05 8.32953E+04 1.10595E-09 0.00000E+00 0.00000E+00 0.00000E+00
 -2           5.92750E+05
 -1         2-5.86868E+05 8.32953E+04 2.42519E-09 0.00000E+00 0.00000E+00 0.00000E+00
 -2           5.92750E+05
 -1         3-5.86868E+05-8.32953E+04 1.33557E-10 0.00000E+00 0.00000E+00 0.00000E+00
 -2           5.92750E+05
 -1         4 5.86868E+05-8.32953E+04 1.83354E-09 0.00000E+00 0.00000E+00 0.00000E+00
 -2           5.92750E+05
 -1         5 0.00000E+00 0.00000E+00 0.00000E+00 0.00000E+00 0.00000E+00 0.00000E+00
 -2           0.00000E+00
 -1         6 0.00000E+00 0.00000E+00 0.00000E+00 0.00000E+00 0.00000E+00 0.00000E+00
 -2           0.00000E+00
 -1         7 0.00000E+00 0.00000E+00 0.00000E+00 0.00000E+00 0.00000E+00 0.00000E+00
 -2           0.00000E+00
 -1         8 0.00000E+00 0.00000E+00 0.00000E+00 0.00000E+00 0.00000E+00 0.00000E+00
 -2           0.00000E+00
 -1         9 0.00000E+00 0.00000E+00 0.00000E+00 0.00000E+00 0.00000E+00 0.00000E+00
 -2           0.00000E+00
 -1        10 0.00000E+00 0.00000E+00 0.00000E+00 0.00000E+00 0.00000E+00 0.00000E+00
 -2           0.00000E+00
 -1        11 0.00000E+00 0.00000E+00 0.00000E+00 0.00000E+00 0.00000E+00 0.00000E+00
 -2           0.00000E+00
 -1        12 0.00000E+00 0.00000E+00 0.00000E+00 0.00000E+00 0.00000E+00 0.00000E+00
 -2           0.00000E+00
 -1        13 0.00000E+00 0.00000E+00 0.00000E+00 0.00000E+00 0.00000E+00 0.00000E+00
 -2           0.00000E+00
 -1        14 0.00000E+00 0.00000E+00 0.00000E+00 0.00000E+00 0.00000E+00 0.00000E+00
 -2           0.00000E+00
 -1        15 0.00000E+00 0.00000E+00 0.00000E+00 0.00000E+00 0.00000E+00 0.00000E+00
 -2           0.00000E+00
 -1        16 0.00000E+00 0.00000E+00 0.00000E+00 0.00000E+00 0.00000E+00 0.00000E+00
 -2           0.00000E+00
 -3
    1PSTEP                        11           1           2
  100CL  102 1.00000E+00          16                     0    2           1
 -4  DISP        7    1
 -5  D1          1    2    1    0
 -5  D2          1    2    2    0
 -5  D3          1    2    3    0
 -5  D4          1    1    4    0
 -5  D5          1    1    5    0
 -5  D6          1    1    6    0
 -5  ALL         1    2    0    0    1ALL
 -1         1-4.31327E-16 1.04360E-15-1.21719E-16 0.00000E+00 0.00000E+00 0.00000E+00
 -2           1.13576E-15
 -1         2-5.83723E-16-1.10784E-15 2.92854E-15 0.00000E+00 0.00000E+00 0.00000E+00
 -2           3.18502E-15
 -1         3-1.03456E-15 3.75626E-16-3.59456E-15 0.00000E+00 0.00000E+00 0.00000E+00
 -2           3.75929E-15
 -1         4 0.00000E+00-2.08037E-15-2.85497E-16 0.00000E+00 0.00000E+00 0.00000E+00
 -2           2.09987E-15
 -1         5-4.52977E-01-2.41910E-02 4.24423E-02 0.00000E+00 0.00000E+00 0.00000E+00
 -2           4.55604E-01
 -1         6 4.52977E-01-2.41910E-02 4.24423E-02 0.00000E+00 0.00000E+00 0.00000E+00
 -2           4.55604E-01
 -1         7 4.52977E-01 2.41910E-02 4.24423E-02 0.00000E+00 0.00000E+00 0.00000E+00
 -2           4.55604E-01
 -1         8-4.52977E-01 2.41910E-02 4.24423E-02 0.00000E+00 0.00000E+00 0.00000E+00
 -2           4.55604E-01
 -1         9-5.00000E-01-8.29847E-02 5.72749E-01 0.00000E+00 0.00000E+00 0.00000E+00
 -2           7.64805E-01
 -1        10 5.00000E-01-8.29847E-02 5.72749E-01 0.00000E+00 0.00000E+00 0.00000E+00
 -2           7.64805E-01
 -1        11-5.00000E-01 8.29847E-02 5.72749E-01 0.00000E+00 0.00000E+00 0.00000E+00
 -2           7.64805E-01
 -1        12 5.00000E-01 8.29847E-02 5.72749E-01 0.00000E+00 0.00000E+00 0.00000E+00
 -2           7.64805E-01
 -1        13-5.00000E-01-2.08364E-02 6.02137E-01 0.00000E+00 0.00000E+00 0.00000E+00
 -2           7.82945E-01
 -1        14 5.00000E-01-2.08364E-02 6.02137E-01 0.00000E+00 0.00000E+00 0.00000E+00
 -2           7.82945E-01
 -1        15-5.00000E-01 2.08364E-02 6.02137E-01 0.00000E+00 0.00000E+00 0.00000E+00
 -2           7.82945E-01
 -1        16 5.00000E-01 2.08364E-02 6.02137E-01 0.00000E+00 0.00000E+00 0.00000E+00
 -2           7.82945E-01
 -3
    1PSTEP                        12           1           2
  100CL  102 1.00000E+00          16                     0    2           1
 -4  TOSTRAIN    6    1
 -5  EXX         1    4    1    1
 -5  EYY         1    4    2    2
 -5  EZZ         1    4    3    3
 -5  EYZ         1    4    2    3
 -5  EZX         1    4    3    1
 -5  EXY         1    4    1    2
 -1         1-1.00000E-02-6.24793E-17 2.12211E-03-1.20955E-03-1.11939E-02-1.65969E-03
 -1         2-1.00000E-02 2.96693E-17 2.12211E-03-1.20955E-03 1.11939E-02 1.65969E-03
 -1         3-1.00000E-02 2.96693E-17 2.12211E-03 1.20955E-03 1.11939E-02-1.65969E-03
 -1         4-1.00000E-02-6.24793E-17 2.12211E-03 1.20955E-03-1.11939E-02 1.65969E-03
 -1         5-9.40455E-04 9.67641E-04 2.12211E-03-1.20955E-03-1.14550E-02 6.70921E-05
 -1         6-9.40455E-04 9.67641E-04 2.12211E-03-1.20955E-03 1.14550E-02-6.70921E-05
 -1         7-9.40455E-04 9.67641E-04 2.12211E-03 1.20955E-03 1.14550E-02 6.70921E-05
 -1         8-9.40455E-04 9.67641E-04 2.12211E-03 1.20955E-03-1.14550E-02-6.70921E-05
 -1         9-1.00000E-02 3.31939E-03 1.46941E-03 3.10741E-03 1.14550E-02-1.65969E-03
 -1        10-1.00000E-02 3.31939E-03 1.46941E-03 3.10741E-03-1.14550E-02 1.65969E-03
 -1        11-1.00000E-02 3.31939E-03 1.46941E-03-3.10741E-03 1.14550E-02 1.65969E-03
 -1        12-1.00000E-02 3.31939E-03 1.46941E-03-3.10741E-03-1.14550E-02-1.65969E-03
 -1        13-9.40455E-04 8.33457E-04 1.46941E-03 3.10741E-03 1.11939E-02 6.70921E-05
 -1        14-9.40455E-04 8.33457E-04 1.46941E-03 3.10741E-03-1.11939E-02-6.70921E-05
 -1        15-9.40455E-04 8.33457E-04 1.46941E-03-3.10741E-03 1.11939E-02-6.70921E-05
 -1        16-9.40455E-04 8.33457E-04 1.46941E-03-3.10741E-03-1.11939E-02 6.70921E-05
 -3
    1PSTEP                        13           1           2
  100CL  102 1.00000E+00          16                     0    2           1
 -4  STRESS      6    1
 -5  SXX         1    4    1    1
 -5  SYY         1    4    2    2
 -5  SZZ         1    4    3    3
 -5  SYZ         1    4    2    3
 -5  SZX         1    4    3    1
 -5  SXY         1    4    1    2
 -1         1-2.56982E+03-9.54436E+02-6.11634E+02-9.76946E+01-9.04122E+02-1.34052E+02
 -1         2-2.56982E+03-9.54436E+02-6.11634E+02-9.76946E+01 9.04122E+02 1.34052E+02
 -1         3-2.56982E+03-9.54436E+02-6.11634E+02 9.76946E+01 9.04122E+02-1.34052E+02
 -1         4-2.56982E+03-9.54436E+02-6.11634E+02 9.76946E+01-9.04122E+02 1.34052E+02
 -1         5 1.08476E+02 4.16707E+02 6.03199E+02-9.76946E+01-9.25209E+02 5.41898E+00
 -1         6 1.08476E+02 4.16707E+02 6.03199E+02-9.76946E+01 9.25209E+02-5.41898E+00
 -1         7 1.08476E+02 4.16707E+02 6.03199E+02 9.76946E+01 9.25209E+02 5.41898E+00
 -1         8 1.08476E+02 4.16707E+02 6.03199E+02 9.76946E+01-9.25209E+02-5.41898E+00
 -1         9-2.24674E+03-9.51485E+01-3.93992E+02 2.50983E+02 9.25209E+02-1.34052E+02
 -1        10-2.24674E+03-9.51485E+01-3.93992E+02 2.50983E+02-9.25209E+02 1.34052E+02
 -1        11-2.24674E+03-9.51485E+01-3.93992E+02-2.50983E+02 9.25209E+02 1.34052E+02
 -1        12-2.24674E+03-9.51485E+01-3.93992E+02-2.50983E+02-9.25209E+02-1.34052E+02
 -1        13 1.31414E+01 2.99696E+02 4.02427E+02 2.50983E+02 9.04122E+02 5.41898E+00
 -1        14 1.31414E+01 2.99696E+02 4.02427E+02 2.50983E+02-9.04122E+02-5.41898E+00
 -1        15 1.31414E+01 2.99696E+02 4.02427E+02-2.50983E+02 9.04122E+02-5.41898E+00
 -1        16 1.31414E+01 2.99696E+02 4.02427E+02-2.50983E+02-9.04122E+02 5.41898E+00
 -3
    1PSTEP                        14           1           2
  100CL  102 1.00000E+00          16                     0    2           1
 -4  STRPOS      6    1
 -5  SXX         1    4    1    1
 -5  SYY         1    4    2    2
 -5  SZZ         1    4    3    3
 -5  SYZ         1    4    2    3
 -5  SZX         1    4    3    1
 -5  SXY         1    4    1    2
 -1         1-2.56982E+03-9.54436E+02-6.11634E+02-9.76946E+01-9.04122E+02-1.34052E+02
 -1         2-2.56982E+03-9.54436E+02-6.11634E+02-9.76946E+01 9.04122E+02 1.34052E+02
 -1         3-2.56982E+03-9.54436E+02-6.11634E+02 9.76946E+01 9.04122E+02-1.34052E+02
 -1         4-2.56982E+03-9.54436E+02-6.11634E+02 9.76946E+01-9.04122E+02 1.34052E+02
 -1         5 1.08476E+02 4.16707E+02 6.03199E+02-9.76946E+01-9.25209E+02 5.41898E+00
 -1         6 1.08476E+02 4.16707E+02 6.03199E+02-9.76946E+01 9.25209E+02-5.41898E+00
 -1         7 1.08476E+02 4.16707E+02 6.03199E+02 9.76946E+01 9.25209E+02 5.41898E+00
 -1         8 1.08476E+02 4.16707E+02 6.03199E+02 9.76946E+01-9.25209E+02-5.41898E+00
 -1         9-2.24674E+03-9.51485E+01-3.93992E+02 2.50983E+02 9.25209E+02-1.34052E+02
 -1        10-2.24674E+03-9.51485E+01-3.93992E+02 2.50983E+02-9.25209E+02 1.34052E+02
 -1        11-2.24674E+03-9.51485E+01-3.93992E+02-2.50983E+02 9.25209E+02 1.34052E+02
 -1        12-2.24674E+03-9.51485E+01-3.93992E+02-2.50983E+02-9.25209E+02-1.34052E+02
 -1        13 1.31414E+01 2.99696E+02 4.02427E+02 2.50983E+02 9.04122E+02 5.41898E+00
 -1        14 1.31414E+01 2.99696E+02 4.02427E+02 2.50983E+02-9.04122E+02-5.41898E+00
 -1        15 1.31414E+01 2.99696E+02 4.02427E+02-2.50983E+02 9.04122E+02-5.41898E+00
 -1        16 1.31414E+01 2.99696E+02 4.02427E+02-2.50983E+02-9.04122E+02 5.41898E+00
 -3
    1PSTEP                        15           1           2
  100CL  102 1.00000E+00          16                     0    2           1
 -4  STRNEG      6    1
 -5  SXX         1    4    1    1
 -5  SYY         1    4    2    2
 -5  SZZ         1    4    3    3
 -5  SYZ         1    4    2    3
 -5  SZX         1    4    3    1
 -5  SXY         1    4    1    2
 -1         1-2.56982E+03-9.54436E+02-6.11634E+02-9.76946E+01-9.04122E+02-1.34052E+02
 -1         2-2.56982E+03-9.54436E+02-6.11634E+02-9.76946E+01 9.04122E+02 1.34052E+02
 -1         3-2.56982E+03-9.54436E+02-6.11634E+02 9.76946E+01 9.04122E+02-1.34052E+02
 -1         4-2.56982E+03-9.54436E+02-6.11634E+02 9.76946E+01-9.04122E+02 1.34052E+02
 -1         5 1.08476E+02 4.16707E+02 6.03199E+02-9.76946E+01-9.25209E+02 5.41898E+00
 -1         6 1.08476E+02 4.16707E+02 6.03199E+02-9.76946E+01 9.25209E+02-5.41898E+00
 -1         7 1.08476E+02 4.16707E+02 6.03199E+02 9.76946E+01 9.25209E+02 5.41898E+00
 -1         8 1.08476E+02 4.16707E+02 6.03199E+02 9.76946E+01-9.25209E+02-5.41898E+00
 -1         9-2.24674E+03-9.51485E+01-3.93992E+02 2.50983E+02 9.25209E+02-1.34052E+02
 -1        10-2.24674E+03-9.51485E+01-3.93992E+02 2.50983E+02-9.25209E+02 1.34052E+02
 -1        11-2.24674E+03-9.51485E+01-3.93992E+02-2.50983E+02 9.25209E+02 1.34052E+02
 -1        12-2.24674E+03-9.51485E+01-3.93992E+02-2.50983E+02-9.25209E+02-1.34052E+02
 -1        13 1.31414E+01 2.99696E+02 4.02427E+02 2.50983E+02 9.04122E+02 5.41898E+00
 -1        14 1.31414E+01 2.99696E+02 4.02427E+02 2.50983E+02-9.04122E+02-5.41898E+00
 -1        15 1.31414E+01 2.99696E+02 4.02427E+02-2.50983E+02 9.04122E+02-5.41898E+00
 -1        16 1.31414E+01 2.99696E+02 4.02427E+02-2.50983E+02-9.04122E+02 5.41898E+00
 -3
    1PSTEP                        16           1           2
  100CL  102 1.00000E+00          16                     0    2           1
 -4  SHR         8    1
 -5  NXX         1    2    1    0
 -5  NYY         1    2    2    0
 -5  NXY         1    2    3    0
 -5  MXX         1    2    4    0
 -5  MYY         1    2    5    0
 -5  MXY         1    2    6    0
 -5  QX          1    2    7    0
 -5  QY          1    2    8    0
 -1         1 0.00000E+00 0.00000E+00 0.00000E+00 0.00000E+00 0.00000E+00 0.00000E+00
 -2           0.00000E+00 0.00000E+00
 -1         2 0.00000E+00 0.00000E+00 0.00000E+00 0.00000E+00 0.00000E+00 0.00000E+00
 -2           0.00000E+00 0.00000E+00
 -1         3 0.00000E+00 0.00000E+00 0.00000E+00 0.00000E+00 0.00000E+00 0.00000E+00
 -2           0.00000E+00 0.00000E+00
 -1         4 0.00000E+00 0.00000E+00 0.00000E+00 0.00000E+00 0.00000E+00 0.00000E+00
 -2           0.00000E+00 0.00000E+00
 -1         5 0.00000E+00 0.00000E+00 0.00000E+00 0.00000E+00 0.00000E+00 0.00000E+00
 -2           0.00000E+00 0.00000E+00
 -1         6 0.00000E+00 0.00000E+00 0.00000E+00 0.00000E+00 0.00000E+00 0.00000E+00
 -2           0.00000E+00 0.00000E+00
 -1         7 0.00000E+00 0.00000E+00 0.00000E+00 0.00000E+00 0.00000E+00 0.00000E+00
 -2           0.00000E+00 0.00000E+00
 -1         8 0.00000E+00 0.00000E+00 0.00000E+00 0.00000E+00 0.00000E+00 0.00000E+00
 -2           0.00000E+00 0.00000E+00
 -1         9 0.00000E+00 0.00000E+00 0.00000E+00 0.00000E+00 0.00000E+00 0.00000E+00
 -2           0.00000E+00 0.00000E+00
 -1        10 0.00000E+00 0.00000E+00 0.00000E+00 0.00000E+00 0.00000E+00 0.00000E+00
 -2           0.00000E+00 0.00000E+00
 -1        11 0.00000E+00 0.00000E+00 0.00000E+00 0.00000E+00 0.00000E+00 0.00000E+00
 -2           0.00000E+00 0.00000E+00
 -1        12 0.00000E+00 0.00000E+00 0.00000E+00 0.00000E+00 0.00000E+00 0.00000E+00
 -2           0.00000E+00 0.00000E+00
 -1        13 0.00000E+00 0.00000E+00 0.00000E+00 0.00000E+00 0.00000E+00 0.00000E+00
 -2           0.00000E+00 0.00000E+00
 -1        14 0.00000E+00 0.00000E+00 0.00000E+00 0.00000E+00 0.00000E+00 0.00000E+00
 -2           0.00000E+00 0.00000E+00
 -1        15 0.00000E+00 0.00000E+00 0.00000E+00 0.00000E+00 0.00000E+00 0.00000E+00
 -2           0.00000E+00 0.00000E+00
 -1        16 0.00000E+00 0.00000E+00 0.00000E+00 0.00000E+00 0.00000E+00 0.00000E+00
 -2           0.00000E+00 0.00000E+00
 -3
    1PSTEP                        17           1           2
  100CL  102 1.00000E+00          16                     0    2           1
 -4  EXTFORC     7    1
 -5  F1          1    2    1    0
 -5  F2          1    2    2    0
 -5  F3          1    2    3    0
 -5  F4          1    1    4    0
 -5  F5          1    1    5    0
 -5  F6          1    1    6    0
 -5  ALL         1    2    0    0    1ALL
 -1         1 0.00000E+00 0.00000E+00 0.00000E+00 0.00000E+00 0.00000E+00 0.00000E+00
 -2           0.00000E+00
 -1         2 0.00000E+00 0.00000E+00 0.00000E+00 0.00000E+00 0.00000E+00 0.00000E+00
 -2           0.00000E+00
 -1         3 0.00000E+00 0.00000E+00 0.00000E+00 0.00000E+00 0.00000E+00 0.00000E+00
 -2           0.00000E+00
 -1         4 0.00000E+00 0.00000E+00 0.00000E+00 0.00000E+00 0.00000E+00 0.00000E+00
 -2           0.00000E+00
 -1         5 0.00000E+00 0.00000E+00 0.00000E+00 0.00000E+00 0.00000E+00 0.00000E+00
 -2           0.00000E+00
 -1         6 0.00000E+00 0.00000E+00 0.00000E+00 0.00000E+00 0.00000E+00 0.00000E+00
 -2           0.00000E+00
 -1         7 0.00000E+00 0.00000E+00 0.00000E+00 0.00000E+00 0.00000E+00 0.00000E+00
 -2           0.00000E+00
 -1         8 0.00000E+00 0.00000E+00 0.00000E+00 0.00000E+00 0.00000E+00 0.00000E+00
 -2           0.00000E+00
 -1         9 0.00000E+00 0.00000E+00 0.00000E+00 0.00000E+00 0.00000E+00 0.00000E+00
 -2           0.00000E+00
 -1        10 0.00000E+00 0.00000E+00 0.00000E+00 0.00000E+00 0.00000E+00 0.00000E+00
 -2           0.00000E+00
 -1        11 0.00000E+00 0.00000E+00 0.00000E+00 0.00000E+00 0.00000E+00 0.00000E+00
 -2           0.00000E+00
 -1        12 0.00000E+00 0.00000E+00 0.00000E+00 0.00000E+00 0.00000E+00 0.00000E+00
 -2           0.00000E+00
 -1        13 0.00000E+00 0.00000E+00 0.00000E+00 0.00000E+00 0.00000E+00 0.00000E+00
 -2           0.00000E+00
 -1        14 0.00000E+00 0.00000E+00 0.00000E+00 0.00000E+00 0.00000E+00 0.00000E+00
 -2           0.00000E+00
 -1        15 0.00000E+00 0.00000E+00 0.00000E+00 0.00000E+00 0.00000E+00 0.00000E+00
 -2           0.00000E+00
 -1        16 0.00000E+00 0.00000E+00 0.00000E+00 0.00000E+00 0.00000E+00 0.00000E+00
 -2           0.00000E+00
 -3
    1PSTEP                        18           1           2
  100CL  102 1.00000E+00          16                     0    2           1
 -4  PTFORC      4    1
 -5  F1          1    2    1    0
 -5  F2          1    2    2    0
 -5  F3          1    2    3    0
 -5  ALL         1    2    0    0    1ALL
 -1         1 0.00000E+00 0.00000E+00 0.00000E+00 0.00000E+00
 -1         2 0.00000E+00 0.00000E+00 0.00000E+00 0.00000E+00
 -1         3 0.00000E+00 0.00000E+00 0.00000E+00 0.00000E+00
 -1         4 0.00000E+00 0.00000E+00 0.00000E+00 0.00000E+00
 -1         5 0.00000E+00 0.00000E+00 0.00000E+00 0.00000E+00
 -1         6 0.00000E+00 0.00000E+00 0.00000E+00 0.00000E+00
 -1         7 0.00000E+00 0.00000E+00 0.00000E+00 0.00000E+00
 -1         8 0.00000E+00 0.00000E+00 0.00000E+00 0.00000E+00
 -1         9 0.00000E+00 0.00000E+00 0.00000E+00 0.00000E+00
 -1        10 0.00000E+00 0.00000E+00 0.00000E+00 0.00000E+00
 -1        11 0.00000E+00 0.00000E+00 0.00000E+00 0.00000E+00
 -1        12 0.00000E+00 0.00000E+00 0.00000E+00 0.00000E+00
 -1        13 0.00000E+00 0.00000E+00 0.00000E+00 0.00000E+00
 -1        14 0.00000E+00 0.00000E+00 0.00000E+00 0.00000E+00
 -1        15 0.00000E+00 0.00000E+00 0.00000E+00 0.00000E+00
 -1        16 0.00000E+00 0.00000E+00 0.00000E+00 0.00000E+00
 -3
    1PSTEP                        19           1           2
  100CL  102 1.00000E+00          16                     0    2           1
 -4  PTGAP       1    1
 -5  GAP         1    1    1    0
 -1         1 0.00000E+00
 -1         2 0.00000E+00
 -1         3 0.00000E+00
 -1         4 0.00000E+00
 -1         5 0.00000E+00
 -1         6 0.00000E+00
 -1         7 0.00000E+00
 -1         8 0.00000E+00
 -1         9 1.00000E+00
 -1        10 0.00000E+00
 -1        11 1.00000E+00
 -1        12 0.00000E+00
 -1        13 1.00000E+00
 -1        14 0.00000E+00
 -1        15 1.00000E+00
 -1        16 0.00000E+00
 -3
    1PSTEP                        20           1           2
  100CL  102 1.00000E+00          16                     0    2           1
 -4  FORC        7    1
 -5  F1          1    2    1    0
 -5  F2          1    2    2    0
 -5  F3          1    2    3    0
 -5  F4          1    1    4    0
 -5  F5          1    1    5    0
 -5  F6          1    1    6    0
 -5  ALL         1    2    0    0    1ALL
 -1         1 5.86868E+05 8.32953E+04 1.10595E-09 0.00000E+00 0.00000E+00 0.00000E+00
 -2           5.92750E+05
 -1         2-5.86868E+05 8.32953E+04 2.42519E-09 0.00000E+00 0.00000E+00 0.00000E+00
 -2           5.92750E+05
 -1         3-5.86868E+05-8.32953E+04 1.33557E-10 0.00000E+00 0.00000E+00 0.00000E+00
 -2           5.92750E+05
 -1         4 5.86868E+05-8.32953E+04 1.83354E-09 0.00000E+00 0.00000E+00 0.00000E+00
 -2           5.92750E+05
 -1         5 0.00000E+00 0.00000E+00 0.00000E+00 0.00000E+00 0.00000E+00 0.00000E+00
 -2           0.00000E+00
 -1         6 0.00000E+00 0.00000E+00 0.00000E+00 0.00000E+00 0.00000E+00 0.00000E+00
 -2           0.00000E+00
 -1         7 0.00000E+00 0.00000E+00 0.00000E+00 0.00000E+00 0.00000E+00 0.00000E+00
 -2           0.00000E+00
 -1         8 0.00000E+00 0.00000E+00 0.00000E+00 0.00000E+00 0.00000E+00 0.00000E+00
 -2           0.00000E+00
 -1         9 0.00000E+00 0.00000E+00 0.00000E+00 0.00000E+00 0.00000E+00 0.00000E+00
 -2           0.00000E+00
 -1        10 0.00000E+00 0.00000E+00 0.00000E+00 0.00000E+00 0.00000E+00 0.00000E+00
 -2           0.00000E+00
 -1        11 0.00000E+00 0.00000E+00 0.00000E+00 0.00000E+00 0.00000E+00 0.00000E+00
 -2           0.00000E+00
 -1        12 0.00000E+00 0.00000E+00 0.00000E+00 0.00000E+00 0.00000E+00 0.00000E+00
 -2           0.00000E+00
 -1        13 0.00000E+00 0.00000E+00 0.00000E+00 0.00000E+00 0.00000E+00 0.00000E+00
 -2           0.00000E+00
 -1        14 0.00000E+00 0.00000E+00 0.00000E+00 0.00000E+00 0.00000E+00 0.00000E+00
 -2           0.00000E+00
 -1        15 0.00000E+00 0.00000E+00 0.00000E+00 0.00000E+00 0.00000E+00 0.00000E+00
 -2           0.00000E+00
 -1        16 0.00000E+00 0.00000E+00 0.00000E+00 0.00000E+00 0.00000E+00 0.00000E+00
 -2           0.00000E+00
 -3
 9999
