    1CFEMAST
    1Ugenerated by FEMaster
    2C                            16                                     1
 -1         1-2.50000E+01-2.50000E+01 0.00000E+00
 -1         2 2.50000E+01-2.50000E+01 0.00000E+00
 -1         3 2.50000E+01 2.50000E+01 0.00000E+00
 -1         4-2.50000E+01 2.50000E+01 0.00000E+00
 -1         5-2.50000E+01-2.50000E+01 4.00000E+01
 -1         6 2.50000E+01-2.50000E+01 4.00000E+01
 -1         7 2.50000E+01 2.50000E+01 4.00000E+01
 -1         8-2.50000E+01 2.50000E+01 4.00000E+01
 -1         9-2.50000E+01-2.50000E+01 8.00000E+01
 -1        10 2.50000E+01-2.50000E+01 8.00000E+01
 -1        11 2.50000E+01 2.50000E+01 8.00000E+01
 -1        12-2.50000E+01 2.50000E+01 8.00000E+01
 -1        14-2.50000E+01-2.50000E+01 4.00000E+01
 -1        16 2.50000E+01-2.50000E+01 4.00000E+01
 -1        18 2.50000E+01 2.50000E+01 4.00000E+01
 -1        20-2.50000E+01 2.50000E+01 4.00000E+01
 -3
    3C                             2                                     1
 -1         1    1    0    0
 -2         1         2         3         4         5         6         7         8
 -1         2    1    0    0
 -2        14        16        18        20         9        10        11        12
 -3
    1PSTEP                         1           1           1
  100CL  101 1.00000E+00          16                     0    1           1
 -4  DISP        7    1
 -5  D1          1    2    1    0
 -5  D2          1    2    2    0
 -5  D3          1    2    3    0
 -5  D4          1    1    4    0
 -5  D5          1    1    5    0
 -5  D6          1    1    6    0
 -5  ALL         1    2    0    0    1ALL
 -1         1-0.00000E+00 0.00000E+00 0.00000E+00 0.00000E+00 0.00000E+00 0.00000E+00
 -2           0.00000E+00
 -1         2 0.00000E+00 0.00000E+00 0.00000E+00 0.00000E+00 0.00000E+00 0.00000E+00
 -2           0.00000E+00
 -1         3 0.00000E+00 0.00000E+00 0.00000E+00 0.00000E+00 0.00000E+00 0.00000E+00
 -2           0.00000E+00
 -1         4 0.00000E+00-0.00000E+00 0.00000E+00 0.00000E+00 0.00000E+00 0.00000E+00
 -2           0.00000E+00
 -1         5 0.00000E+00 0.00000E+00-0.00000E+00 0.00000E+00 0.00000E+00 0.00000E+00
 -2           0.00000E+00
 -1         6 0.00000E+00 0.00000E+00 0.00000E+00 0.00000E+00 0.00000E+00 0.00000E+00
 -2           0.00000E+00
 -1         7 0.00000E+00 0.00000E+00-0.00000E+00 0.00000E+00 0.00000E+00 0.00000E+00
 -2           0.00000E+00
 -1         8 0.00000E+00 0.00000E+00 0.00000E+00 0.00000E+00 0.00000E+00 0.00000E+00
 -2           0.00000E+00
 -1         9-1.69047E-17-1.18301E-16-1.00000E+00 0.00000E+00 0.00000E+00 0.00000E+00
 -2           1.00000E+00
 -1        10-6.21465E-17 9.81005E-17-1.00000E+00 0.00000E+00 0.00000E+00 0.00000E+00
 -2           1.00000E+00
 -1        11-1.71012E-16 4.80648E-16-1.00000E+00 0.00000E+00 0.00000E+00 0.00000E+00
 -2           1.00000E+00
 -1        12-2.25365E-16-4.19001E-16-1.00000E+00 0.00000E+00 0.00000E+00 0.00000E+00
 -2           1.00000E+00
 -1        14 6.96780E-17-3.03797E-17-1.00000E+00 0.00000E+00 0.00000E+00 0.00000E+00
 -2           1.00000E+00
 -1        16-3.84224E-32-3.89820E-31-1.00000E+00 0.00000E+00 0.00000E+00 0.00000E+00
 -2           1.00000E+00
 -1        18 1.42636E-46-1.97215E-31-1.00000E+00 0.00000E+00 0.00000E+00 0.00000E+00
 -2           1.00000E+00
 -1        20 5.05364E-31 1.10934E-31-1.00000E+00 0.00000E+00 0.00000E+00 0.00000E+00
 -2           1.00000E+00
 -3
    1PSTEP                         2           1           1
  100CL  101 1.00000E+00          16                     0    1           1
 -4  TOSTRAIN    6    1
 -5  EXX         1    4    1    1
 -5  EYY         1    4    2    2
 -5  EZZ         1    4    3    3
 -5  EYZ         1    4    2    3
 -5  EZX         1    4    3    1
 -5  EXY         1    4    1    2
 -1         1 0.00000E+00 0.00000E+00 0.00000E+00 0.00000E+00 0.00000E+00 0.00000E+00
 -1         2 0.00000E+00 0.00000E+00 0.00000E+00 0.00000E+00 0.00000E+00 0.00000E+00
 -1         3 0.00000E+00 0.00000E+00 0.00000E+00 0.00000E+00 0.00000E+00 0.00000E+00
 -1         4 0.00000E+00 0.00000E+00 0.00000E+00 0.00000E+00 0.00000E+00 0.00000E+00
 -1         5 0.00000E+00 0.00000E+00 0.00000E+00 0.00000E+00 0.00000E+00 0.00000E+00
 -1         6 0.00000E+00 0.00000E+00 0.00000E+00 0.00000E+00 0.00000E+00 0.00000E+00
 -1         7 0.00000E+00 0.00000E+00 0.00000E+00 0.00000E+00 0.00000E+00 0.00000E+00
 -1         8 0.00000E+00 0.00000E+00 0.00000E+00 0.00000E+00 0.00000E+00 0.00000E+00
 -1         9-9.04837E-19-6.01399E-18 0.00000E+00 3.46945E-18 3.46945E-18 1.58826E-19
 -1        10-9.04837E-19 7.65096E-18 6.93889E-18-1.04083E-17 6.93889E-18 2.15073E-18
 -1        11 1.08706E-18 7.65096E-18-1.04083E-17-3.46945E-18-1.73472E-17 1.58157E-17
 -1        12 1.08706E-18-6.01399E-18 6.93889E-18-3.46945E-18-2.08167E-17 1.38238E-17
 -1        14-1.39356E-18 6.07593E-19 0.00000E+00 5.11912E-19-4.22617E-19-7.85966E-19
 -1        16-1.39356E-18 3.85210E-33 6.93889E-18 2.45251E-18 1.91578E-18 6.07593E-19
 -1        18-1.01073E-32 3.85210E-33-1.04083E-17 1.20162E-17-4.27530E-18-5.39453E-33
 -1        20-1.01073E-32 6.07593E-19 6.93889E-18-7.00557E-18-5.63413E-18-1.39356E-18
 -3
    1PSTEP                         3           1           1
  100CL  101 1.00000E+00          16                     0    1           1
 -4  STRESS      6    1
 -5  SXX         1    4    1    1
 -5  SYY         1    4    2    2
 -5  SZZ         1    4    3    3
 -5  SYZ         1    4    2    3
 -5  SZX         1    4    3    1
 -5  SXY         1    4    1    2
 -1         1 0.00000E+00 0.00000E+00 0.00000E+00 0.00000E+00 0.00000E+00 0.00000E+00
 -1         2 0.00000E+00 0.00000E+00 0.00000E+00 0.00000E+00 0.00000E+00 0.00000E+00
 -1         3 0.00000E+00 0.00000E+00 0.00000E+00 0.00000E+00 0.00000E+00 0.00000E+00
 -1         4 0.00000E+00 0.00000E+00 0.00000E+00 0.00000E+00 0.00000E+00 0.00000E+00
 -1         5 0.00000E+00 0.00000E+00 0.00000E+00 0.00000E+00 0.00000E+00 0.00000E+00
 -1         6 0.00000E+00 0.00000E+00 0.00000E+00 0.00000E+00 0.00000E+00 0.00000E+00
 -1         7 0.00000E+00 0.00000E+00 0.00000E+00 0.00000E+00 0.00000E+00 0.00000E+00
 -1         8 0.00000E+00 0.00000E+00 0.00000E+00 0.00000E+00 0.00000E+00 0.00000E+00
 -1         9-9.84408E-13-1.80973E-12-8.38242E-13 2.80225E-13 2.80225E-13 1.28283E-14
 -1        10 1.51183E-12 2.89392E-12 2.77889E-12-8.40674E-13 5.60449E-13 1.73713E-13
 -1        11-2.67632E-14 1.03356E-12-1.88371E-12-2.80225E-13-1.40112E-12 1.27742E-12
 -1        12 4.19361E-13-7.27732E-13 1.36466E-12-2.80225E-13-1.68135E-12 1.11654E-12
 -1        14-3.20336E-13 2.92683E-15-9.52229E-14 4.13467E-14-3.41345E-14-6.34819E-14
 -1        16 4.46725E-13 6.71839E-13 1.79274E-12 1.98088E-13 1.54736E-13 4.90748E-14
 -1        18-1.26101E-12-1.26101E-12-2.94236E-12 9.70540E-13-3.45313E-13-4.35712E-28
 -1        20 9.14286E-13 1.01244E-12 2.03518E-12-5.65835E-13-4.55065E-13-1.12557E-13
 -3
    1PSTEP                         4           1           1
  100CL  101 1.00000E+00          16                     0    1           1
 -4  STRPOS      6    1
 -5  SXX         1    4    1    1
 -5  SYY         1    4    2    2
 -5  SZZ         1    4    3    3
 -5  SYZ         1    4    2    3
 -5  SZX         1    4    3    1
 -5  SXY         1    4    1    2
 -1         1 0.00000E+00 0.00000E+00 0.00000E+00 0.00000E+00 0.00000E+00 0.00000E+00
 -1         2 0.00000E+00 0.00000E+00 0.00000E+00 0.00000E+00 0.00000E+00 0.00000E+00
 -1         3 0.00000E+00 0.00000E+00 0.00000E+00 0.00000E+00 0.00000E+00 0.00000E+00
 -1         4 0.00000E+00 0.00000E+00 0.00000E+00 0.00000E+00 0.00000E+00 0.00000E+00
 -1         5 0.00000E+00 0.00000E+00 0.00000E+00 0.00000E+00 0.00000E+00 0.00000E+00
 -1         6 0.00000E+00 0.00000E+00 0.00000E+00 0.00000E+00 0.00000E+00 0.00000E+00
 -1         7 0.00000E+00 0.00000E+00 0.00000E+00 0.00000E+00 0.00000E+00 0.00000E+00
 -1         8 0.00000E+00 0.00000E+00 0.00000E+00 0.00000E+00 0.00000E+00 0.00000E+00
 -1         9-9.84408E-13-1.80973E-12-8.38242E-13 2.80225E-13 2.80225E-13 1.28283E-14
 -1        10 1.51183E-12 2.89392E-12 2.77889E-12-8.40674E-13 5.60449E-13 1.73713E-13
 -1        11-2.67632E-14 1.03356E-12-1.88371E-12-2.80225E-13-1.40112E-12 1.27742E-12
 -1        12 4.19361E-13-7.27732E-13 1.36466E-12-2.80225E-13-1.68135E-12 1.11654E-12
 -1        14-3.20336E-13 2.92683E-15-9.52229E-14 4.13467E-14-3.41345E-14-6.34819E-14
 -1        16 4.46725E-13 6.71839E-13 1.79274E-12 1.98088E-13 1.54736E-13 4.90748E-14
 -1        18-1.26101E-12-1.26101E-12-2.94236E-12 9.70540E-13-3.45313E-13-4.35712E-28
 -1        20 9.14286E-13 1.01244E-12 2.03518E-12-5.65835E-13-4.55065E-13-1.12557E-13
 -3
    1PSTEP                         5           1           1
  100CL  101 1.00000E+00          16                     0    1           1
 -4  STRNEG      6    1
 -5  SXX         1    4    1    1
 -5  SYY         1    4    2    2
 -5  SZZ         1    4    3    3
 -5  SYZ         1    4    2    3
 -5  SZX         1    4    3    1
 -5  SXY         1    4    1    2
 -1         1 0.00000E+00 0.00000E+00 0.00000E+00 0.00000E+00 0.00000E+00 0.00000E+00
 -1         2 0.00000E+00 0.00000E+00 0.00000E+00 0.00000E+00 0.00000E+00 0.00000E+00
 -1         3 0.00000E+00 0.00000E+00 0.00000E+00 0.00000E+00 0.00000E+00 0.00000E+00
 -1         4 0.00000E+00 0.00000E+00 0.00000E+00 0.00000E+00 0.00000E+00 0.00000E+00
 -1         5 0.00000E+00 0.00000E+00 0.00000E+00 0.00000E+00 0.00000E+00 0.00000E+00
 -1         6 0.00000E+00 0.00000E+00 0.00000E+00 0.00000E+00 0.00000E+00 0.00000E+00
 -1         7 0.00000E+00 0.00000E+00 0.00000E+00 0.00000E+00 0.00000E+00 0.00000E+00
 -1         8 0.00000E+00 0.00000E+00 0.00000E+00 0.00000E+00 0.00000E+00 0.00000E+00
 -1         9-9.84408E-13-1.80973E-12-8.38242E-13 2.80225E-13 2.80225E-13 1.28283E-14
 -1        10 1.51183E-12 2.89392E-12 2.77889E-12-8.40674E-13 5.60449E-13 1.73713E-13
 -1        11-2.67632E-14 1.03356E-12-1.88371E-12-2.80225E-13-1.40112E-12 1.27742E-12
 -1        12 4.19361E-13-7.27732E-13 1.36466E-12-2.80225E-13-1.68135E-12 1.11654E-12
 -1        14-3.20336E-13 2.92683E-15-9.52229E-14 4.13467E-14-3.41345E-14-6.34819E-14
 -1        16 4.46725E-13 6.71839E-13 1.79274E-12 1.98088E-13 1.54736E-13 4.90748E-14
 -1        18-1.26101E-12-1.26101E-12-2.94236E-12 9.70540E-13-3.45313E-13-4.35712E-28
 -1        20 9.14286E-13 1.01244E-12 2.03518E-12-5.65835E-13-4.55065E-13-1.12557E-13
 -3
    1PSTEP                         6           1           1
  100CL  101 1.00000E+00          16                     0    1           1
 -4  SHR         8    1
 -5  NXX         1    2    1    0
 -5  NYY         1    2    2    0
 -5  NXY         1    2    3    0
 -5  MXX         1    2    4    0
 -5  MYY         1    2    5    0
 -5  MXY         1    2    6    0
 -5  QX          1    2    7    0
 -5  QY          1    2    8    0
 -1         1 0.00000E+00 0.00000E+00 0.00000E+00 0.00000E+00 0.00000E+00 0.00000E+00
 -2           0.00000E+00 0.00000E+00
 -1         2 0.00000E+00 0.00000E+00 0.00000E+00 0.00000E+00 0.00000E+00 0.00000E+00
 -2           0.00000E+00 0.00000E+00
 -1         3 0.00000E+00 0.00000E+00 0.00000E+00 0.00000E+00 0.00000E+00 0.00000E+00
 -2           0.00000E+00 0.00000E+00
 -1         4 0.00000E+00 0.00000E+00 0.00000E+00 0.00000E+00 0.00000E+00 0.00000E+00
 -2           0.00000E+00 0.00000E+00
 -1         5 0.00000E+00 0.00000E+00 0.00000E+00 0.00000E+00 0.00000E+00 0.00000E+00
 -2           0.00000E+00 0.00000E+00
 -1         6 0.00000E+00 0.00000E+00 0.00000E+00 0.00000E+00 0.00000E+00 0.00000E+00
 -2           0.00000E+00 0.00000E+00
 -1         7 0.00000E+00 0.00000E+00 0.00000E+00 0.00000E+00 0.00000E+00 0.00000E+00
 -2           0.00000E+00 0.00000E+00
 -1         8 0.00000E+00 0.00000E+00 0.00000E+00 0.00000E+00 0.00000E+00 0.00000E+00
 -2           0.00000E+00 0.00000E+00
 -1         9 0.00000E+00 0.00000E+00 0.00000E+00 0.00000E+00 0.00000E+00 0.00000E+00
 -2           0.00000E+00 0.00000E+00
 -1        10 0.00000E+00 0.00000E+00 0.00000E+00 0.00000E+00 0.00000E+00 0.00000E+00
 -2           0.00000E+00 0.00000E+00
 -1        11 0.00000E+00 0.00000E+00 0.00000E+00 0.00000E+00 0.00000E+00 0.00000E+00
 -2           0.00000E+00 0.00000E+00
 -1        12 0.00000E+00 0.00000E+00 0.00000E+00 0.00000E+00 0.00000E+00 0.00000E+00
 -2           0.00000E+00 0.00000E+00
 -1        14 0.00000E+00 0.00000E+00 0.00000E+00 0.00000E+00 0.00000E+00 0.00000E+00
 -2           0.00000E+00 0.00000E+00
 -1        16 0.00000E+00 0.00000E+00 0.00000E+00 0.00000E+00 0.00000E+00 0.00000E+00
 -2           0.00000E+00 0.00000E+00
 -1        18 0.00000E+00 0.00000E+00 0.00000E+00 0.00000E+00 0.00000E+00 0.00000E+00
 -2           0.00000E+00 0.00000E+00
 -1        20 0.00000E+00 0.00000E+00 0.00000E+00 0.00000E+00 0.00000E+00 0.00000E+00
 -2           0.00000E+00 0.00000E+00
 -3
    1PSTEP                         7           1           1
  100CL  101 1.00000E+00          16                     0    1           1
 -4  EXTFORC     7    1
 -5  F1          1    2    1    0
 -5  F2          1    2    2    0
 -5  F3          1    2    3    0
 -5  F4          1    1    4    0
 -5  F5          1    1    5    0
 -5  F6          1    1    6    0
 -5  ALL         1    2    0    0    1ALL
 -1         1 0.00000E+00 0.00000E+00 0.00000E+00 0.00000E+00 0.00000E+00 0.00000E+00
 -2           0.00000E+00
 -1         2 0.00000E+00 0.00000E+00 0.00000E+00 0.00000E+00 0.00000E+00 0.00000E+00
 -2           0.00000E+00
 -1         3 0.00000E+00 0.00000E+00 0.00000E+00 0.00000E+00 0.00000E+00 0.00000E+00
 -2           0.00000E+00
 -1         4 0.00000E+00 0.00000E+00 0.00000E+00 0.00000E+00 0.00000E+00 0.00000E+00
 -2           0.00000E+00
 -1         5 0.00000E+00 0.00000E+00 0.00000E+00 0.00000E+00 0.00000E+00 0.00000E+00
 -2           0.00000E+00
 -1         6 0.00000E+00 0.00000E+00 0.00000E+00 0.00000E+00 0.00000E+00 0.00000E+00
 -2           0.00000E+00
 -1         7 0.00000E+00 0.00000E+00 0.00000E+00 0.00000E+00 0.00000E+00 0.00000E+00
 -2           0.00000E+00
 -1         8 0.00000E+00 0.00000E+00 0.00000E+00 0.00000E+00 0.00000E+00 0.00000E+00
 -2           0.00000E+00
 -1         9 0.00000E+00 0.00000E+00 0.00000E+00 0.00000E+00 0.00000E+00 0.00000E+00
 -2           0.00000E+00
 -1        10 0.00000E+00 0.00000E+00 0.00000E+00 0.00000E+00 0.00000E+00 0.00000E+00
 -2           0.00000E+00
 -1        11 0.00000E+00 0.00000E+00 0.00000E+00 0.00000E+00 0.00000E+00 0.00000E+00
 -2           0.00000E+00
 -1        12 0.00000E+00 0.00000E+00 0.00000E+00 0.00000E+00 0.00000E+00 0.00000E+00
 -2           0.00000E+00
 -1        14 0.00000E+00 0.00000E+00 0.00000E+00 0.00000E+00 0.00000E+00 0.00000E+00
 -2           0.00000E+00
 -1        16 0.00000E+00 0.00000E+00 0.00000E+00 0.00000E+00 0.00000E+00 0.00000E+00
 -2           0.00000E+00
 -1        18 0.00000E+00 0.00000E+00 0.00000E+00 0.00000E+00 0.00000E+00 0.00000E+00
 -2           0.00000E+00
 -1        20 0.00000E+00 0.00000E+00 0.00000E+00 0.00000E+00 0.00000E+00 0.00000E+00
 -2           0.00000E+00
 -3
    1PSTEP                         8           1           1
  100CL  101 1.00000E+00          16                     0    1           1
 -4  PTFORC      4    1
 -5  F1          1    2    1    0
 -5  F2          1    2    2    0
 -5  F3          1    2    3    0
 -5  ALL         1    2    0    0    1ALL
 -1         1 0.00000E+00 0.00000E+00 0.00000E+00 0.00000E+00
 -1         2 0.00000E+00 0.00000E+00 0.00000E+00 0.00000E+00
 -1         3 0.00000E+00 0.00000E+00 0.00000E+00 0.00000E+00
 -1         4 0.00000E+00 0.00000E+00 0.00000E+00 0.00000E+00
 -1         5 0.00000E+00 0.00000E+00 0.00000E+00 0.00000E+00
 -1         6 0.00000E+00 0.00000E+00 0.00000E+00 0.00000E+00
 -1         7 0.00000E+00 0.00000E+00 0.00000E+00 0.00000E+00
 -1         8 0.00000E+00 0.00000E+00 0.00000E+00 0.00000E+00
 -1         9 0.00000E+00 0.00000E+00 0.00000E+00 0.00000E+00
 -1        10 0.00000E+00 0.00000E+00 0.00000E+00 0.00000E+00
 -1        11 0.00000E+00 0.00000E+00 0.00000E+00 0.00000E+00
 -1        12 0.00000E+00 0.00000E+00 0.00000E+00 0.00000E+00
 -1        14 0.00000E+00 0.00000E+00 0.00000E+00 0.00000E+00
 -1        16 0.00000E+00 0.00000E+00 0.00000E+00 0.00000E+00
 -1        18 0.00000E+00 0.00000E+00 0.00000E+00 0.00000E+00
 -1        20 0.00000E+00 0.00000E+00 0.00000E+00 0.00000E+00
 -3
    1PSTEP                         9           1           1
  100CL  101 1.00000E+00          16                     0    1           1
 -4  PTGAP       1    1
 -5  GAP         1    1    1    0
 -1         1 0.00000E+00
 -1         2 0.00000E+00
 -1         3 0.00000E+00
 -1         4 0.00000E+00
 -1         5 0.00000E+00
 -1         6 0.00000E+00
 -1         7 0.00000E+00
 -1         8 0.00000E+00
 -1         9 0.00000E+00
 -1        10 0.00000E+00
 -1        11 0.00000E+00
 -1        12 0.00000E+00
 -1        14 0.00000E+00
 -1        16 0.00000E+00
 -1        18 0.00000E+00
 -1        20 0.00000E+00
 -3
    1PSTEP                        10           1           1
  100CL  101 1.00000E+00          16                     0    1           1
 -4  FORC        7    1
 -5  F1          1    2    1    0
 -5  F2          1    2    2    0
 -5  F3          1    2    3    0
 -5  F4          1    1    4    0
 -5  F5          1    1    5    0
 -5  F6          1    1    6    0
 -5  ALL         1    2    0    0    1ALL
 -1         1-0.00000E+00-0.00000E+00-0.00000E+00 0.00000E+00 0.00000E+00 0.00000E+00
 -2           0.00000E+00
 -1         2-0.00000E+00-0.00000E+00-0.00000E+00 0.00000E+00 0.00000E+00 0.00000E+00
 -2           0.00000E+00
 -1         3-0.00000E+00-0.00000E+00-0.00000E+00 0.00000E+00 0.00000E+00 0.00000E+00
 -2           0.00000E+00
 -1         4-0.00000E+00-0.00000E+00-0.00000E+00 0.00000E+00 0.00000E+00 0.00000E+00
 -2           0.00000E+00
 -1         5 0.00000E+00 0.00000E+00 0.00000E+00 0.00000E+00 0.00000E+00 0.00000E+00
 -2           0.00000E+00
 -1         6 0.00000E+00 0.00000E+00 0.00000E+00 0.00000E+00 0.00000E+00 0.00000E+00
 -2           0.00000E+00
 -1         7 0.00000E+00 0.00000E+00 0.00000E+00 0.00000E+00 0.00000E+00 0.00000E+00
 -2           0.00000E+00
 -1         8 0.00000E+00 0.00000E+00 0.00000E+00 0.00000E+00 0.00000E+00 0.00000E+00
 -2           0.00000E+00
 -1         9 0.00000E+00 0.00000E+00 0.00000E+00 0.00000E+00 0.00000E+00 0.00000E+00
 -2           0.00000E+00
 -1        10 0.00000E+00 0.00000E+00 0.00000E+00 0.00000E+00 0.00000E+00 0.00000E+00
 -2           0.00000E+00
 -1        11 0.00000E+00 0.00000E+00 0.00000E+00 0.00000E+00 0.00000E+00 0.00000E+00
 -2           0.00000E+00
 -1        12 0.00000E+00 0.00000E+00 0.00000E+00 0.00000E+00 0.00000E+00 0.00000E+00
 -2           0.00000E+00
 -1        14 0.00000E+00 0.00000E+00 0.00000E+00 0.00000E+00 0.00000E+00 0.00000E+00
 -2           0.00000E+00
 -1        16 0.00000E+00 0.00000E+00 0.00000E+00 0.00000E+00 0.00000E+00 0.00000E+00
 -2           0.00000E+00
 -1        18 0.00000E+00 0.00000E+00 0.00000E+00 0.00000E+00 0.00000E+00 0.00000E+00
 -2           0.00000E+00
 -1        20 0.00000E+00 0.00000E+00 0.00000E+00 0.00000E+00 0.00000E+00 0.00000E+00
 -2           0.00000E+00
 -3
    1PSTEP                        11           1           2
  100CL  102 1.00000E+00          16                     0    2           1
 -4  DISP        7    1
 -5  D1          1    2    1    0
 -5  D2          1    2    2    0
 -5  D3          1    2    3    0
 -5  D4          1    1    4    0
 -5  D5          1    1    5    0
 -5  D6          1    1    6    0
 -5  ALL         1    2    0    0    1ALL
 -1         1-0.00000E+00 0.00000E+00 0.00000E+00 0.00000E+00 0.00000E+00 0.00000E+00
 -2           0.00000E+00
 -1         2 0.00000E+00 0.00000E+00 0.00000E+00 0.00000E+00 0.00000E+00 0.00000E+00
 -2           0.00000E+00
 -1         3 0.00000E+00 0.00000E+00 0.00000E+00 0.00000E+00 0.00000E+00 0.00000E+00
 -2           0.00000E+00
 -1         4 0.00000E+00-0.00000E+00 0.00000E+00 0.00000E+00 0.00000E+00 0.00000E+00
 -2           0.00000E+00
 -1         5 0.00000E+00 0.00000E+00-0.00000E+00 0.00000E+00 0.00000E+00 0.00000E+00
 -2           0.00000E+00
 -1         6 0.00000E+00 0.00000E+00 0.00000E+00 0.00000E+00 0.00000E+00 0.00000E+00
 -2           0.00000E+00
 -1         7 0.00000E+00 0.00000E+00-0.00000E+00 0.00000E+00 0.00000E+00 0.00000E+00
 -2           0.00000E+00
 -1         8 0.00000E+00 0.00000E+00 0.00000E+00 0.00000E+00 0.00000E+00 0.00000E+00
 -2           0.00000E+00
 -1         9-1.69047E-17-1.18301E-16-1.00000E+00 0.00000E+00 0.00000E+00 0.00000E+00
 -2           1.00000E+00
 -1        10-6.21465E-17 9.81005E-17-1.00000E+00 0.00000E+00 0.00000E+00 0.00000E+00
 -2           1.00000E+00
 -1        11-1.71012E-16 4.80648E-16-1.00000E+00 0.00000E+00 0.00000E+00 0.00000E+00
 -2           1.00000E+00
 -1        12-2.25365E-16-4.19001E-16-1.00000E+00 0.00000E+00 0.00000E+00 0.00000E+00
 -2           1.00000E+00
 -1        14 6.96780E-17-3.03797E-17-1.00000E+00 0.00000E+00 0.00000E+00 0.00000E+00
 -2           1.00000E+00
 -1        16-3.84224E-32-3.89820E-31-1.00000E+00 0.00000E+00 0.00000E+00 0.00000E+00
 -2           1.00000E+00
 -1        18 1.42636E-46-1.97215E-31-1.00000E+00 0.00000E+00 0.00000E+00 0.00000E+00
 -2           1.00000E+00
 -1        20 5.05364E-31 1.10934E-31-1.00000E+00 0.00000E+00 0.00000E+00 0.00000E+00
 -2           1.00000E+00
 -3
    1PSTEP                        12           1           2
  100CL  102 1.00000E+00          16                     0    2           1
 -4  TOSTRAIN    6    1
 -5  EXX         1    4    1    1
 -5  EYY         1    4    2    2
 -5  EZZ         1    4    3    3
 -5  EYZ         1    4    2    3
 -5  EZX         1    4    3    1
 -5  EXY         1    4    1    2
 -1         1 0.00000E+00 0.00000E+00 0.00000E+00 0.00000E+00 0.00000E+00 0.00000E+00
 -1         2 0.00000E+00 0.00000E+00 0.00000E+00 0.00000E+00 0.00000E+00 0.00000E+00
 -1         3 0.00000E+00 0.00000E+00 0.00000E+00 0.00000E+00 0.00000E+00 0.00000E+00
 -1         4 0.00000E+00 0.00000E+00 0.00000E+00 0.00000E+00 0.00000E+00 0.00000E+00
 -1         5 0.00000E+00 0.00000E+00 0.00000E+00 0.00000E+00 0.00000E+00 0.00000E+00
 -1         6 0.00000E+00 0.00000E+00 0.00000E+00 0.00000E+00 0.00000E+00 0.00000E+00
 -1         7 0.00000E+00 0.00000E+00 0.00000E+00 0.00000E+00 0.00000E+00 0.00000E+00
 -1         8 0.00000E+00 0.00000E+00 0.00000E+00 0.00000E+00 0.00000E+00 0.00000E+00
 -1         9-9.04837E-19-6.01399E-18 0.00000E+00 3.46945E-18 3.46945E-18 1.58826E-19
 -1        10-9.04837E-19 7.65096E-18 6.93889E-18-1.04083E-17 6.93889E-18 2.15073E-18
 -1        11 1.08706E-18 7.65096E-18-1.04083E-17-3.46945E-18-1.73472E-17 1.58157E-17
 -1        12 1.08706E-18-6.01399E-18 6.93889E-18-3.46945E-18-2.08167E-17 1.38238E-17
 -1        14-1.39356E-18 6.07593E-19 0.00000E+00 5.11912E-19-4.22617E-19-7.85966E-19
 -1        16-1.39356E-18 3.85210E-33 6.93889E-18 2.45251E-18 1.91578E-18 6.07593E-19
 -1        18-1.01073E-32 3.85210E-33-1.04083E-17 1.20162E-17-4.27530E-18-5.39453E-33
 -1        20-1.01073E-32 6.07593E-19 6.93889E-18-7.00557E-18-5.63413E-18-1.39356E-18
 -3
    1PSTEP                        13           1           2
  100CL  102 1.00000E+00          16                     0    2           1
 -4  STRESS      6    1
 -5  SXX         1    4    1    1
 -5  SYY         1    4    2    2
 -5  SZZ         1    4    3    3
 -5  SYZ         1    4    2    3
 -5  SZX         1    4    3    1
 -5  SXY         1    4    1    2
 -1         1 0.00000E+00 0.00000E+00 0.00000E+00 0.00000E+00 0.00000E+00 0.00000E+00
 -1         2 0.00000E+00 0.00000E+00 0.00000E+00 0.00000E+00 0.00000E+00 0.00000E+00
 -1         3 0.00000E+00 0.00000E+00 0.00000E+00 0.00000E+00 0.00000E+00 0.00000E+00
 -1         4 0.00000E+00 0.00000E+00 0.00000E+00 0.00000E+00 0.00000E+00 0.00000E+00
 -1         5 0.00000E+00 0.00000E+00 0.00000E+00 0.00000E+00 0.00000E+00 0.00000E+00
 -1         6 0.00000E+00 0.00000E+00 0.00000E+00 0.00000E+00 0.00000E+00 0.00000E+00
 -1         7 0.00000E+00 0.00000E+00 0.00000E+00 0.00000E+00 0.00000E+00 0.00000E+00
 -1         8 0.00000E+00 0.00000E+00 0.00000E+00 0.00000E+00 0.00000E+00 0.00000E+00
 -1         9-9.84408E-13-1.80973E-12-8.38242E-13 2.80225E-13 2.80225E-13 1.28283E-14
 -1        10 1.51183E-12 2.89392E-12 2.77889E-12-8.40674E-13 5.60449E-13 1.73713E-13
 -1        11-2.67632E-14 1.03356E-12-1.88371E-12-2.80225E-13-1.40112E-12 1.27742E-12
 -1        12 4.19361E-13-7.27732E-13 1.36466E-12-2.80225E-13-1.68135E-12 1.11654E-12
 -1        14-3.20336E-13 2.92683E-15-9.52229E-14 4.13467E-14-3.41345E-14-6.34819E-14
 -1        16 4.46725E-13 6.71839E-13 1.79274E-12 1.98088E-13 1.54736E-13 4.90748E-14
 -1        18-1.26101E-12-1.26101E-12-2.94236E-12 9.70540E-13-3.45313E-13-4.35712E-28
 -1        20 9.14286E-13 1.01244E-12 2.03518E-12-5.65835E-13-4.55065E-13-1.12557E-13
 -3
    1PSTEP                        14           1           2
  100CL  102 1.00000E+00          16                     0    2           1
 -4  STRPOS      6    1
 -5  SXX         1    4    1    1
 -5  SYY         1    4    2    2
 -5  SZZ         1    4    3    3
 -5  SYZ         1    4    2    3
 -5  SZX         1    4    3    1
 -5  SXY         1    4    1    2
 -1         1 0.00000E+00 0.00000E+00 0.00000E+00 0.00000E+00 0.00000E+00 0.00000E+00
 -1         2 0.00000E+00 0.00000E+00 0.00000E+00 0.00000E+00 0.00000E+00 0.00000E+00
 -1         3 0.00000E+00 0.00000E+00 0.00000E+00 0.00000E+00 0.00000E+00 0.00000E+00
 -1         4 0.00000E+00 0.00000E+00 0.00000E+00 0.00000E+00 0.00000E+00 0.00000E+00
 -1         5 0.00000E+00 0.00000E+00 0.00000E+00 0.00000E+00 0.00000E+00 0.00000E+00
 -1         6 0.00000E+00 0.00000E+00 0.00000E+00 0.00000E+00 0.00000E+00 0.00000E+00
 -1         7 0.00000E+00 0.00000E+00 0.00000E+00 0.00000E+00 0.00000E+00 0.00000E+00
 -1         8 0.00000E+00 0.00000E+00 0.00000E+00 0.00000E+00 0.00000E+00 0.00000E+00
 -1         9-9.84408E-13-1.80973E-12-8.38242E-13 2.80225E-13 2.80225E-13 1.28283E-14
 -1        10 1.51183E-12 2.89392E-12 2.77889E-12-8.40674E-13 5.60449E-13 1.73713E-13
 -1        11-2.67632E-14 1.03356E-12-1.88371E-12-2.80225E-13-1.40112E-12 1.27742E-12
 -1        12 4.19361E-13-7.27732E-13 1.36466E-12-2.80225E-13-1.68135E-12 1.11654E-12
 -1        14-3.20336E-13 2.92683E-15-9.52229E-14 4.13467E-14-3.41345E-14-6.34819E-14
 -1        16 4.46725E-13 6.71839E-13 1.79274E-12 1.98088E-13 1.54736E-13 4.90748E-14
 -1        18-1.26101E-12-1.26101E-12-2.94236E-12 9.70540E-13-3.45313E-13-4.35712E-28
 -1        20 9.14286E-13 1.01244E-12 2.03518E-12-5.65835E-13-4.55065E-13-1.12557E-13
 -3
    1PSTEP                        15           1           2
  100CL  102 1.00000E+00          16                     0    2           1
 -4  STRNEG      6    1
 -5  SXX         1    4    1    1
 -5  SYY         1    4    2    2
 -5  SZZ         1    4    3    3
 -5  SYZ         1    4    2    3
 -5  SZX         1    4    3    1
 -5  SXY         1    4    1    2
 -1         1 0.00000E+00 0.00000E+00 0.00000E+00 0.00000E+00 0.00000E+00 0.00000E+00
 -1         2 0.00000E+00 0.00000E+00 0.00000E+00 0.00000E+00 0.00000E+00 0.00000E+00
 -1         3 0.00000E+00 0.00000E+00 0.00000E+00 0.00000E+00 0.00000E+00 0.00000E+00
 -1         4 0.00000E+00 0.00000E+00 0.00000E+00 0.00000E+00 0.00000E+00 0.00000E+00
 -1         5 0.00000E+00 0.00000E+00 0.00000E+00 0.00000E+00 0.00000E+00 0.00000E+00
 -1         6 0.00000E+00 0.00000E+00 0.00000E+00 0.00000E+00 0.00000E+00 0.00000E+00
 -1         7 0.00000E+00 0.00000E+00 0.00000E+00 0.00000E+00 0.00000E+00 0.00000E+00
 -1         8 0.00000E+00 0.00000E+00 0.00000E+00 0.00000E+00 0.00000E+00 0.00000E+00
 -1         9-9.84408E-13-1.80973E-12-8.38242E-13 2.80225E-13 2.80225E-13 1.28283E-14
 -1        10 1.51183E-12 2.89392E-12 2.77889E-12-8.40674E-13 5.60449E-13 1.73713E-13
 -1        11-2.67632E-14 1.03356E-12-1.88371E-12-2.80225E-13-1.40112E-12 1.27742E-12
 -1        12 4.19361E-13-7.27732E-13 1.36466E-12-2.80225E-13-1.68135E-12 1.11654E-12
 -1        14-3.20336E-13 2.92683E-15-9.52229E-14 4.13467E-14-3.41345E-14-6.34819E-14
 -1        16 4.46725E-13 6.71839E-13 1.79274E-12 1.98088E-13 1.54736E-13 4.90748E-14
 -1        18-1.26101E-12-1.26101E-12-2.94236E-12 9.70540E-13-3.45313E-13-4.35712E-28
 -1        20 9.14286E-13 1.01244E-12 2.03518E-12-5.65835E-13-4.55065E-13-1.12557E-13
 -3
    1PSTEP                        16           1           2
  100CL  102 1.00000E+00          16                     0    2           1
 -4  SHR         8    1
 -5  NXX         1    2    1    0
 -5  NYY         1    2    2    0
 -5  NXY         1    2    3    0
 -5  MXX         1    2    4    0
 -5  MYY         1    2    5    0
 -5  MXY         1    2    6    0
 -5  QX          1    2    7    0
 -5  QY          1    2    8    0
 -1         1 0.00000E+00 0.00000E+00 0.00000E+00 0.00000E+00 0.00000E+00 0.00000E+00
 -2           0.00000E+00 0.00000E+00
 -1         2 0.00000E+00 0.00000E+00 0.00000E+00 0.00000E+00 0.00000E+00 0.00000E+00
 -2           0.00000E+00 0.00000E+00
 -1         3 0.00000E+00 0.00000E+00 0.00000E+00 0.00000E+00 0.00000E+00 0.00000E+00
 -2           0.00000E+00 0.00000E+00
 -1         4 0.00000E+00 0.00000E+00 0.00000E+00 0.00000E+00 0.00000E+00 0.00000E+00
 -2           0.00000E+00 0.00000E+00
 -1         5 0.00000E+00 0.00000E+00 0.00000E+00 0.00000E+00 0.00000E+00 0.00000E+00
 -2           0.00000E+00 0.00000E+00
 -1         6 0.00000E+00 0.00000E+00 0.00000E+00 0.00000E+00 0.00000E+00 0.00000E+00
 -2           0.00000E+00 0.00000E+00
 -1         7 0.00000E+00 0.00000E+00 0.00000E+00 0.00000E+00 0.00000E+00 0.00000E+00
 -2           0.00000E+00 0.00000E+00
 -1         8 0.00000E+00 0.00000E+00 0.00000E+00 0.00000E+00 0.00000E+00 0.00000E+00
 -2           0.00000E+00 0.00000E+00
 -1         9 0.00000E+00 0.00000E+00 0.00000E+00 0.00000E+00 0.00000E+00 0.00000E+00
 -2           0.00000E+00 0.00000E+00
 -1        10 0.00000E+00 0.00000E+00 0.00000E+00 0.00000E+00 0.00000E+00 0.00000E+00
 -2           0.00000E+00 0.00000E+00
 -1        11 0.00000E+00 0.00000E+00 0.00000E+00 0.00000E+00 0.00000E+00 0.00000E+00
 -2           0.00000E+00 0.00000E+00
 -1        12 0.00000E+00 0.00000E+00 0.00000E+00 0.00000E+00 0.00000E+00 0.00000E+00
 -2           0.00000E+00 0.00000E+00
 -1        14 0.00000E+00 0.00000E+00 0.00000E+00 0.00000E+00 0.00000E+00 0.00000E+00
 -2           0.00000E+00 0.00000E+00
 -1        16 0.00000E+00 0.00000E+00 0.00000E+00 0.00000E+00 0.00000E+00 0.00000E+00
 -2           0.00000E+00 0.00000E+00
 -1        18 0.00000E+00 0.00000E+00 0.00000E+00 0.00000E+00 0.00000E+00 0.00000E+00
 -2           0.00000E+00 0.00000E+00
 -1        20 0.00000E+00 0.00000E+00 0.00000E+00 0.00000E+00 0.00000E+00 0.00000E+00
 -2           0.00000E+00 0.00000E+00
 -3
    1PSTEP                        17           1           2
  100CL  102 1.00000E+00          16                     0    2           1
 -4  EXTFORC     7    1
 -5  F1          1    2    1    0
 -5  F2          1    2    2    0
 -5  F3          1    2    3    0
 -5  F4          1    1    4    0
 -5  F5          1    1    5    0
 -5  F6          1    1    6    0
 -5  ALL         1    2    0    0    1ALL
 -1         1 0.00000E+00 0.00000E+00 0.00000E+00 0.00000E+00 0.00000E+00 0.00000E+00
 -2           0.00000E+00
 -1         2 0.00000E+00 0.00000E+00 0.00000E+00 0.00000E+00 0.00000E+00 0.00000E+00
 -2           0.00000E+00
 -1         3 0.00000E+00 0.00000E+00 0.00000E+00 0.00000E+00 0.00000E+00 0.00000E+00
 -2           0.00000E+00
 -1         4 0.00000E+00 0.00000E+00 0.00000E+00 0.00000E+00 0.00000E+00 0.00000E+00
 -2           0.00000E+00
 -1         5 0.00000E+00 0.00000E+00 0.00000E+00 0.00000E+00 0.00000E+00 0.00000E+00
 -2           0.00000E+00
 -1         6 0.00000E+00 0.00000E+00 0.00000E+00 0.00000E+00 0.00000E+00 0.00000E+00
 -2           0.00000E+00
 -1         7 0.00000E+00 0.00000E+00 0.00000E+00 0.00000E+00 0.00000E+00 0.00000E+00
 -2           0.00000E+00
 -1         8 0.00000E+00 0.00000E+00 0.00000E+00 0.00000E+00 0.00000E+00 0.00000E+00
 -2           0.00000E+00
 -1         9 0.00000E+00 0.00000E+00 0.00000E+00 0.00000E+00 0.00000E+00 0.00000E+00
 -2           0.00000E+00
 -1        10 0.00000E+00 0.00000E+00 0.00000E+00 0.00000E+00 0.00000E+00 0.00000E+00
 -2           0.00000E+00
 -1        11 0.00000E+00 0.00000E+00 0.00000E+00 0.00000E+00 0.00000E+00 0.00000E+00
 -2           0.00000E+00
 -1        12 0.00000E+00 0.00000E+00 0.00000E+00 0.00000E+00 0.00000E+00 0.00000E+00
 -2           0.00000E+00
 -1        14 0.00000E+00 0.00000E+00 0.00000E+00 0.00000E+00 0.00000E+00 0.00000E+00
 -2           0.00000E+00
 -1        16 0.00000E+00 0.00000E+00 0.00000E+00 0.00000E+00 0.00000E+00 0.00000E+00
 -2           0.00000E+00
 -1        18 0.00000E+00 0.00000E+00 0.00000E+00 0.00000E+00 0.00000E+00 0.00000E+00
 -2           0.00000E+00
 -1        20 0.00000E+00 0.00000E+00 0.00000E+00 0.00000E+00 0.00000E+00 0.00000E+00
 -2           0.00000E+00
 -3
    1PSTEP                        18           1           2
  100CL  102 1.00000E+00          16                     0    2           1
 -4  PTFORC      4    1
 -5  F1          1    2    1    0
 -5  F2          1    2    2    0
 -5  F3          1    2    3    0
 -5  ALL         1    2    0    0    1ALL
 -1         1 0.00000E+00 0.00000E+00 0.00000E+00 0.00000E+00
 -1         2 0.00000E+00 0.00000E+00 0.00000E+00 0.00000E+00
 -1         3 0.00000E+00 0.00000E+00 0.00000E+00 0.00000E+00
 -1         4 0.00000E+00 0.00000E+00 0.00000E+00 0.00000E+00
 -1         5 0.00000E+00 0.00000E+00 0.00000E+00 0.00000E+00
 -1         6 0.00000E+00 0.00000E+00 0.00000E+00 0.00000E+00
 -1         7 0.00000E+00 0.00000E+00 0.00000E+00 0.00000E+00
 -1         8 0.00000E+00 0.00000E+00 0.00000E+00 0.00000E+00
 -1         9 0.00000E+00 0.00000E+00 0.00000E+00 0.00000E+00
 -1        10 0.00000E+00 0.00000E+00 0.00000E+00 0.00000E+00
 -1        11 0.00000E+00 0.00000E+00 0.00000E+00 0.00000E+00
 -1        12 0.00000E+00 0.00000E+00 0.00000E+00 0.00000E+00
 -1        14 0.00000E+00 0.00000E+00 0.00000E+00 0.00000E+00
 -1        16 0.00000E+00 0.00000E+00 0.00000E+00 0.00000E+00
 -1        18 0.00000E+00 0.00000E+00 0.00000E+00 0.00000E+00
 -1        20 0.00000E+00 0.00000E+00 0.00000E+00 0.00000E+00
 -3
    1PSTEP                        19           1           2
  100CL  102 1.00000E+00          16                     0    2           1
 -4  PTGAP       1    1
 -5  GAP         1    1    1    0
 -1         1 0.00000E+00
 -1         2 0.00000E+00
 -1         3 0.00000E+00
 -1         4 0.00000E+00
 -1         5 0.00000E+00
 -1         6 0.00000E+00
 -1         7 0.00000E+00
 -1         8 0.00000E+00
 -1         9 0.00000E+00
 -1        10 0.00000E+00
 -1        11 0.00000E+00
 -1        12 0.00000E+00
 -1        14 0.00000E+00
 -1        16 0.00000E+00
 -1        18 0.00000E+00
 -1        20 0.00000E+00
 -3
    1PSTEP                        20           1           2
  100CL  102 1.00000E+00          16                     0    2           1
 -4  FORC        7    1
 -5  F1          1    2    1    0
 -5  F2          1    2    2    0
 -5  F3          1    2    3    0
 -5  F4          1    1    4    0
 -5  F5          1    1    5    0
 -5  F6          1    1    6    0
 -5  ALL         1    2    0    0    1ALL
 -1         1-0.00000E+00-0.00000E+00-0.00000E+00 0.00000E+00 0.00000E+00 0.00000E+00
 -2           0.00000E+00
 -1         2-0.00000E+00-0.00000E+00-0.00000E+00 0.00000E+00 0.00000E+00 0.00000E+00
 -2           0.00000E+00
 -1         3-0.00000E+00-0.00000E+00-0.00000E+00 0.00000E+00 0.00000E+00 0.00000E+00
 -2           0.00000E+00
 -1         4-0.00000E+00-0.00000E+00-0.00000E+00 0.00000E+00 0.00000E+00 0.00000E+00
 -2           0.00000E+00
 -1         5 0.00000E+00 0.00000E+00 0.00000E+00 0.00000E+00 0.00000E+00 0.00000E+00
 -2           0.00000E+00
 -1         6 0.00000E+00 0.00000E+00 0.00000E+00 0.00000E+00 0.00000E+00 0.00000E+00
 -2           0.00000E+00
 -1         7 0.00000E+00 0.00000E+00 0.00000E+00 0.00000E+00 0.00000E+00 0.00000E+00
 -2           0.00000E+00
 -1         8 0.00000E+00 0.00000E+00 0.00000E+00 0.00000E+00 0.00000E+00 0.00000E+00
 -2           0.00000E+00
 -1         9 0.00000E+00 0.00000E+00 0.00000E+00 0.00000E+00 0.00000E+00 0.00000E+00
 -2           0.00000E+00
 -1        10 0.00000E+00 0.00000E+00 0.00000E+00 0.00000E+00 0.00000E+00 0.00000E+00
 -2           0.00000E+00
 -1        11 0.00000E+00 0.00000E+00 0.00000E+00 0.00000E+00 0.00000E+00 0.00000E+00
 -2           0.00000E+00
 -1        12 0.00000E+00 0.00000E+00 0.00000E+00 0.00000E+00 0.00000E+00 0.00000E+00
 -2           0.00000E+00
 -1        14 0.00000E+00 0.00000E+00 0.00000E+00 0.00000E+00 0.00000E+00 0.00000E+00
 -2           0.00000E+00
 -1        16 0.00000E+00 0.00000E+00 0.00000E+00 0.00000E+00 0.00000E+00 0.00000E+00
 -2           0.00000E+00
 -1        18 0.00000E+00 0.00000E+00 0.00000E+00 0.00000E+00 0.00000E+00 0.00000E+00
 -2           0.00000E+00
 -1        20 0.00000E+00 0.00000E+00 0.00000E+00 0.00000E+00 0.00000E+00 0.00000E+00
 -2           0.00000E+00
 -3
 9999
