    1CFEMAST
    1Ugenerated by FEMaster
    2C                            16                                     1
 -1         1-5.00000E+01-2.50000E+01-1.00000E+01
 -1         2 5.00000E+01-2.50000E+01-1.00000E+01
 -1         3 5.00000E+01 2.50000E+01-1.00000E+01
 -1         4-5.00000E+01 2.50000E+01-1.00000E+01
 -1         5-5.00000E+01-2.50000E+01 1.00000E+01
 -1         6 5.00000E+01-2.50000E+01 1.00000E+01
 -1         7 5.00000E+01 2.50000E+01 1.00000E+01
 -1         8-5.00000E+01 2.50000E+01 1.00000E+01
 -1         9-5.00000E+01 0.00000E+00-1.00000E+01
 -1        10-5.00000E+01 0.00000E+00-1.00000E+01
 -1        11 5.00000E+01 0.00000E+00-1.00000E+01
 -1        12 5.00000E+01 0.00000E+00-1.00000E+01
 -1        13 5.00000E+01 0.00000E+00 1.00000E+01
 -1        14 5.00000E+01 0.00000E+00 1.00000E+01
 -1        15-5.00000E+01 0.00000E+00 1.00000E+01
 -1        16-5.00000E+01 0.00000E+00 1.00000E+01
 -3
    3C                             2                                     1
 -1         1    1    0    0
 -2        10        12         3         4        16        14         7         8
 -1         2    1    0    0
 -2         1         2        11         9         5         6        13        15
 -3
    1PSTEP                         1           1           1
  100CL  101 1.00000E+00          16                     0    1           1
 -4  DISP        7    1
 -5  D1          1    2    1    0
 -5  D2          1    2    2    0
 -5  D3          1    2    3    0
 -5  D4          1    1    4    0
 -5  D5          1    1    5    0
 -5  D6          1    1    6    0
 -5  ALL         1    2    0    0    1ALL
 -1         1-7.59302E-05-2.49937E-01-1.52392E-05 0.00000E+00 0.00000E+00 0.00000E+00
 -2           2.49937E-01
 -1         2 7.59302E-05-2.49937E-01-1.52392E-05 0.00000E+00 0.00000E+00 0.00000E+00
 -2           2.49937E-01
 -1         3 7.59302E-05 2.49937E-01-1.52392E-05 0.00000E+00 0.00000E+00 0.00000E+00
 -2           2.49937E-01
 -1         4-7.59302E-05 2.49937E-01-1.52392E-05 0.00000E+00 0.00000E+00 0.00000E+00
 -2           2.49937E-01
 -1         5-7.59302E-05-2.49937E-01 1.52392E-05 0.00000E+00 0.00000E+00 0.00000E+00
 -2           2.49937E-01
 -1         6 7.59302E-05-2.49937E-01 1.52392E-05 0.00000E+00 0.00000E+00 0.00000E+00
 -2           2.49937E-01
 -1         7 7.59302E-05 2.49937E-01 1.52392E-05 0.00000E+00 0.00000E+00 0.00000E+00
 -2           2.49937E-01
 -1         8-7.59302E-05 2.49937E-01 1.52392E-05 0.00000E+00 0.00000E+00 0.00000E+00
 -2           2.49937E-01
 -1         9-7.60553E-05-2.50063E-01-1.52348E-05 0.00000E+00 0.00000E+00 0.00000E+00
 -2           2.50063E-01
 -1        10-7.60553E-05 2.50063E-01-1.52348E-05 0.00000E+00 0.00000E+00 0.00000E+00
 -2           2.50063E-01
 -1        11 7.60553E-05-2.50063E-01-1.52348E-05 0.00000E+00 0.00000E+00 0.00000E+00
 -2           2.50063E-01
 -1        12 7.60553E-05 2.50063E-01-1.52348E-05 0.00000E+00 0.00000E+00 0.00000E+00
 -2           2.50063E-01
 -1        13 7.60553E-05-2.50063E-01 1.52348E-05 0.00000E+00 0.00000E+00 0.00000E+00
 -2           2.50063E-01
 -1        14 7.60553E-05 2.50063E-01 1.52348E-05 0.00000E+00 0.00000E+00 0.00000E+00
 -2           2.50063E-01
 -1        15-7.60553E-05-2.50063E-01 1.52348E-05 0.00000E+00 0.00000E+00 0.00000E+00
 -2           2.50063E-01
 -1        16-7.60553E-05 2.50063E-01 1.52348E-05 0.00000E+00 0.00000E+00 0.00000E+00
 -2           2.50063E-01
 -3
    1PSTEP                         2           1           1
  100CL  101 1.00000E+00          16                     0    1           1
 -4  TOSTRAIN    6    1
 -5  EXX         1    4    1    1
 -5  EYY         1    4    2    2
 -5  EZZ         1    4    3    3
 -5  EYZ         1    4    2    3
 -5  EZX         1    4    3    1
 -5  EXY         1    4    1    2
 -1         1 1.51860E-06-5.07538E-06 1.52392E-06 1.75903E-10-1.05323E-16-5.00264E-09
 -1         2 1.51860E-06-5.07538E-06 1.52392E-06 1.75903E-10 5.31458E-17 5.00264E-09
 -1         3 1.51860E-06-5.07538E-06 1.52392E-06-1.75903E-10-9.31059E-18-5.00264E-09
 -1         4 1.51860E-06-5.07538E-06 1.52392E-06-1.75903E-10-9.42070E-18 5.00264E-09
 -1         5 1.51860E-06-5.07538E-06 1.52392E-06-1.75903E-10-1.06632E-16-5.00264E-09
 -1         6 1.51860E-06-5.07538E-06 1.52392E-06-1.75903E-10 5.18370E-17 5.00264E-09
 -1         7 1.51860E-06-5.07538E-06 1.52392E-06 1.75903E-10-7.92664E-18-5.00264E-09
 -1         8 1.51860E-06-5.07538E-06 1.52392E-06 1.75903E-10-8.03776E-18 5.00264E-09
 -1         9 1.52111E-06-5.07538E-06 1.52348E-06 1.75903E-10 4.22932E-17-5.00264E-09
 -1        10 1.52111E-06-5.07538E-06 1.52348E-06-1.75903E-10 9.49566E-18 5.00264E-09
 -1        11 1.52111E-06-5.07538E-06 1.52348E-06 1.75903E-10-8.16667E-18 5.00264E-09
 -1        12 1.52111E-06-5.07538E-06 1.52348E-06-1.75903E-10 6.03934E-18-5.00264E-09
 -1        13 1.52111E-06-5.07538E-06 1.52348E-06-1.75903E-10-7.47864E-18 5.00264E-09
 -1        14 1.52111E-06-5.07538E-06 1.52348E-06 1.75903E-10 5.73185E-18-5.00264E-09
 -1        15 1.52111E-06-5.07538E-06 1.52348E-06-1.75903E-10 4.29810E-17-5.00264E-09
 -1        16 1.52111E-06-5.07538E-06 1.52348E-06 1.75903E-10 9.18761E-18 5.00264E-09
 -3
    1PSTEP                         3           1           1
  100CL  101 1.00000E+00          16                     0    1           1
 -4  STRESS      6    1
 -5  SXX         1    4    1    1
 -5  SYY         1    4    2    2
 -5  SZZ         1    4    3    3
 -5  SYZ         1    4    2    3
 -5  SZX         1    4    3    1
 -5  SXY         1    4    1    2
 -1         1-9.74629E-04-1.06616E+00-1.15364E-04 1.42075E-05-8.50683E-12-4.04059E-04
 -1         2-9.74629E-04-1.06616E+00-1.15364E-04 1.42075E-05 4.29255E-12 4.04059E-04
 -1         3-9.74629E-04-1.06616E+00-1.15364E-04-1.42075E-05-7.52009E-13-4.04059E-04
 -1         4-9.74629E-04-1.06616E+00-1.15364E-04-1.42075E-05-7.60903E-13 4.04059E-04
 -1         5-9.74629E-04-1.06616E+00-1.15364E-04-1.42075E-05-8.61255E-12-4.04059E-04
 -1         6-9.74629E-04-1.06616E+00-1.15364E-04-1.42075E-05 4.18683E-12 4.04059E-04
 -1         7-9.74629E-04-1.06616E+00-1.15364E-04 1.42075E-05-6.40229E-13-4.04059E-04
 -1         8-9.74629E-04-1.06616E+00-1.15364E-04 1.42075E-05-6.49204E-13 4.04059E-04
 -1         9-3.20804E-04-1.06591E+00 6.33648E-05 1.42075E-05 3.41599E-12-4.04059E-04
 -1        10-3.20804E-04-1.06591E+00 6.33648E-05-1.42075E-05 7.66957E-13 4.04059E-04
 -1        11-3.20804E-04-1.06591E+00 6.33648E-05 1.42075E-05-6.59616E-13 4.04059E-04
 -1        12-3.20804E-04-1.06591E+00 6.33648E-05-1.42075E-05 4.87793E-13-4.04059E-04
 -1        13-3.20804E-04-1.06591E+00 6.33648E-05-1.42075E-05-6.04044E-13 4.04059E-04
 -1        14-3.20804E-04-1.06591E+00 6.33648E-05 1.42075E-05 4.62957E-13-4.04059E-04
 -1        15-3.20804E-04-1.06591E+00 6.33648E-05-1.42075E-05 3.47154E-12-4.04059E-04
 -1        16-3.20804E-04-1.06591E+00 6.33648E-05 1.42075E-05 7.42076E-13 4.04059E-04
 -3
    1PSTEP                         4           1           1
  100CL  101 1.00000E+00          16                     0    1           1
 -4  STRPOS      6    1
 -5  SXX         1    4    1    1
 -5  SYY         1    4    2    2
 -5  SZZ         1    4    3    3
 -5  SYZ         1    4    2    3
 -5  SZX         1    4    3    1
 -5  SXY         1    4    1    2
 -1         1-9.74629E-04-1.06616E+00-1.15364E-04 1.42075E-05-8.50683E-12-4.04059E-04
 -1         2-9.74629E-04-1.06616E+00-1.15364E-04 1.42075E-05 4.29255E-12 4.04059E-04
 -1         3-9.74629E-04-1.06616E+00-1.15364E-04-1.42075E-05-7.52009E-13-4.04059E-04
 -1         4-9.74629E-04-1.06616E+00-1.15364E-04-1.42075E-05-7.60903E-13 4.04059E-04
 -1         5-9.74629E-04-1.06616E+00-1.15364E-04-1.42075E-05-8.61255E-12-4.04059E-04
 -1         6-9.74629E-04-1.06616E+00-1.15364E-04-1.42075E-05 4.18683E-12 4.04059E-04
 -1         7-9.74629E-04-1.06616E+00-1.15364E-04 1.42075E-05-6.40229E-13-4.04059E-04
 -1         8-9.74629E-04-1.06616E+00-1.15364E-04 1.42075E-05-6.49204E-13 4.04059E-04
 -1         9-3.20804E-04-1.06591E+00 6.33648E-05 1.42075E-05 3.41599E-12-4.04059E-04
 -1        10-3.20804E-04-1.06591E+00 6.33648E-05-1.42075E-05 7.66957E-13 4.04059E-04
 -1        11-3.20804E-04-1.06591E+00 6.33648E-05 1.42075E-05-6.59616E-13 4.04059E-04
 -1        12-3.20804E-04-1.06591E+00 6.33648E-05-1.42075E-05 4.87793E-13-4.04059E-04
 -1        13-3.20804E-04-1.06591E+00 6.33648E-05-1.42075E-05-6.04044E-13 4.04059E-04
 -1        14-3.20804E-04-1.06591E+00 6.33648E-05 1.42075E-05 4.62957E-13-4.04059E-04
 -1        15-3.20804E-04-1.06591E+00 6.33648E-05-1.42075E-05 3.47154E-12-4.04059E-04
 -1        16-3.20804E-04-1.06591E+00 6.33648E-05 1.42075E-05 7.42076E-13 4.04059E-04
 -3
    1PSTEP                         5           1           1
  100CL  101 1.00000E+00          16                     0    1           1
 -4  STRNEG      6    1
 -5  SXX         1    4    1    1
 -5  SYY         1    4    2    2
 -5  SZZ         1    4    3    3
 -5  SYZ         1    4    2    3
 -5  SZX         1    4    3    1
 -5  SXY         1    4    1    2
 -1         1-9.74629E-04-1.06616E+00-1.15364E-04 1.42075E-05-8.50683E-12-4.04059E-04
 -1         2-9.74629E-04-1.06616E+00-1.15364E-04 1.42075E-05 4.29255E-12 4.04059E-04
 -1         3-9.74629E-04-1.06616E+00-1.15364E-04-1.42075E-05-7.52009E-13-4.04059E-04
 -1         4-9.74629E-04-1.06616E+00-1.15364E-04-1.42075E-05-7.60903E-13 4.04059E-04
 -1         5-9.74629E-04-1.06616E+00-1.15364E-04-1.42075E-05-8.61255E-12-4.04059E-04
 -1         6-9.74629E-04-1.06616E+00-1.15364E-04-1.42075E-05 4.18683E-12 4.04059E-04
 -1         7-9.74629E-04-1.06616E+00-1.15364E-04 1.42075E-05-6.40229E-13-4.04059E-04
 -1         8-9.74629E-04-1.06616E+00-1.15364E-04 1.42075E-05-6.49204E-13 4.04059E-04
 -1         9-3.20804E-04-1.06591E+00 6.33648E-05 1.42075E-05 3.41599E-12-4.04059E-04
 -1        10-3.20804E-04-1.06591E+00 6.33648E-05-1.42075E-05 7.66957E-13 4.04059E-04
 -1        11-3.20804E-04-1.06591E+00 6.33648E-05 1.42075E-05-6.59616E-13 4.04059E-04
 -1        12-3.20804E-04-1.06591E+00 6.33648E-05-1.42075E-05 4.87793E-13-4.04059E-04
 -1        13-3.20804E-04-1.06591E+00 6.33648E-05-1.42075E-05-6.04044E-13 4.04059E-04
 -1        14-3.20804E-04-1.06591E+00 6.33648E-05 1.42075E-05 4.62957E-13-4.04059E-04
 -1        15-3.20804E-04-1.06591E+00 6.33648E-05-1.42075E-05 3.47154E-12-4.04059E-04
 -1        16-3.20804E-04-1.06591E+00 6.33648E-05 1.42075E-05 7.42076E-13 4.04059E-04
 -3
    1PSTEP                         6           1           1
  100CL  101 1.00000E+00          16                     0    1           1
 -4  SHR         8    1
 -5  NXX         1    2    1    0
 -5  NYY         1    2    2    0
 -5  NXY         1    2    3    0
 -5  MXX         1    2    4    0
 -5  MYY         1    2    5    0
 -5  MXY         1    2    6    0
 -5  QX          1    2    7    0
 -5  QY          1    2    8    0
 -1         1 0.00000E+00 0.00000E+00 0.00000E+00 0.00000E+00 0.00000E+00 0.00000E+00
 -2           0.00000E+00 0.00000E+00
 -1         2 0.00000E+00 0.00000E+00 0.00000E+00 0.00000E+00 0.00000E+00 0.00000E+00
 -2           0.00000E+00 0.00000E+00
 -1         3 0.00000E+00 0.00000E+00 0.00000E+00 0.00000E+00 0.00000E+00 0.00000E+00
 -2           0.00000E+00 0.00000E+00
 -1         4 0.00000E+00 0.00000E+00 0.00000E+00 0.00000E+00 0.00000E+00 0.00000E+00
 -2           0.00000E+00 0.00000E+00
 -1         5 0.00000E+00 0.00000E+00 0.00000E+00 0.00000E+00 0.00000E+00 0.00000E+00
 -2           0.00000E+00 0.00000E+00
 -1         6 0.00000E+00 0.00000E+00 0.00000E+00 0.00000E+00 0.00000E+00 0.00000E+00
 -2           0.00000E+00 0.00000E+00
 -1         7 0.00000E+00 0.00000E+00 0.00000E+00 0.00000E+00 0.00000E+00 0.00000E+00
 -2           0.00000E+00 0.00000E+00
 -1         8 0.00000E+00 0.00000E+00 0.00000E+00 0.00000E+00 0.00000E+00 0.00000E+00
 -2           0.00000E+00 0.00000E+00
 -1         9 0.00000E+00 0.00000E+00 0.00000E+00 0.00000E+00 0.00000E+00 0.00000E+00
 -2           0.00000E+00 0.00000E+00
 -1        10 0.00000E+00 0.00000E+00 0.00000E+00 0.00000E+00 0.00000E+00 0.00000E+00
 -2           0.00000E+00 0.00000E+00
 -1        11 0.00000E+00 0.00000E+00 0.00000E+00 0.00000E+00 0.00000E+00 0.00000E+00
 -2           0.00000E+00 0.00000E+00
 -1        12 0.00000E+00 0.00000E+00 0.00000E+00 0.00000E+00 0.00000E+00 0.00000E+00
 -2           0.00000E+00 0.00000E+00
 -1        13 0.00000E+00 0.00000E+00 0.00000E+00 0.00000E+00 0.00000E+00 0.00000E+00
 -2           0.00000E+00 0.00000E+00
 -1        14 0.00000E+00 0.00000E+00 0.00000E+00 0.00000E+00 0.00000E+00 0.00000E+00
 -2           0.00000E+00 0.00000E+00
 -1        15 0.00000E+00 0.00000E+00 0.00000E+00 0.00000E+00 0.00000E+00 0.00000E+00
 -2           0.00000E+00 0.00000E+00
 -1        16 0.00000E+00 0.00000E+00 0.00000E+00 0.00000E+00 0.00000E+00 0.00000E+00
 -2           0.00000E+00 0.00000E+00
 -3
    1PSTEP                         7           1           1
  100CL  101 1.00000E+00          16                     0    1           1
 -4  EXTFORC     7    1
 -5  F1          1    2    1    0
 -5  F2          1    2    2    0
 -5  F3          1    2    3    0
 -5  F4          1    1    4    0
 -5  F5          1    1    5    0
 -5  F6          1    1    6    0
 -5  ALL         1    2    0    0    1ALL
 -1         1 0.00000E+00 0.00000E+00 0.00000E+00 0.00000E+00 0.00000E+00 0.00000E+00
 -2           0.00000E+00
 -1         2 0.00000E+00 0.00000E+00 0.00000E+00 0.00000E+00 0.00000E+00 0.00000E+00
 -2           0.00000E+00
 -1         3 0.00000E+00 0.00000E+00 0.00000E+00 0.00000E+00 0.00000E+00 0.00000E+00
 -2           0.00000E+00
 -1         4 0.00000E+00 0.00000E+00 0.00000E+00 0.00000E+00 0.00000E+00 0.00000E+00
 -2           0.00000E+00
 -1         5 0.00000E+00 0.00000E+00 0.00000E+00 0.00000E+00 0.00000E+00 0.00000E+00
 -2           0.00000E+00
 -1         6 0.00000E+00 0.00000E+00 0.00000E+00 0.00000E+00 0.00000E+00 0.00000E+00
 -2           0.00000E+00
 -1         7 0.00000E+00 0.00000E+00 0.00000E+00 0.00000E+00 0.00000E+00 0.00000E+00
 -2           0.00000E+00
 -1         8 0.00000E+00 0.00000E+00 0.00000E+00 0.00000E+00 0.00000E+00 0.00000E+00
 -2           0.00000E+00
 -1         9 0.00000E+00 0.00000E+00 0.00000E+00 0.00000E+00 0.00000E+00 0.00000E+00
 -2           0.00000E+00
 -1        10 0.00000E+00 0.00000E+00 0.00000E+00 0.00000E+00 0.00000E+00 0.00000E+00
 -2           0.00000E+00
 -1        11 0.00000E+00 0.00000E+00 0.00000E+00 0.00000E+00 0.00000E+00 0.00000E+00
 -2           0.00000E+00
 -1        12 0.00000E+00 0.00000E+00 0.00000E+00 0.00000E+00 0.00000E+00 0.00000E+00
 -2           0.00000E+00
 -1        13 0.00000E+00 0.00000E+00 0.00000E+00 0.00000E+00 0.00000E+00 0.00000E+00
 -2           0.00000E+00
 -1        14 0.00000E+00 0.00000E+00 0.00000E+00 0.00000E+00 0.00000E+00 0.00000E+00
 -2           0.00000E+00
 -1        15 0.00000E+00 0.00000E+00 0.00000E+00 0.00000E+00 0.00000E+00 0.00000E+00
 -2           0.00000E+00
 -1        16 0.00000E+00 0.00000E+00 0.00000E+00 0.00000E+00 0.00000E+00 0.00000E+00
 -2           0.00000E+00
 -3
    1PSTEP                         8           1           1
  100CL  101 1.00000E+00          16                     0    1           1
 -4  PTFORC      4    1
 -5  F1          1    2    1    0
 -5  F2          1    2    2    0
 -5  F3          1    2    3    0
 -5  ALL         1    2    0    0    1ALL
 -1         1 0.00000E+00 0.00000E+00 0.00000E+00 0.00000E+00
 -1         2 0.00000E+00 0.00000E+00 0.00000E+00 0.00000E+00
 -1         3 0.00000E+00 0.00000E+00 0.00000E+00 0.00000E+00
 -1         4 0.00000E+00 0.00000E+00 0.00000E+00 0.00000E+00
 -1         5 0.00000E+00 0.00000E+00 0.00000E+00 0.00000E+00
 -1         6 0.00000E+00 0.00000E+00 0.00000E+00 0.00000E+00
 -1         7 0.00000E+00 0.00000E+00 0.00000E+00 0.00000E+00
 -1         8 0.00000E+00 0.00000E+00 0.00000E+00 0.00000E+00
 -1         9 0.00000E+00 0.00000E+00 0.00000E+00 0.00000E+00
 -1        10 0.00000E+00 0.00000E+00 0.00000E+00 0.00000E+00
 -1        11 0.00000E+00 0.00000E+00 0.00000E+00 0.00000E+00
 -1        12 0.00000E+00 0.00000E+00 0.00000E+00 0.00000E+00
 -1        13 0.00000E+00 0.00000E+00 0.00000E+00 0.00000E+00
 -1        14 0.00000E+00 0.00000E+00 0.00000E+00 0.00000E+00
 -1        15 0.00000E+00 0.00000E+00 0.00000E+00 0.00000E+00
 -1        16 0.00000E+00 0.00000E+00 0.00000E+00 0.00000E+00
 -3
    1PSTEP                         9           1           1
  100CL  101 1.00000E+00          16                     0    1           1
 -4  FORC        7    1
 -5  F1          1    2    1    0
 -5  F2          1    2    2    0
 -5  F3          1    2    3    0
 -5  F4          1    1    4    0
 -5  F5          1    1    5    0
 -5  F6          1    1    6    0
 -5  ALL         1    2    0    0    1ALL
 -1         1 1.61929E-01 5.33016E+02 3.24993E-02 0.00000E+00 0.00000E+00 0.00000E+00
 -2           5.33016E+02
 -1         2-1.61929E-01 5.33016E+02 3.24993E-02 0.00000E+00 0.00000E+00 0.00000E+00
 -2           5.33016E+02
 -1         3-1.61929E-01-5.33016E+02 3.24993E-02 0.00000E+00 0.00000E+00 0.00000E+00
 -2           5.33016E+02
 -1         4 1.61929E-01-5.33016E+02 3.24993E-02 0.00000E+00 0.00000E+00 0.00000E+00
 -2           5.33016E+02
 -1         5 1.61929E-01 5.33016E+02-3.24993E-02 0.00000E+00 0.00000E+00 0.00000E+00
 -2           5.33016E+02
 -1         6-1.61929E-01 5.33016E+02-3.24993E-02 0.00000E+00 0.00000E+00 0.00000E+00
 -2           5.33016E+02
 -1         7-1.61929E-01-5.33016E+02-3.24993E-02 0.00000E+00 0.00000E+00 0.00000E+00
 -2           5.33016E+02
 -1         8 1.61929E-01-5.33016E+02-3.24993E-02 0.00000E+00 0.00000E+00 0.00000E+00
 -2           5.33016E+02
 -1         9 0.00000E+00 0.00000E+00 0.00000E+00 0.00000E+00 0.00000E+00 0.00000E+00
 -2           0.00000E+00
 -1        10 0.00000E+00 0.00000E+00 0.00000E+00 0.00000E+00 0.00000E+00 0.00000E+00
 -2           0.00000E+00
 -1        11 0.00000E+00 0.00000E+00 0.00000E+00 0.00000E+00 0.00000E+00 0.00000E+00
 -2           0.00000E+00
 -1        12 0.00000E+00 0.00000E+00 0.00000E+00 0.00000E+00 0.00000E+00 0.00000E+00
 -2           0.00000E+00
 -1        13 0.00000E+00 0.00000E+00 0.00000E+00 0.00000E+00 0.00000E+00 0.00000E+00
 -2           0.00000E+00
 -1        14 0.00000E+00 0.00000E+00 0.00000E+00 0.00000E+00 0.00000E+00 0.00000E+00
 -2           0.00000E+00
 -1        15 0.00000E+00 0.00000E+00 0.00000E+00 0.00000E+00 0.00000E+00 0.00000E+00
 -2           0.00000E+00
 -1        16 0.00000E+00 0.00000E+00 0.00000E+00 0.00000E+00 0.00000E+00 0.00000E+00
 -2           0.00000E+00
 -3
 9999
